Component: ARM Compiler 5.06 update 7 (build 960) Tool: armlink [4d3601]

==============================================================================

Section Cross References

    main.o(i.SystemClock_Config) refers to memseta.o(.text) for __aeabi_memclr4
    main.o(i.SystemClock_Config) refers to stm32f1xx_hal_rcc.o(i.HAL_RCC_OscConfig) for HAL_RCC_OscConfig
    main.o(i.SystemClock_Config) refers to stm32f1xx_hal_rcc.o(i.HAL_RCC_ClockConfig) for HAL_RCC_ClockConfig
    main.o(i.main) refers to stm32f1xx_hal.o(i.HAL_Init) for HAL_Init
    main.o(i.main) refers to main.o(i.SystemClock_Config) for SystemClock_Config
    main.o(i.main) refers to gpio.o(i.MX_GPIO_Init) for MX_GPIO_Init
    main.o(i.main) refers to dma.o(i.MX_DMA_Init) for MX_DMA_Init
    main.o(i.main) refers to sdio.o(i.MX_SDIO_SD_Init) for MX_SDIO_SD_Init
    main.o(i.main) refers to usart.o(i.MX_USART1_UART_Init) for MX_USART1_UART_Init
    main.o(i.main) refers to usart.o(i.MX_USART2_UART_Init) for MX_USART2_UART_Init
    main.o(i.main) refers to fatfs.o(i.MX_FATFS_Init) for MX_FATFS_Init
    main.o(i.main) refers to cmsis_os2.o(i.osKernelInitialize) for osKernelInitialize
    main.o(i.main) refers to freertos.o(i.MX_FREERTOS_Init) for MX_FREERTOS_Init
    main.o(i.main) refers to cmsis_os2.o(i.osKernelStart) for osKernelStart
    main.o(i.main) refers to sdio.o(.bss) for hsd
    gpio.o(i.MX_GPIO_Init) refers to stm32f1xx_hal_gpio.o(i.HAL_GPIO_WritePin) for HAL_GPIO_WritePin
    gpio.o(i.MX_GPIO_Init) refers to stm32f1xx_hal_gpio.o(i.HAL_GPIO_Init) for HAL_GPIO_Init
    freertos.o(i.MX_FREERTOS_Init) refers to cmsis_os2.o(i.osMutexNew) for osMutexNew
    freertos.o(i.MX_FREERTOS_Init) refers to cmsis_os2.o(i.osThreadNew) for osThreadNew
    freertos.o(i.MX_FREERTOS_Init) refers to freertos.o(.constdata) for .constdata
    freertos.o(i.MX_FREERTOS_Init) refers to freertos.o(.data) for .data
    freertos.o(i.MX_FREERTOS_Init) refers to freertos.o(i.StartDefaultTask) for StartDefaultTask
    freertos.o(i.SD_Test) refers to printfa.o(i.__0printf) for __2printf
    freertos.o(i.SD_Test) refers to ff.o(i.f_mount) for f_mount
    freertos.o(i.SD_Test) refers to freertos.o(i.printf_fatfs_error) for printf_fatfs_error
    freertos.o(i.SD_Test) refers to ff.o(i.f_mkfs) for f_mkfs
    freertos.o(i.SD_Test) refers to cmsis_os2.o(i.osDelay) for osDelay
    freertos.o(i.SD_Test) refers to ff.o(i.f_open) for f_open
    freertos.o(i.SD_Test) refers to ff.o(i.f_close) for f_close
    freertos.o(i.SD_Test) refers to ff_gen_drv.o(i.FATFS_UnLinkDriver) for FATFS_UnLinkDriver
    freertos.o(i.SD_Test) refers to ff.o(i.f_write) for f_write
    freertos.o(i.SD_Test) refers to ff.o(i.f_lseek) for f_lseek
    freertos.o(i.SD_Test) refers to ff.o(i.f_read) for f_read
    freertos.o(i.SD_Test) refers to fatfs.o(.data) for SDPath
    freertos.o(i.SD_Test) refers to freertos.o(.bss) for .bss
    freertos.o(i.SD_Test) refers to freertos.o(.data) for .data
    freertos.o(i.StartDefaultTask) refers to stm32f1xx_hal_gpio.o(i.HAL_GPIO_WritePin) for HAL_GPIO_WritePin
    freertos.o(i.StartDefaultTask) refers to cmsis_os2.o(i.osDelay) for osDelay
    freertos.o(i.StartDefaultTask) refers to stm32f1xx_hal_gpio.o(i.HAL_GPIO_ReadPin) for HAL_GPIO_ReadPin
    freertos.o(i.StartDefaultTask) refers to coco_basics.o(i.App_Printf) for App_Printf
    freertos.o(i.StartDefaultTask) refers to freertos.o(i.SD_Test) for SD_Test
    freertos.o(i.printf_fatfs_error) refers to printfa.o(i.__0printf) for __2printf
    freertos.o(.constdata) refers to freertos.o(.conststring) for .conststring
    dma.o(i.MX_DMA_Init) refers to stm32f1xx_hal_cortex.o(i.HAL_NVIC_SetPriority) for HAL_NVIC_SetPriority
    dma.o(i.MX_DMA_Init) refers to stm32f1xx_hal_cortex.o(i.HAL_NVIC_EnableIRQ) for HAL_NVIC_EnableIRQ
    sdio.o(i.HAL_SD_MspDeInit) refers to stm32f1xx_hal_gpio.o(i.HAL_GPIO_DeInit) for HAL_GPIO_DeInit
    sdio.o(i.HAL_SD_MspDeInit) refers to stm32f1xx_hal_dma.o(i.HAL_DMA_DeInit) for HAL_DMA_DeInit
    sdio.o(i.HAL_SD_MspDeInit) refers to stm32f1xx_hal_cortex.o(i.HAL_NVIC_DisableIRQ) for HAL_NVIC_DisableIRQ
    sdio.o(i.HAL_SD_MspInit) refers to stm32f1xx_hal_gpio.o(i.HAL_GPIO_Init) for HAL_GPIO_Init
    sdio.o(i.HAL_SD_MspInit) refers to stm32f1xx_hal_dma.o(i.HAL_DMA_Init) for HAL_DMA_Init
    sdio.o(i.HAL_SD_MspInit) refers to main.o(i.Error_Handler) for Error_Handler
    sdio.o(i.HAL_SD_MspInit) refers to stm32f1xx_hal_cortex.o(i.HAL_NVIC_SetPriority) for HAL_NVIC_SetPriority
    sdio.o(i.HAL_SD_MspInit) refers to stm32f1xx_hal_cortex.o(i.HAL_NVIC_EnableIRQ) for HAL_NVIC_EnableIRQ
    sdio.o(i.HAL_SD_MspInit) refers to sdio.o(.bss) for .bss
    sdio.o(i.MX_SDIO_SD_Init) refers to sdio.o(.bss) for .bss
    usart.o(i.HAL_UART_MspDeInit) refers to stm32f1xx_hal_gpio.o(i.HAL_GPIO_DeInit) for HAL_GPIO_DeInit
    usart.o(i.HAL_UART_MspInit) refers to stm32f1xx_hal_gpio.o(i.HAL_GPIO_Init) for HAL_GPIO_Init
[...]
    i.sync_window                            0x08006bfc   Section        0  ff.o(i.sync_window)
    sync_window                              0x08006bfd   Thumb Code    96  ff.o(i.sync_window)
    i.uxListRemove                           0x08006c5c   Section        0  list.o(i.uxListRemove)
    i.vApplicationGetIdleTaskMemory          0x08006c84   Section        0  cmsis_os2.o(i.vApplicationGetIdleTaskMemory)
    i.vApplicationGetTimerTaskMemory         0x08006c98   Section        0  cmsis_os2.o(i.vApplicationGetTimerTaskMemory)
    i.vListInitialise                        0x08006cb0   Section        0  list.o(i.vListInitialise)
    i.vListInitialiseItem                    0x08006cc6   Section        0  list.o(i.vListInitialiseItem)
    i.vListInsert                            0x08006ccc   Section        0  list.o(i.vListInsert)
    i.vListInsertEnd                         0x08006cfc   Section        0  list.o(i.vListInsertEnd)
    i.vPortEnterCritical                     0x08006d14   Section        0  port.o(i.vPortEnterCritical)
    i.vPortExitCritical                      0x08006d54   Section        0  port.o(i.vPortExitCritical)
    i.vPortFree                              0x08006d7c   Section        0  heap_4.o(i.vPortFree)
    i.vPortSetupTimerInterrupt               0x08006dd8   Section        0  port.o(i.vPortSetupTimerInterrupt)
    i.vPortValidateInterruptPriority         0x08006dfc   Section        0  port.o(i.vPortValidateInterruptPriority)
    i.vQueueAddToRegistry                    0x08006e50   Section        0  queue.o(i.vQueueAddToRegistry)
    i.vQueueWaitForMessageRestricted         0x08006e78   Section        0  queue.o(i.vQueueWaitForMessageRestricted)
    i.vTaskDelay                             0x08006ebc   Section        0  tasks.o(i.vTaskDelay)
    i.vTaskInternalSetTimeOutState           0x08006f08   Section        0  tasks.o(i.vTaskInternalSetTimeOutState)
    i.vTaskMissedYield                       0x08006f18   Section        0  tasks.o(i.vTaskMissedYield)
    i.vTaskPlaceOnEventList                  0x08006f24   Section        0  tasks.o(i.vTaskPlaceOnEventList)
    i.vTaskPlaceOnEventListRestricted        0x08006f54   Section        0  tasks.o(i.vTaskPlaceOnEventListRestricted)
    i.vTaskPriorityDisinheritAfterTimeout    0x08006f8c   Section        0  tasks.o(i.vTaskPriorityDisinheritAfterTimeout)
    i.vTaskStartScheduler                    0x0800701c   Section        0  tasks.o(i.vTaskStartScheduler)
    i.vTaskSuspendAll                        0x080070a4   Section        0  tasks.o(i.vTaskSuspendAll)
    i.vTaskSwitchContext                     0x080070b4   Section        0  tasks.o(i.vTaskSwitchContext)
    i.validate                               0x08007118   Section        0  ff.o(i.validate)
    validate                                 0x08007119   Thumb Code    44  ff.o(i.validate)
    i.xPortStartScheduler                    0x08007144   Section        0  port.o(i.xPortStartScheduler)
    i.xPortSysTickHandler                    0x080071ec   Section        0  port.o(i.xPortSysTickHandler)
    i.xQueueCreateMutex                      0x08007218   Section        0  queue.o(i.xQueueCreateMutex)
    i.xQueueCreateMutexStatic                0x0800722e   Section        0  queue.o(i.xQueueCreateMutexStatic)
    i.xQueueGenericCreate                    0x08007248   Section        0  queue.o(i.xQueueGenericCreate)
    i.xQueueGenericCreateStatic              0x08007290   Section        0  queue.o(i.xQueueGenericCreateStatic)
    i.xQueueGenericReset                     0x080072f8   Section        0  queue.o(i.xQueueGenericReset)
    i.xQueueGenericSend                      0x08007380   Section        0  queue.o(i.xQueueGenericSend)
    i.xQueueGenericSendFromISR               0x080074e0   Section        0  queue.o(i.xQueueGenericSendFromISR)
    i.xQueueGiveMutexRecursive               0x0800759c   Section        0  queue.o(i.xQueueGiveMutexRecursive)
    i.xQueueReceive                          0x080075dc   Section        0  queue.o(i.xQueueReceive)
    i.xQueueSemaphoreTake                    0x08007714   Section        0  queue.o(i.xQueueSemaphoreTake)
    i.xQueueTakeMutexRecursive               0x0800788c   Section        0  queue.o(i.xQueueTakeMutexRecursive)
    i.xTaskCheckForTimeOut                   0x080078cc   Section        0  tasks.o(i.xTaskCheckForTimeOut)
    i.xTaskCreate                            0x08007940   Section        0  tasks.o(i.xTaskCreate)
    i.xTaskCreateStatic                      0x0800799a   Section        0  tasks.o(i.xTaskCreateStatic)
    i.xTaskGetCurrentTaskHandle              0x080079f0   Section        0  tasks.o(i.xTaskGetCurrentTaskHandle)
    i.xTaskGetSchedulerState                 0x080079fc   Section        0  tasks.o(i.xTaskGetSchedulerState)
    i.xTaskGetTickCount                      0x08007a18   Section        0  tasks.o(i.xTaskGetTickCount)
    i.xTaskIncrementTick                     0x08007a24   Section        0  tasks.o(i.xTaskIncrementTick)
    i.xTaskPriorityDisinherit                0x08007aec   Section        0  tasks.o(i.xTaskPriorityDisinherit)
    i.xTaskPriorityInherit                   0x08007b6c   Section        0  tasks.o(i.xTaskPriorityInherit)
    i.xTaskRemoveFromEventList               0x08007be4   Section        0  tasks.o(i.xTaskRemoveFromEventList)
    i.xTaskResumeAll                         0x08007c54   Section        0  tasks.o(i.xTaskResumeAll)
    i.xTimerCreateTimerTask                  0x08007d18   Section        0  timers.o(i.xTimerCreateTimerTask)
    i.xTimerGenericCommand                   0x08007d78   Section        0  timers.o(i.xTimerGenericCommand)
    .constdata                               0x08007de0   Section       52  freertos.o(.constdata)
    .constdata                               0x08007e14   Section       58  ff.o(.constdata)
    LfnOfs                                   0x08007e14   Data          13  ff.o(.constdata)
    vst                                      0x08007e22   Data          22  ff.o(.constdata)
    cst                                      0x08007e38   Data          22  ff.o(.constdata)
    .constdata                               0x08007e4e   Section    175304  cc936.o(.constdata)
    uni2oem                                  0x08007e4e   Data       87172  cc936.o(.constdata)
    oem2uni                                  0x0801d2d2   Data       87172  cc936.o(.constdata)
    tbl_lower                                0x08032756   Data         480  cc936.o(.constdata)
    tbl_upper                                0x08032936   Data         480  cc936.o(.constdata)
    .constdata                               0x08032b18   Section       20  sd_diskio.o(.constdata)
    .constdata                               0x08032b2c   Section       16  system_stm32f1xx.o(.constdata)
    .constdata                               0x08032b3c   Section        8  system_stm32f1xx.o(.constdata)
    .conststring                             0x08032b44   Section       27  freertos.o(.conststring)
    .data                                    0x20000000   Section       56  freertos.o(.data)
    .data                                    0x20000038   Section       12  stm32f1xx_hal.o(.data)
    .data                                    0x20000044   Section        8  ff.o(.data)
    Fsid                                     0x20000044   Data           2  ff.o(.data)
    FatFs                                    0x20000048   Data           4  ff.o(.data)
    .data                                    0x2000004c   Section        1  sd_diskio.o(.data)
    Stat                                     0x2000004c   Data           1  sd_diskio.o(.data)
    .data                                    0x2000004d   Section        5  fatfs.o(.data)
    .data                                    0x20000054   Section       60  tasks.o(.data)
    pxDelayedTaskList                        0x20000058   Data           4  tasks.o(.data)
    pxOverflowDelayedTaskList                0x2000005c   Data           4  tasks.o(.data)
    uxDeletedTasksWaitingCleanUp             0x20000060   Data           4  tasks.o(.data)
    uxCurrentNumberOfTasks                   0x20000064   Data           4  tasks.o(.data)
    xTickCount                               0x20000068   Data           4  tasks.o(.data)
    uxTopReadyPriority                       0x2000006c   Data           4  tasks.o(.data)
    xSchedulerRunning                        0x20000070   Data           4  tasks.o(.data)
    uxPendedTicks                            0x20000074   Data           4  tasks.o(.data)
    xYieldPending                            0x20000078   Data           4  tasks.o(.data)
    xNumOfOverflows                          0x2000007c   Data           4  tasks.o(.data)
    uxTaskNumber                             0x20000080   Data           4  tasks.o(.data)
    xNextTaskUnblockTime                     0x20000084   Data           4  tasks.o(.data)
    xIdleTaskHandle                          0x20000088   Data           4  tasks.o(.data)
    uxSchedulerSuspended                     0x2000008c   Data           4  tasks.o(.data)
    .data                                    0x20000090   Section       20  timers.o(.data)
    pxCurrentTimerList                       0x20000090   Data           4  timers.o(.data)
    pxOverflowTimerList                      0x20000094   Data           4  timers.o(.data)
    xTimerQueue                              0x20000098   Data           4  timers.o(.data)
    xTimerTaskHandle                         0x2000009c   Data           4  timers.o(.data)
    xLastTime                                0x200000a0   Data           4  timers.o(.data)
    .data                                    0x200000a4   Section        4  cmsis_os2.o(.data)
    KernelState                              0x200000a4   Data           4  cmsis_os2.o(.data)
    .data                                    0x200000a8   Section       24  heap_4.o(.data)
    pxEnd                                    0x200000a8   Data           4  heap_4.o(.data)
    xFreeBytesRemaining                      0x200000ac   Data           4  heap_4.o(.data)
    xMinimumEverFreeBytesRemaining           0x200000b0   Data           4  heap_4.o(.data)
    xBlockAllocatedBit                       0x200000b4   Data           4  heap_4.o(.data)
    xStart                                   0x200000b8   Data           8  heap_4.o(.data)
    .data                                    0x200000c0   Section       12  port.o(.data)
    ucMaxSysCallPriority                     0x200000c0   Data           1  port.o(.data)
    uxCriticalNesting                        0x200000c4   Data           4  port.o(.data)
    ulMaxPRIGROUPValue                       0x200000c8   Data           4  port.o(.data)
    .data                                    0x200000cc   Section        4  system_stm32f1xx.o(.data)
    .data                                    0x200000d0   Section        4  stdout.o(.data)
    .bss                                     0x200000d4   Section     2140  freertos.o(.bss)
    .bss                                     0x20000930   Section      200  sdio.o(.bss)
    .bss                                     0x200009f8   Section      136  usart.o(.bss)
    .bss                                     0x20000a80   Section       24  ff.o(.bss)
    Files                                    0x20000a80   Data          24  ff.o(.bss)
    .bss                                     0x20000a98   Section       12  ff_gen_drv.o(.bss)
    .bss                                     0x20000aa4   Section       64  queue.o(.bss)
    .bss                                     0x20000ae4   Section     1220  tasks.o(.bss)
    pxReadyTasksLists                        0x20000ae4   Data        1120  tasks.o(.bss)
    xDelayedTaskList1                        0x20000f44   Data          20  tasks.o(.bss)
    xDelayedTaskList2                        0x20000f58   Data          20  tasks.o(.bss)
    xPendingReadyList                        0x20000f6c   Data          20  tasks.o(.bss)
    xTasksWaitingTermination                 0x20000f80   Data          20  tasks.o(.bss)
    xSuspendedTaskList                       0x20000f94   Data          20  tasks.o(.bss)
    .bss                                     0x20000fa8   Section      280  timers.o(.bss)
    xActiveTimerList1                        0x20000fa8   Data          20  timers.o(.bss)
    xActiveTimerList2                        0x20000fbc   Data          20  timers.o(.bss)
    xStaticTimerQueue                        0x20000fd0   Data          80  timers.o(.bss)
    ucStaticTimerQueueStorage                0x20001020   Data         160  timers.o(.bss)
    .bss                                     0x200010c0   Section     1720  cmsis_os2.o(.bss)
    Idle_TCB                                 0x200010c0   Data          92  cmsis_os2.o(.bss)
    Idle_Stack                               0x2000111c   Data         512  cmsis_os2.o(.bss)
    Timer_TCB                                0x2000131c   Data          92  cmsis_os2.o(.bss)
    Timer_Stack                              0x20001378   Data        1024  cmsis_os2.o(.bss)
    .bss                                     0x20001778   Section    10240  heap_4.o(.bss)
    ucHeap                                   0x20001778   Data       10240  heap_4.o(.bss)
    STACK                                    0x20003f78   Section     4096  startup_stm32f103xe.o(STACK)

    Global Symbols

    Symbol Name                              Value     Ov Type        Size  Object(Section)

    BuildAttributes$$THM_ISAv4$P$D$K$B$S$PE$A:L22UL41UL21$X:L11$S22US41US21$IEEE1$IW$USESV6$~STKCKD$USESV7$~SHL$OSPACE$ROPI$EBA8$MICROLIB$REQ8$PRES8$EABIv2 0x00000000   Number         0  anon$$obj.o ABSOLUTE
    __ARM_use_no_argv                        0x00000000   Number         0  main.o ABSOLUTE
    _printf_a                                0x00000000   Number         0  stubs.o ABSOLUTE
    _printf_c                                0x00000000   Number         0  stubs.o ABSOLUTE
    _printf_charcount                        0x00000000   Number         0  stubs.o ABSOLUTE
    _printf_d                                0x00000000   Number         0  stubs.o ABSOLUTE
    _printf_e                                0x00000000   Number         0  stubs.o ABSOLUTE
    _printf_f                                0x00000000   Number         0  stubs.o ABSOLUTE
    _printf_flags                            0x00000000   Number         0  stubs.o ABSOLUTE
    _printf_fp_dec                           0x00000000   Number         0  stubs.o ABSOLUTE
    _printf_fp_hex                           0x00000000   Number         0  stubs.o ABSOLUTE
    _printf_g                                0x00000000   Number         0  stubs.o ABSOLUTE
    _printf_i                                0x00000000   Number         0  stubs.o ABSOLUTE
    _printf_int_dec                          0x00000000   Number         0  stubs.o ABSOLUTE
    _printf_l                                0x00000000   Number         0  stubs.o ABSOLUTE
    _printf_lc                               0x00000000   Number         0  stubs.o ABSOLUTE
    _printf_ll                               0x00000000   Number         0  stubs.o ABSOLUTE
    _printf_lld                              0x00000000   Number         0  stubs.o ABSOLUTE
    _printf_lli                              0x00000000   Number         0  stubs.o ABSOLUTE
    _printf_llo                              0x00000000   Number         0  stubs.o ABSOLUTE
    _printf_llu                              0x00000000   Number         0  stubs.o ABSOLUTE
    _printf_llx                              0x00000000   Number         0  stubs.o ABSOLUTE
    _printf_longlong_dec                     0x00000000   Number         0  stubs.o ABSOLUTE
    _printf_longlong_hex                     0x00000000   Number         0  stubs.o ABSOLUTE
    _printf_longlong_oct                     0x00000000   Number         0  stubs.o ABSOLUTE
    _printf_ls                               0x00000000   Number         0  stubs.o ABSOLUTE
    _printf_mbtowc                           0x00000000   Number         0  stubs.o ABSOLUTE
    _printf_n                                0x00000000   Number         0  stubs.o ABSOLUTE
    _printf_o                                0x00000000   Number         0  stubs.o ABSOLUTE
    _printf_p                                0x00000000   Number         0  stubs.o ABSOLUTE
    _printf_percent                          0x00000000   Number         0  stubs.o ABSOLUTE
    _printf_pre_padding                      0x00000000   Number         0  stubs.o ABSOLUTE
    _printf_return_value                     0x00000000   Number         0  stubs.o ABSOLUTE
    _printf_s                                0x00000000   Number         0  stubs.o ABSOLUTE
    _printf_sizespec                         0x00000000   Number         0  stubs.o ABSOLUTE
    _printf_str                              0x00000000   Number         0  stubs.o ABSOLUTE
    _printf_truncate_signed                  0x00000000   Number         0  stubs.o ABSOLUTE
    _printf_truncate_unsigned                0x00000000   Number         0  stubs.o ABSOLUTE
    _printf_u                                0x00000000   Number         0  stubs.o ABSOLUTE
    _printf_wc                               0x00000000   Number         0  stubs.o ABSOLUTE
    _printf_wctomb                           0x00000000   Number         0  stubs.o ABSOLUTE
    _printf_widthprec                        0x00000000   Number         0  stubs.o ABSOLUTE
    _printf_x                                0x00000000   Number         0  stubs.o ABSOLUTE
    __arm_fini_                               - Undefined Weak Reference
    __cpp_initialize__aeabi_                  - Undefined Weak Reference
    __cxa_finalize                            - Undefined Weak Reference
    __decompress                              - Undefined Weak Reference
    _clock_init                               - Undefined Weak Reference
    _microlib_exit                            - Undefined Weak Reference
    __Vectors_Size                           0x00000130   Number         0  startup_stm32f103xe.o ABSOLUTE
    __Vectors                                0x08000000   Data           4  startup_stm32f103xe.o(RESET)
    __Vectors_End                            0x08000130   Data           0  startup_stm32f103xe.o(RESET)
    __main                                   0x08000131   Thumb Code     0  entry.o(.ARM.Collect$$$$00000000)
    _main_stk                                0x08000131   Thumb Code     0  entry2.o(.ARM.Collect$$$$00000001)
    _main_scatterload                        0x08000135   Thumb Code     0  entry5.o(.ARM.Collect$$$$00000004)
    __main_after_scatterload                 0x08000139   Thumb Code     0  entry5.o(.ARM.Collect$$$$00000004)
    _main_clock                              0x08000139   Thumb Code     0  entry7b.o(.ARM.Collect$$$$00000008)
    _main_cpp_init                           0x08000139   Thumb Code     0  entry8b.o(.ARM.Collect$$$$0000000A)
    _main_init                               0x08000139   Thumb Code     0  entry9a.o(.ARM.Collect$$$$0000000B)
    __rt_lib_shutdown_fini                   0x08000141   Thumb Code     0  entry12b.o(.ARM.Collect$$$$0000000E)
    __rt_final_cpp                           0x08000145   Thumb Code     0  entry10a.o(.ARM.Collect$$$$0000000F)
    __rt_final_exit                          0x08000145   Thumb Code     0  entry11a.o(.ARM.Collect$$$$00000011)
    SVC_Handler                              0x08000149   Thumb Code    32  port.o(.emb_text)
    __asm___6_port_c_39a90d8d__prvStartFirstTask 0x0800016d   Thumb Code    28  port.o(.emb_text)
    PendSV_Handler                           0x0800018d   Thumb Code    72  port.o(.emb_text)
    vPortGetIPSR                             0x080001d9   Thumb Code     6  port.o(.emb_text)
    Reset_Handler                            0x080001e1   Thumb Code     8  startup_stm32f103xe.o(.text)
    ADC1_2_IRQHandler                        0x080001fb   Thumb Code     0  startup_stm32f103xe.o(.text)
    ADC3_IRQHandler                          0x080001fb   Thumb Code     0  startup_stm32f103xe.o(.text)
    CAN1_RX1_IRQHandler                      0x080001fb   Thumb Code     0  startup_stm32f103xe.o(.text)
    CAN1_SCE_IRQHandler                      0x080001fb   Thumb Code     0  startup_stm32f103xe.o(.text)
    DMA1_Channel1_IRQHandler                 0x080001fb   Thumb Code     0  startup_stm32f103xe.o(.text)
    DMA1_Channel2_IRQHandler                 0x080001fb   Thumb Code     0  startup_stm32f103xe.o(.text)
    DMA1_Channel3_IRQHandler                 0x080001fb   Thumb Code     0  startup_stm32f103xe.o(.text)
    DMA1_Channel4_IRQHandler                 0x080001fb   Thumb Code     0  startup_stm32f103xe.o(.text)
    DMA1_Channel5_IRQHandler                 0x080001fb   Thumb Code     0  startup_stm32f103xe.o(.text)
    DMA1_Channel6_IRQHandler                 0x080001fb   Thumb Code     0  startup_stm32f103xe.o(.text)
    DMA1_Channel7_IRQHandler                 0x080001fb   Thumb Code     0  startup_stm32f103xe.o(.text)
    DMA2_Channel1_IRQHandler                 0x080001fb   Thumb Code     0  startup_stm32f103xe.o(.text)
    DMA2_Channel2_IRQHandler                 0x080001fb   Thumb Code     0  startup_stm32f103xe.o(.text)
    DMA2_Channel3_IRQHandler                 0x080001fb   Thumb Code     0  startup_stm32f103xe.o(.text)
    EXTI0_IRQHandler                         0x080001fb   Thumb Code     0  startup_stm32f103xe.o(.text)
    EXTI15_10_IRQHandler                     0x080001fb   Thumb Code     0  startup_stm32f103xe.o(.text)
    EXTI1_IRQHandler                         0x080001fb   Thumb Code     0  startup_stm32f103xe.o(.text)
    EXTI2_IRQHandler                         0x080001fb   Thumb Code     0  startup_stm32f103xe.o(.text)
    EXTI3_IRQHandler                         0x080001fb   Thumb Code     0  startup_stm32f103xe.o(.text)
    EXTI4_IRQHandler                         0x080001fb   Thumb Code     0  startup_stm32f103xe.o(.text)
    EXTI9_5_IRQHandler                       0x080001fb   Thumb Code     0  startup_stm32f103xe.o(.text)
    FLASH_IRQHandler                         0x080001fb   Thumb Code     0  startup_stm32f103xe.o(.text)
    FSMC_IRQHandler                          0x080001fb   Thumb Code     0  startup_stm32f103xe.o(.text)
    I2C1_ER_IRQHandler                       0x080001fb   Thumb Code     0  startup_stm32f103xe.o(.text)
    I2C1_EV_IRQHandler                       0x080001fb   Thumb Code     0  startup_stm32f103xe.o(.text)
    I2C2_ER_IRQHandler                       0x080001fb   Thumb Code     0  startup_stm32f103xe.o(.text)
    I2C2_EV_IRQHandler                       0x080001fb   Thumb Code     0  startup_stm32f103xe.o(.text)
    PVD_IRQHandler                           0x080001fb   Thumb Code     0  startup_stm32f103xe.o(.text)
    RCC_IRQHandler                           0x080001fb   Thumb Code     0  startup_stm32f103xe.o(.text)
    RTC_Alarm_IRQHandler                     0x080001fb   Thumb Code     0  startup_stm32f103xe.o(.text)
    RTC_IRQHandler                           0x080001fb   Thumb Code     0  startup_stm32f103xe.o(.text)
    SPI1_IRQHandler                          0x080001fb   Thumb Code     0  startup_stm32f103xe.o(.text)
    SPI2_IRQHandler                          0x080001fb   Thumb Code     0  startup_stm32f103xe.o(.text)
    SPI3_IRQHandler                          0x080001fb   Thumb Code     0  startup_stm32f103xe.o(.text)
    TAMPER_IRQHandler                        0x080001fb   Thumb Code     0  startup_stm32f103xe.o(.text)
    TIM1_BRK_IRQHandler                      0x080001fb   Thumb Code     0  startup_stm32f103xe.o(.text)
    TIM1_CC_IRQHandler                       0x080001fb   Thumb Code     0  startup_stm32f103xe.o(.text)
    TIM1_TRG_COM_IRQHandler                  0x080001fb   Thumb Code     0  startup_stm32f103xe.o(.text)
    TIM1_UP_IRQHandler                       0x080001fb   Thumb Code     0  startup_stm32f103xe.o(.text)
    TIM2_IRQHandler                          0x080001fb   Thumb Code     0  startup_stm32f103xe.o(.text)
    TIM3_IRQHandler                          0x080001fb   Thumb Code     0  startup_stm32f103xe.o(.text)
    TIM4_IRQHandler                          0x080001fb   Thumb Code     0  startup_stm32f103xe.o(.text)
    TIM5_IRQHandler                          0x080001fb   Thumb Code     0  startup_stm32f103xe.o(.text)
    TIM6_IRQHandler                          0x080001fb   Thumb Code     0  startup_stm32f103xe.o(.text)
    TIM7_IRQHandler                          0x080001fb   Thumb Code     0  startup_stm32f103xe.o(.text)
    TIM8_BRK_IRQHandler                      0x080001fb   Thumb Code     0  startup_stm32f103xe.o(.text)
    TIM8_CC_IRQHandler                       0x080001fb   Thumb Code     0  startup_stm32f103xe.o(.text)
    TIM8_TRG_COM_IRQHandler                  0x080001fb   Thumb Code     0  startup_stm32f103xe.o(.text)
    TIM8_UP_IRQHandler                       0x080001fb   Thumb Code     0  startup_stm32f103xe.o(.text)
    UART4_IRQHandler                         0x080001fb   Thumb Code     0  startup_stm32f103xe.o(.text)
    UART5_IRQHandler                         0x080001fb   Thumb Code     0  startup_stm32f103xe.o(.text)
    USART1_IRQHandler                        0x080001fb   Thumb Code     0  startup_stm32f103xe.o(.text)
    USART2_IRQHandler                        0x080001fb   Thumb Code     0  startup_stm32f103xe.o(.text)
    USART3_IRQHandler                        0x080001fb   Thumb Code     0  startup_stm32f103xe.o(.text)
    USBWakeUp_IRQHandler                     0x080001fb   Thumb Code     0  startup_stm32f103xe.o(.text)
    USB_HP_CAN1_TX_IRQHandler                0x080001fb   Thumb Code     0  startup_stm32f103xe.o(.text)
    USB_LP_CAN1_RX0_IRQHandler               0x080001fb   Thumb Code     0  startup_stm32f103xe.o(.text)
    WWDG_IRQHandler                          0x080001fb   Thumb Code     0  startup_stm32f103xe.o(.text)
    __aeabi_llsr                             0x08000205   Thumb Code    32  llushr.o(.text)
    _ll_ushift_r                             0x08000205   Thumb Code     0  llushr.o(.text)
    __aeabi_memcpy                           0x08000225   Thumb Code    36  memcpya.o(.text)
    __aeabi_memcpy4                          0x08000225   Thumb Code     0  memcpya.o(.text)
    __aeabi_memcpy8                          0x08000225   Thumb Code     0  memcpya.o(.text)
    __aeabi_memset                           0x08000249   Thumb Code    14  memseta.o(.text)
    __aeabi_memset4                          0x08000249   Thumb Code     0  memseta.o(.text)
    __aeabi_memset8                          0x08000249   Thumb Code     0  memseta.o(.text)
    __aeabi_memclr                           0x08000257   Thumb Code     4  memseta.o(.text)
    __aeabi_memclr4                          0x08000257   Thumb Code     0  memseta.o(.text)
    __aeabi_memclr8                          0x08000257   Thumb Code     0  memseta.o(.text)
    memset                                   0x0800025b   Thumb Code    18  memseta.o(.text)
    __aeabi_uidiv                            0x0800026d   Thumb Code     0  uidiv.o(.text)
    __aeabi_uidivmod                         0x0800026d   Thumb Code    44  uidiv.o(.text)
    __aeabi_uldivmod                         0x08000299   Thumb Code    98  uldiv.o(.text)
    __I$use$fp                               0x080002fb   Thumb Code     0  iusefp.o(.text)
    __aeabi_dadd                             0x080002fb   Thumb Code   322  dadd.o(.text)
    __aeabi_dsub                             0x0800043d   Thumb Code     6  dadd.o(.text)
    __aeabi_drsub                            0x08000443   Thumb Code     6  dadd.o(.text)
    __aeabi_dmul                             0x08000449   Thumb Code   228  dmul.o(.text)
    __aeabi_ddiv                             0x0800052d   Thumb Code   222  ddiv.o(.text)
    __aeabi_d2ulz                            0x0800060b   Thumb Code    48  dfixul.o(.text)
    __aeabi_cdrcmple                         0x0800063d   Thumb Code    48  cdrcmple.o(.text)
    __scatterload                            0x0800066d   Thumb Code    28  init.o(.text)
    __scatterload_rt2                        0x0800066d   Thumb Code     0  init.o(.text)
    __aeabi_llsl                             0x08000691   Thumb Code    30  llshl.o(.text)
    _ll_shift_l                              0x08000691   Thumb Code     0  llshl.o(.text)
    __aeabi_lasr                             0x080006af   Thumb Code    36  llsshr.o(.text)
    _ll_sshift_r                             0x080006af   Thumb Code     0  llsshr.o(.text)
    _double_round                            0x080006d3   Thumb Code    30  depilogue.o(.text)
    _double_epilogue                         0x080006f1   Thumb Code   156  depilogue.o(.text)
    App_Printf                               0x0800078d   Thumb Code    52  coco_basics.o(i.App_Printf)
    BSP_SD_AbortCallback                     0x080007c9   Thumb Code     2  bsp_driver_sd.o(i.BSP_SD_AbortCallback)
    BSP_SD_GetCardInfo                       0x080007cd   Thumb Code     8  bsp_driver_sd.o(i.BSP_SD_GetCardInfo)
    BSP_SD_GetCardState                      0x080007d9   Thumb Code    20  bsp_driver_sd.o(i.BSP_SD_GetCardState)
    BSP_SD_Init                              0x080007f1   Thumb Code    42  bsp_driver_sd.o(i.BSP_SD_Init)
    BSP_SD_IsDetected                        0x08000821   Thumb Code    14  bsp_driver_sd.o(i.BSP_SD_IsDetected)
    BSP_SD_ReadBlocks                        0x08000831   Thumb Code    26  bsp_driver_sd.o(i.BSP_SD_ReadBlocks)
    BSP_SD_ReadCpltCallback                  0x08000851   Thumb Code     2  bsp_driver_sd.o(i.BSP_SD_ReadCpltCallback)
    BSP_SD_WriteBlocks                       0x08000855   Thumb Code    26  bsp_driver_sd.o(i.BSP_SD_WriteBlocks)
    BSP_SD_WriteCpltCallback                 0x08000875   Thumb Code     2  bsp_driver_sd.o(i.BSP_SD_WriteCpltCallback)
    BusFault_Handler                         0x08000877   Thumb Code     2  stm32f1xx_it.o(i.BusFault_Handler)
    DMA2_Channel4_5_IRQHandler               0x08000879   Thumb Code     6  stm32f1xx_it.o(i.DMA2_Channel4_5_IRQHandler)
    DebugMon_Handler                         0x08000885   Thumb Code     2  stm32f1xx_it.o(i.DebugMon_Handler)
    Error_Handler                            0x08000887   Thumb Code     4  main.o(i.Error_Handler)
    FATFS_LinkDriver                         0x0800088b   Thumb Code     6  ff_gen_drv.o(i.FATFS_LinkDriver)
    FATFS_LinkDriverEx                       0x08000891   Thumb Code    60  ff_gen_drv.o(i.FATFS_LinkDriverEx)
    FATFS_UnLinkDriver                       0x080008d1   Thumb Code     6  ff_gen_drv.o(i.FATFS_UnLinkDriver)
    FATFS_UnLinkDriverEx                     0x080008d9   Thumb Code    48  ff_gen_drv.o(i.FATFS_UnLinkDriverEx)
    HAL_DMA_Abort_IT                         0x0800090d   Thumb Code   296  stm32f1xx_hal_dma.o(i.HAL_DMA_Abort_IT)
    HAL_DMA_IRQHandler                       0x08000a3d   Thumb Code   552  stm32f1xx_hal_dma.o(i.HAL_DMA_IRQHandler)
    HAL_DMA_Init                             0x08000c85   Thumb Code   112  stm32f1xx_hal_dma.o(i.HAL_DMA_Init)
    HAL_Delay                                0x08000d01   Thumb Code    32  stm32f1xx_hal.o(i.HAL_Delay)
    HAL_GPIO_Init                            0x08000d25   Thumb Code   462  stm32f1xx_hal_gpio.o(i.HAL_GPIO_Init)
    HAL_GPIO_ReadPin                         0x08000f1d   Thumb Code    10  stm32f1xx_hal_gpio.o(i.HAL_GPIO_ReadPin)
    HAL_GPIO_WritePin                        0x08000f27   Thumb Code    10  stm32f1xx_hal_gpio.o(i.HAL_GPIO_WritePin)
    HAL_GetTick                              0x08000f31   Thumb Code     6  stm32f1xx_hal.o(i.HAL_GetTick)
    HAL_IncTick                              0x08000f3d   Thumb Code    12  stm32f1xx_hal.o(i.HAL_IncTick)
    HAL_Init                                 0x08000f4d   Thumb Code    32  stm32f1xx_hal.o(i.HAL_Init)
    HAL_InitTick                             0x08000f71   Thumb Code    54  stm32f1xx_hal.o(i.HAL_InitTick)
    HAL_MspInit                              0x08000fb1   Thumb Code    62  stm32f1xx_hal_msp.o(i.HAL_MspInit)
    HAL_NVIC_EnableIRQ                       0x08000ff9   Thumb Code    26  stm32f1xx_hal_cortex.o(i.HAL_NVIC_EnableIRQ)
    HAL_NVIC_SetPriority                     0x08001015   Thumb Code    60  stm32f1xx_hal_cortex.o(i.HAL_NVIC_SetPriority)
    HAL_NVIC_SetPriorityGrouping             0x08001055   Thumb Code    26  stm32f1xx_hal_cortex.o(i.HAL_NVIC_SetPriorityGrouping)
    HAL_RCC_ClockConfig                      0x08001079   Thumb Code   280  stm32f1xx_hal_rcc.o(i.HAL_RCC_ClockConfig)
    HAL_RCC_GetPCLK1Freq                     0x080011a5   Thumb Code    20  stm32f1xx_hal_rcc.o(i.HAL_RCC_GetPCLK1Freq)
    HAL_RCC_GetPCLK2Freq                     0x080011c5   Thumb Code    20  stm32f1xx_hal_rcc.o(i.HAL_RCC_GetPCLK2Freq)
    HAL_RCC_GetSysClockFreq                  0x080011e5   Thumb Code    74  stm32f1xx_hal_rcc.o(i.HAL_RCC_GetSysClockFreq)
    HAL_RCC_OscConfig                        0x08001251   Thumb Code   778  stm32f1xx_hal_rcc.o(i.HAL_RCC_OscConfig)
    HAL_SD_AbortCallback                     0x08001571   Thumb Code     8  bsp_driver_sd.o(i.HAL_SD_AbortCallback)
    HAL_SD_ConfigWideBusOperation            0x08001579   Thumb Code   276  stm32f1xx_hal_sd.o(i.HAL_SD_ConfigWideBusOperation)
    HAL_SD_ErrorCallback                     0x08001691   Thumb Code     2  stm32f1xx_hal_sd.o(i.HAL_SD_ErrorCallback)
    HAL_SD_GetCardCSD                        0x08001695   Thumb Code   402  stm32f1xx_hal_sd.o(i.HAL_SD_GetCardCSD)
    HAL_SD_GetCardInfo                       0x0800182d   Thumb Code    36  stm32f1xx_hal_sd.o(i.HAL_SD_GetCardInfo)
    HAL_SD_GetCardState                      0x08001851   Thumb Code    44  stm32f1xx_hal_sd.o(i.HAL_SD_GetCardState)
    HAL_SD_IRQHandler                        0x0800187d   Thumb Code   496  stm32f1xx_hal_sd.o(i.HAL_SD_IRQHandler)
    HAL_SD_Init                              0x08001a75   Thumb Code    54  stm32f1xx_hal_sd.o(i.HAL_SD_Init)
    HAL_SD_InitCard                          0x08001aad   Thumb Code   108  stm32f1xx_hal_sd.o(i.HAL_SD_InitCard)
    HAL_SD_MspInit                           0x08001b21   Thumb Code   178  sdio.o(i.HAL_SD_MspInit)
    HAL_SD_ReadBlocks                        0x08001bed   Thumb Code   468  stm32f1xx_hal_sd.o(i.HAL_SD_ReadBlocks)
    HAL_SD_RxCpltCallback                    0x08001dc5   Thumb Code     8  bsp_driver_sd.o(i.HAL_SD_RxCpltCallback)
    HAL_SD_TxCpltCallback                    0x08001dcd   Thumb Code     8  bsp_driver_sd.o(i.HAL_SD_TxCpltCallback)
    HAL_SD_WriteBlocks                       0x08001dd5   Thumb Code   422  stm32f1xx_hal_sd.o(i.HAL_SD_WriteBlocks)
    HAL_SYSTICK_Config                       0x08001f81   Thumb Code    40  stm32f1xx_hal_cortex.o(i.HAL_SYSTICK_Config)
    HAL_UART_Init                            0x08001fa9   Thumb Code    98  stm32f1xx_hal_uart.o(i.HAL_UART_Init)
    HAL_UART_MspInit                         0x0800200d   Thumb Code   156  usart.o(i.HAL_UART_MspInit)
    HAL_UART_Transmit                        0x080020b9   Thumb Code   178  stm32f1xx_hal_uart.o(i.HAL_UART_Transmit)
    HardFault_Handler                        0x0800216b   Thumb Code     2  stm32f1xx_it.o(i.HardFault_Handler)
    MX_DMA_Init                              0x0800216d   Thumb Code    40  dma.o(i.MX_DMA_Init)
    MX_FATFS_Init                            0x08002199   Thumb Code    18  fatfs.o(i.MX_FATFS_Init)
    MX_FREERTOS_Init                         0x080021b5   Thumb Code    28  freertos.o(i.MX_FREERTOS_Init)
    MX_GPIO_Init                             0x080021dd   Thumb Code   234  gpio.o(i.MX_GPIO_Init)
    MX_SDIO_SD_Init                          0x080022dd   Thumb Code    28  sdio.o(i.MX_SDIO_SD_Init)
    MX_USART1_UART_Init                      0x08002301   Thumb Code    48  usart.o(i.MX_USART1_UART_Init)
    MX_USART2_UART_Init                      0x08002339   Thumb Code    48  usart.o(i.MX_USART2_UART_Init)
    MemManage_Handler                        0x08002371   Thumb Code     2  stm32f1xx_it.o(i.MemManage_Handler)
    NMI_Handler                              0x08002373   Thumb Code     2  stm32f1xx_it.o(i.NMI_Handler)
    SDIO_ConfigData                          0x08002375   Thumb Code    36  stm32f1xx_ll_sdmmc.o(i.SDIO_ConfigData)
    SDIO_GetPowerState                       0x08002399   Thumb Code     8  stm32f1xx_ll_sdmmc.o(i.SDIO_GetPowerState)
    SDIO_GetResponse                         0x080023a1   Thumb Code     6  stm32f1xx_ll_sdmmc.o(i.SDIO_GetResponse)
    SDIO_IRQHandler                          0x080023a9   Thumb Code     6  stm32f1xx_it.o(i.SDIO_IRQHandler)
    SDIO_Init                                0x080023b5   Thumb Code    36  stm32f1xx_ll_sdmmc.o(i.SDIO_Init)
    SDIO_PowerState_ON                       0x080023d9   Thumb Code    16  stm32f1xx_ll_sdmmc.o(i.SDIO_PowerState_ON)
    SDIO_ReadFIFO                            0x080023e9   Thumb Code     6  stm32f1xx_ll_sdmmc.o(i.SDIO_ReadFIFO)
    SDIO_SendCommand                         0x080023ef   Thumb Code    32  stm32f1xx_ll_sdmmc.o(i.SDIO_SendCommand)
    SDIO_WriteFIFO                           0x0800240f   Thumb Code    10  stm32f1xx_ll_sdmmc.o(i.SDIO_WriteFIFO)
    SDMMC_CmdAppCommand                      0x08002419   Thumb Code    50  stm32f1xx_ll_sdmmc.o(i.SDMMC_CmdAppCommand)
    SDMMC_CmdAppOperCommand                  0x0800244d   Thumb Code    48  stm32f1xx_ll_sdmmc.o(i.SDMMC_CmdAppOperCommand)
    SDMMC_CmdBlockLength                     0x08002481   Thumb Code    50  stm32f1xx_ll_sdmmc.o(i.SDMMC_CmdBlockLength)
    SDMMC_CmdBusWidth                        0x080024b3   Thumb Code    50  stm32f1xx_ll_sdmmc.o(i.SDMMC_CmdBusWidth)
    SDMMC_CmdGoIdleState                     0x080024e5   Thumb Code    74  stm32f1xx_ll_sdmmc.o(i.SDMMC_CmdGoIdleState)
    SDMMC_CmdOperCond                        0x08002535   Thumb Code   112  stm32f1xx_ll_sdmmc.o(i.SDMMC_CmdOperCond)
    SDMMC_CmdReadMultiBlock                  0x080025a9   Thumb Code    50  stm32f1xx_ll_sdmmc.o(i.SDMMC_CmdReadMultiBlock)
    SDMMC_CmdReadSingleBlock                 0x080025db   Thumb Code    50  stm32f1xx_ll_sdmmc.o(i.SDMMC_CmdReadSingleBlock)
    SDMMC_CmdSelDesel                        0x0800260d   Thumb Code    50  stm32f1xx_ll_sdmmc.o(i.SDMMC_CmdSelDesel)
    SDMMC_CmdSendCID                         0x0800263f   Thumb Code    44  stm32f1xx_ll_sdmmc.o(i.SDMMC_CmdSendCID)
    SDMMC_CmdSendCSD                         0x0800266b   Thumb Code    44  stm32f1xx_ll_sdmmc.o(i.SDMMC_CmdSendCSD)
    SDMMC_CmdSendSCR                         0x08002697   Thumb Code    48  stm32f1xx_ll_sdmmc.o(i.SDMMC_CmdSendSCR)
    SDMMC_CmdSendStatus                      0x080026c7   Thumb Code    50  stm32f1xx_ll_sdmmc.o(i.SDMMC_CmdSendStatus)
    SDMMC_CmdSetRelAdd                       0x080026f9   Thumb Code    48  stm32f1xx_ll_sdmmc.o(i.SDMMC_CmdSetRelAdd)
    SDMMC_CmdStopTransfer                    0x08002729   Thumb Code    46  stm32f1xx_ll_sdmmc.o(i.SDMMC_CmdStopTransfer)
    SDMMC_CmdWriteMultiBlock                 0x0800275d   Thumb Code    50  stm32f1xx_ll_sdmmc.o(i.SDMMC_CmdWriteMultiBlock)
    SDMMC_CmdWriteSingleBlock                0x0800278f   Thumb Code    50  stm32f1xx_ll_sdmmc.o(i.SDMMC_CmdWriteSingleBlock)
    SD_Test                                  0x08002d01   Thumb Code   352  freertos.o(i.SD_Test)
    SD_initialize                            0x080030d5   Thumb Code    26  sd_diskio.o(i.SD_initialize)
    SD_ioctl                                 0x080030f5   Thumb Code    74  sd_diskio.o(i.SD_ioctl)
    SD_read                                  0x08003145   Thumb Code    52  sd_diskio.o(i.SD_read)
    SD_status                                0x08003181   Thumb Code    26  sd_diskio.o(i.SD_status)
    SD_write                                 0x080031a1   Thumb Code    52  sd_diskio.o(i.SD_write)
    StartDefaultTask                         0x080031dd   Thumb Code   260  freertos.o(i.StartDefaultTask)
    SysTick_Handler                          0x08003309   Thumb Code    24  stm32f1xx_it.o(i.SysTick_Handler)
    SystemClock_Config                       0x08003321   Thumb Code    94  main.o(i.SystemClock_Config)
    SystemInit                               0x0800337f   Thumb Code     2  system_stm32f1xx.o(i.SystemInit)
    UsageFault_Handler                       0x0800349d   Thumb Code     2  stm32f1xx_it.o(i.UsageFault_Handler)
    __0printf                                0x080034a1   Thumb Code    22  printfa.o(i.__0printf)
    __1printf                                0x080034a1   Thumb Code     0  printfa.o(i.__0printf)
    __2printf                                0x080034a1   Thumb Code     0  printfa.o(i.__0printf)
    __c89printf                              0x080034a1   Thumb Code     0  printfa.o(i.__0printf)
    printf                                   0x080034a1   Thumb Code     0  printfa.o(i.__0printf)
    __0vsnprintf                             0x080034c1   Thumb Code    46  printfa.o(i.__0vsnprintf)
    __1vsnprintf                             0x080034c1   Thumb Code     0  printfa.o(i.__0vsnprintf)
    __2vsnprintf                             0x080034c1   Thumb Code     0  printfa.o(i.__0vsnprintf)
    __c89vsnprintf                           0x080034c1   Thumb Code     0  printfa.o(i.__0vsnprintf)
    vsnprintf                                0x080034c1   Thumb Code     0  printfa.o(i.__0vsnprintf)
    __scatterload_copy                       0x08003515   Thumb Code    14  handlers.o(i.__scatterload_copy)
    __scatterload_null                       0x08003523   Thumb Code     2  handlers.o(i.__scatterload_null)
    __scatterload_zeroinit                   0x08003525   Thumb Code    14  handlers.o(i.__scatterload_zeroinit)
    clust2sect                               0x08003f17   Thumb Code    30  ff.o(i.clust2sect)
    disk_initialize                          0x080046f5   Thumb Code    36  diskio.o(i.disk_initialize)
    disk_ioctl                               0x0800471d   Thumb Code    24  diskio.o(i.disk_ioctl)
    disk_read                                0x08004739   Thumb Code    24  diskio.o(i.disk_read)
    disk_status                              0x08004755   Thumb Code    18  diskio.o(i.disk_status)
    disk_write                               0x0800476d   Thumb Code    24  diskio.o(i.disk_write)
    f_close                                  0x08004789   Thumb Code    82  ff.o(i.f_close)
    f_lseek                                  0x080047e1   Thumb Code   644  ff.o(i.f_lseek)
    f_mkfs                                   0x08004a65   Thumb Code  1334  ff.o(i.f_mkfs)
    f_mount                                  0x08004f9d   Thumb Code    88  ff.o(i.f_mount)
    f_open                                   0x08004ff9   Thumb Code   532  ff.o(i.f_open)
    f_read                                   0x08005211   Thumb Code   396  ff.o(i.f_read)
    f_sync                                   0x0800539d   Thumb Code   184  ff.o(i.f_sync)
    f_write                                  0x08005455   Thumb Code   470  ff.o(i.f_write)
    ff_convert                               0x0800562d   Thumb Code    68  cc936.o(i.ff_convert)
    ff_wtoupper                              0x08005679   Thumb Code    28  cc936.o(i.ff_wtoupper)
    fputc                                    0x080059e1   Thumb Code    18  coco_basics.o(i.fputc)
    get_fat                                  0x08005a85   Thumb Code   204  ff.o(i.get_fat)
    get_fattime                              0x08005b51   Thumb Code     4  fatfs.o(i.get_fattime)
    main                                     0x08005c45   Thumb Code    52  main.o(i.main)
    osDelay                                  0x08005cd5   Thumb Code    46  cmsis_os2.o(i.osDelay)
    osKernelInitialize                       0x08005d09   Thumb Code    50  cmsis_os2.o(i.osKernelInitialize)
    osKernelStart                            0x08005d41   Thumb Code    58  cmsis_os2.o(i.osKernelStart)
    osMutexAcquire                           0x08005d81   Thumb Code   104  cmsis_os2.o(i.osMutexAcquire)
    osMutexNew                               0x08005ded   Thumb Code   124  cmsis_os2.o(i.osMutexNew)
    osMutexRelease                           0x08005e6d   Thumb Code    88  cmsis_os2.o(i.osMutexRelease)
    osThreadNew                              0x08005ec9   Thumb Code   160  cmsis_os2.o(i.osThreadNew)
    put_fat                                  0x08006913   Thumb Code   246  ff.o(i.put_fat)
    pvPortMalloc                             0x08006a09   Thumb Code   210  heap_4.o(i.pvPortMalloc)
    pvTaskIncrementMutexHeldCount            0x08006ae1   Thumb Code    18  tasks.o(i.pvTaskIncrementMutexHeldCount)
    pxPortInitialiseStack                    0x08006af9   Thumb Code    32  port.o(i.pxPortInitialiseStack)
    uxListRemove                             0x08006c5d   Thumb Code    38  list.o(i.uxListRemove)
    vApplicationGetIdleTaskMemory            0x08006c85   Thumb Code    16  cmsis_os2.o(i.vApplicationGetIdleTaskMemory)
    vApplicationGetTimerTaskMemory           0x08006c99   Thumb Code    18  cmsis_os2.o(i.vApplicationGetTimerTaskMemory)
    vListInitialise                          0x08006cb1   Thumb Code    22  list.o(i.vListInitialise)
    vListInitialiseItem                      0x08006cc7   Thumb Code     6  list.o(i.vListInitialiseItem)
    vListInsert                              0x08006ccd   Thumb Code    48  list.o(i.vListInsert)
    vListInsertEnd                           0x08006cfd   Thumb Code    24  list.o(i.vListInsertEnd)
    vPortEnterCritical                       0x08006d15   Thumb Code    54  port.o(i.vPortEnterCritical)
    vPortExitCritical                        0x08006d55   Thumb Code    34  port.o(i.vPortExitCritical)
    vPortFree                                0x08006d7d   Thumb Code    88  heap_4.o(i.vPortFree)
    vPortSetupTimerInterrupt                 0x08006dd9   Thumb Code    32  port.o(i.vPortSetupTimerInterrupt)
    vPortValidateInterruptPriority           0x08006dfd   Thumb Code    74  port.o(i.vPortValidateInterruptPriority)
    vQueueAddToRegistry                      0x08006e51   Thumb Code    34  queue.o(i.vQueueAddToRegistry)
    vQueueWaitForMessageRestricted           0x08006e79   Thumb Code    68  queue.o(i.vQueueWaitForMessageRestricted)
    vTaskDelay                               0x08006ebd   Thumb Code    66  tasks.o(i.vTaskDelay)
    vTaskInternalSetTimeOutState             0x08006f09   Thumb Code    12  tasks.o(i.vTaskInternalSetTimeOutState)
    vTaskMissedYield                         0x08006f19   Thumb Code     8  tasks.o(i.vTaskMissedYield)
    vTaskPlaceOnEventList                    0x08006f25   Thumb Code    44  tasks.o(i.vTaskPlaceOnEventList)
    vTaskPlaceOnEventListRestricted          0x08006f55   Thumb Code    52  tasks.o(i.vTaskPlaceOnEventListRestricted)
    vTaskPriorityDisinheritAfterTimeout      0x08006f8d   Thumb Code   134  tasks.o(i.vTaskPriorityDisinheritAfterTimeout)
    vTaskStartScheduler                      0x0800701d   Thumb Code   118  tasks.o(i.vTaskStartScheduler)
    vTaskSuspendAll                          0x080070a5   Thumb Code    10  tasks.o(i.vTaskSuspendAll)
    vTaskSwitchContext                       0x080070b5   Thumb Code    90  tasks.o(i.vTaskSwitchContext)
    xPortStartScheduler                      0x08007145   Thumb Code   154  port.o(i.xPortStartScheduler)
    xPortSysTickHandler                      0x080071ed   Thumb Code    38  port.o(i.xPortSysTickHandler)
    xQueueCreateMutex                        0x08007219   Thumb Code    22  queue.o(i.xQueueCreateMutex)
    xQueueCreateMutexStatic                  0x0800722f   Thumb Code    26  queue.o(i.xQueueCreateMutexStatic)
    xQueueGenericCreate                      0x08007249   Thumb Code    72  queue.o(i.xQueueGenericCreate)
    xQueueGenericCreateStatic                0x08007291   Thumb Code   102  queue.o(i.xQueueGenericCreateStatic)
    xQueueGenericReset                       0x080072f9   Thumb Code   132  queue.o(i.xQueueGenericReset)
    xQueueGenericSend                        0x08007381   Thumb Code   346  queue.o(i.xQueueGenericSend)
    xQueueGenericSendFromISR                 0x080074e1   Thumb Code   188  queue.o(i.xQueueGenericSendFromISR)
    xQueueGiveMutexRecursive                 0x0800759d   Thumb Code    62  queue.o(i.xQueueGiveMutexRecursive)
    xQueueReceive                            0x080075dd   Thumb Code   308  queue.o(i.xQueueReceive)
    xQueueSemaphoreTake                      0x08007715   Thumb Code   372  queue.o(i.xQueueSemaphoreTake)
    xQueueTakeMutexRecursive                 0x0800788d   Thumb Code    64  queue.o(i.xQueueTakeMutexRecursive)
    xTaskCheckForTimeOut                     0x080078cd   Thumb Code   112  tasks.o(i.xTaskCheckForTimeOut)
    xTaskCreate                              0x08007941   Thumb Code    90  tasks.o(i.xTaskCreate)
    xTaskCreateStatic                        0x0800799b   Thumb Code    86  tasks.o(i.xTaskCreateStatic)
    xTaskGetCurrentTaskHandle                0x080079f1   Thumb Code     6  tasks.o(i.xTaskGetCurrentTaskHandle)
    xTaskGetSchedulerState                   0x080079fd   Thumb Code    22  tasks.o(i.xTaskGetSchedulerState)
    xTaskGetTickCount                        0x08007a19   Thumb Code     6  tasks.o(i.xTaskGetTickCount)
    xTaskIncrementTick                       0x08007a25   Thumb Code   190  tasks.o(i.xTaskIncrementTick)
    xTaskPriorityDisinherit                  0x08007aed   Thumb Code   118  tasks.o(i.xTaskPriorityDisinherit)
    xTaskPriorityInherit                     0x08007b6d   Thumb Code   112  tasks.o(i.xTaskPriorityInherit)
    xTaskRemoveFromEventList                 0x08007be5   Thumb Code    98  tasks.o(i.xTaskRemoveFromEventList)
    xTaskResumeAll                           0x08007c55   Thumb Code   182  tasks.o(i.xTaskResumeAll)
    xTimerCreateTimerTask                    0x08007d19   Thumb Code    78  timers.o(i.xTimerCreateTimerTask)
    xTimerGenericCommand                     0x08007d79   Thumb Code    98  timers.o(i.xTimerGenericCommand)
    defaultTask_attributes                   0x08007de0   Data          36  freertos.o(.constdata)
    AppPrintfMutex_attributes                0x08007e04   Data          16  freertos.o(.constdata)
    SD_Driver                                0x08032b18   Data          20  sd_diskio.o(.constdata)
    AHBPrescTable                            0x08032b2c   Data          16  system_stm32f1xx.o(.constdata)
    APBPrescTable                            0x08032b3c   Data           8  system_stm32f1xx.o(.constdata)
    Region$$Table$$Base                      0x08032b60   Number         0  anon$$obj.o(Region$$Table)
    Region$$Table$$Limit                     0x08032b80   Number         0  anon$$obj.o(Region$$Table)
    f_res                                    0x20000000   Data           1  freertos.o(.data)
    fnum                                     0x20000004   Data           4  freertos.o(.data)
    defaultTaskHandle                        0x20000008   Data           4  freertos.o(.data)
    AppPrintfMutexHandle                     0x2000000c   Data           4  freertos.o(.data)
    WriteBuffer                              0x20000010   Data          40  freertos.o(.data)
    uwTickFreq                               0x20000038   Data           1  stm32f1xx_hal.o(.data)
    uwTickPrio                               0x2000003c   Data           4  stm32f1xx_hal.o(.data)
    uwTick                                   0x20000040   Data           4  stm32f1xx_hal.o(.data)
    retSD                                    0x2000004d   Data           1  fatfs.o(.data)
    SDPath                                   0x2000004e   Data           4  fatfs.o(.data)
    pxCurrentTCB                             0x20000054   Data           4  tasks.o(.data)
    SystemCoreClock                          0x200000cc   Data           4  system_stm32f1xx.o(.data)
    __stdout                                 0x200000d0   Data           4  stdout.o(.data)
    ReadBuffer                               0x200000d4   Data        1024  freertos.o(.bss)
    fs                                       0x200004d4   Data         560  freertos.o(.bss)
    file                                     0x20000704   Data         556  freertos.o(.bss)
    hsd                                      0x20000930   Data         132  sdio.o(.bss)
    hdma_sdio                                0x200009b4   Data          68  sdio.o(.bss)
    huart1                                   0x200009f8   Data          68  usart.o(.bss)
    huart2                                   0x20000a3c   Data          68  usart.o(.bss)
    disk                                     0x20000a98   Data          12  ff_gen_drv.o(.bss)
    xQueueRegistry                           0x20000aa4   Data          64  queue.o(.bss)
    __initial_sp                             0x20004f78   Data           0  startup_stm32f103xe.o(STACK)



==============================================================================

Memory Map of the image

  Image Entry point : 0x08000131

  Load Region LR_IROM1 (Base: 0x08000000, Size: 0x00032c54, Max: 0x00080000, ABSOLUTE)

    Execution Region ER_IROM1 (Exec base: 0x08000000, Load base: 0x08000000, Size: 0x00032b80, Max: 0x00080000, ABSOLUTE)

    Exec Addr    Load Addr    Size         Type   Attr      Idx    E Section Name        Object

    0x08000000   0x08000000   0x00000130   Data   RO         4882    RESET               startup_stm32f103xe.o
    0x08000130   0x08000130   0x00000000   Code   RO         4887  * .ARM.Collect$$$$00000000  mc_w.l(entry.o)
    0x08000130   0x08000130   0x00000004   Code   RO         5163    .ARM.Collect$$$$00000001  mc_w.l(entry2.o)
    0x08000134   0x08000134   0x00000004   Code   RO         5166    .ARM.Collect$$$$00000004  mc_w.l(entry5.o)
    0x08000138   0x08000138   0x00000000   Code   RO         5168    .ARM.Collect$$$$00000008  mc_w.l(entry7b.o)
    0x08000138   0x08000138   0x00000000   Code   RO         5170    .ARM.Collect$$$$0000000A  mc_w.l(entry8b.o)
    0x08000138   0x08000138   0x00000008   Code   RO         5171    .ARM.Collect$$$$0000000B  mc_w.l(entry9a.o)
    0x08000140   0x08000140   0x00000004   Code   RO         5178    .ARM.Collect$$$$0000000E  mc_w.l(entry12b.o)
    0x08000144   0x08000144   0x00000000   Code   RO         5173    .ARM.Collect$$$$0000000F  mc_w.l(entry10a.o)
    0x08000144   0x08000144   0x00000000   Code   RO         5175    .ARM.Collect$$$$00000011  mc_w.l(entry11a.o)
    0x08000144   0x08000144   0x00000004   Code   RO         5164    .ARM.Collect$$$$00002712  mc_w.l(entry2.o)
    0x08000148   0x08000148   0x00000096   Code   RO         4765    .emb_text           port.o
    0x080001de   0x080001de   0x00000002   PAD
    0x080001e0   0x080001e0   0x00000024   Code   RO         4883    .text               startup_stm32f103xe.o
    0x08000204   0x08000204   0x00000020   Code   RO         4890    .text               mc_w.l(llushr.o)
    0x08000224   0x08000224   0x00000024   Code   RO         4892    .text               mc_w.l(memcpya.o)
    0x08000248   0x08000248   0x00000024   Code   RO         4896    .text               mc_w.l(memseta.o)
    0x0800026c   0x0800026c   0x0000002c   Code   RO         5180    .text               mc_w.l(uidiv.o)
    0x08000298   0x08000298   0x00000062   Code   RO         5182    .text               mc_w.l(uldiv.o)
    0x080002fa   0x080002fa   0x00000000   Code   RO         5184    .text               mc_w.l(iusefp.o)
    0x080002fa   0x080002fa   0x0000014e   Code   RO         5185    .text               mf_w.l(dadd.o)
    0x08000448   0x08000448   0x000000e4   Code   RO         5187    .text               mf_w.l(dmul.o)
    0x0800052c   0x0800052c   0x000000de   Code   RO         5189    .text               mf_w.l(ddiv.o)
    0x0800060a   0x0800060a   0x00000030   Code   RO         5191    .text               mf_w.l(dfixul.o)
    0x0800063a   0x0800063a   0x00000002   PAD
    0x0800063c   0x0800063c   0x00000030   Code   RO         5193    .text               mf_w.l(cdrcmple.o)
    0x0800066c   0x0800066c   0x00000024   Code   RO         5195    .text               mc_w.l(init.o)
    0x08000690   0x08000690   0x0000001e   Code   RO         5197    .text               mc_w.l(llshl.o)
    0x080006ae   0x080006ae   0x00000024   Code   RO         5199    .text               mc_w.l(llsshr.o)
    0x080006d2   0x080006d2   0x000000ba   Code   RO         5201    .text               mf_w.l(depilogue.o)
    0x0800078c   0x0800078c   0x0000003c   Code   RO          662    i.App_Printf        coco_basics.o
    0x080007c8   0x080007c8   0x00000002   Code   RO         3120    i.BSP_SD_AbortCallback  bsp_driver_sd.o
    0x080007ca   0x080007ca   0x00000002   PAD
    0x080007cc   0x080007cc   0x0000000c   Code   RO         3123    i.BSP_SD_GetCardInfo  bsp_driver_sd.o
    0x080007d8   0x080007d8   0x00000018   Code   RO         3124    i.BSP_SD_GetCardState  bsp_driver_sd.o
    0x080007f0   0x080007f0   0x00000030   Code   RO         3126    i.BSP_SD_Init       bsp_driver_sd.o
    0x08000820   0x08000820   0x0000000e   Code   RO         3127    i.BSP_SD_IsDetected  bsp_driver_sd.o
    0x0800082e   0x0800082e   0x00000002   PAD
    0x08000830   0x08000830   0x00000020   Code   RO         3128    i.BSP_SD_ReadBlocks  bsp_driver_sd.o
    0x08000850   0x08000850   0x00000002   Code   RO         3130    i.BSP_SD_ReadCpltCallback  bsp_driver_sd.o
    0x08000852   0x08000852   0x00000002   PAD
    0x08000854   0x08000854   0x00000020   Code   RO         3131    i.BSP_SD_WriteBlocks  bsp_driver_sd.o
    0x08000874   0x08000874   0x00000002   Code   RO         3133    i.BSP_SD_WriteCpltCallback  bsp_driver_sd.o
    0x08000876   0x08000876   0x00000002   Code   RO          562    i.BusFault_Handler  stm32f1xx_it.o
    0x08000878   0x08000878   0x0000000c   Code   RO          563    i.DMA2_Channel4_5_IRQHandler  stm32f1xx_it.o
    0x08000884   0x08000884   0x00000002   Code   RO          564    i.DebugMon_Handler  stm32f1xx_it.o
    0x08000886   0x08000886   0x00000004   Code   RO          181    i.Error_Handler     main.o
    0x0800088a   0x0800088a   0x00000006   Code   RO         2912    i.FATFS_LinkDriver  ff_gen_drv.o
    0x08000890   0x08000890   0x00000040   Code   RO         2913    i.FATFS_LinkDriverEx  ff_gen_drv.o
    0x080008d0   0x080008d0   0x00000006   Code   RO         2914    i.FATFS_UnLinkDriver  ff_gen_drv.o
    0x080008d6   0x080008d6   0x00000002   PAD
    0x080008d8   0x080008d8   0x00000034   Code   RO         2915    i.FATFS_UnLinkDriverEx  ff_gen_drv.o
    0x0800090c   0x0800090c   0x00000130   Code   RO         1131    i.HAL_DMA_Abort_IT  stm32f1xx_hal_dma.o
    0x08000a3c   0x08000a3c   0x00000248   Code   RO         1135    i.HAL_DMA_IRQHandler  stm32f1xx_hal_dma.o
    0x08000c84   0x08000c84   0x0000007c   Code   RO         1136    i.HAL_DMA_Init      stm32f1xx_hal_dma.o
    0x08000d00   0x08000d00   0x00000024   Code   RO          758    i.HAL_Delay         stm32f1xx_hal.o
    0x08000d24   0x08000d24   0x000001f8   Code   RO         1066    i.HAL_GPIO_Init     stm32f1xx_hal_gpio.o
    0x08000f1c   0x08000f1c   0x0000000a   Code   RO         1068    i.HAL_GPIO_ReadPin  stm32f1xx_hal_gpio.o
    0x08000f26   0x08000f26   0x0000000a   Code   RO         1070    i.HAL_GPIO_WritePin  stm32f1xx_hal_gpio.o
    0x08000f30   0x08000f30   0x0000000c   Code   RO          762    i.HAL_GetTick       stm32f1xx_hal.o
    0x08000f3c   0x08000f3c   0x00000010   Code   RO          768    i.HAL_IncTick       stm32f1xx_hal.o
    0x08000f4c   0x08000f4c   0x00000024   Code   RO          769    i.HAL_Init          stm32f1xx_hal.o
    0x08000f70   0x08000f70   0x00000040   Code   RO          770    i.HAL_InitTick      stm32f1xx_hal.o
    0x08000fb0   0x08000fb0   0x00000048   Code   RO          638    i.HAL_MspInit       stm32f1xx_hal_msp.o
    0x08000ff8   0x08000ff8   0x0000001a   Code   RO         1226    i.HAL_NVIC_EnableIRQ  stm32f1xx_hal_cortex.o
    0x08001012   0x08001012   0x00000002   PAD
    0x08001014   0x08001014   0x00000040   Code   RO         1232    i.HAL_NVIC_SetPriority  stm32f1xx_hal_cortex.o
    0x08001054   0x08001054   0x00000024   Code   RO         1233    i.HAL_NVIC_SetPriorityGrouping  stm32f1xx_hal_cortex.o
    0x08001078   0x08001078   0x0000012c   Code   RO          926    i.HAL_RCC_ClockConfig  stm32f1xx_hal_rcc.o
    0x080011a4   0x080011a4   0x00000020   Code   RO          933    i.HAL_RCC_GetPCLK1Freq  stm32f1xx_hal_rcc.o
    0x080011c4   0x080011c4   0x00000020   Code   RO          934    i.HAL_RCC_GetPCLK2Freq  stm32f1xx_hal_rcc.o
    0x080011e4   0x080011e4   0x0000006c   Code   RO          935    i.HAL_RCC_GetSysClockFreq  stm32f1xx_hal_rcc.o
    0x08001250   0x08001250   0x00000320   Code   RO          938    i.HAL_RCC_OscConfig  stm32f1xx_hal_rcc.o
    0x08001570   0x08001570   0x00000008   Code   RO         3134    i.HAL_SD_AbortCallback  bsp_driver_sd.o
    0x08001578   0x08001578   0x00000118   Code   RO         1999    i.HAL_SD_ConfigWideBusOperation  stm32f1xx_hal_sd.o
    0x08001690   0x08001690   0x00000002   Code   RO         2002    i.HAL_SD_ErrorCallback  stm32f1xx_hal_sd.o
    0x08001692   0x08001692   0x00000002   PAD
    0x08001694   0x08001694   0x00000198   Code   RO         2004    i.HAL_SD_GetCardCSD  stm32f1xx_hal_sd.o
    0x0800182c   0x0800182c   0x00000024   Code   RO         2005    i.HAL_SD_GetCardInfo  stm32f1xx_hal_sd.o
    0x08001850   0x08001850   0x0000002c   Code   RO         2006    i.HAL_SD_GetCardState  stm32f1xx_hal_sd.o
    0x0800187c   0x0800187c   0x000001f8   Code   RO         2010    i.HAL_SD_IRQHandler  stm32f1xx_hal_sd.o
    0x08001a74   0x08001a74   0x00000036   Code   RO         2011    i.HAL_SD_Init       stm32f1xx_hal_sd.o
    0x08001aaa   0x08001aaa   0x00000002   PAD
    0x08001aac   0x08001aac   0x00000074   Code   RO         2012    i.HAL_SD_InitCard   stm32f1xx_hal_sd.o
    0x08001b20   0x08001b20   0x000000cc   Code   RO          392    i.HAL_SD_MspInit    sdio.o
    0x08001bec   0x08001bec   0x000001d8   Code   RO         2015    i.HAL_SD_ReadBlocks  stm32f1xx_hal_sd.o
    0x08001dc4   0x08001dc4   0x00000008   Code   RO         3135    i.HAL_SD_RxCpltCallback  bsp_driver_sd.o
    0x08001dcc   0x08001dcc   0x00000008   Code   RO         3136    i.HAL_SD_TxCpltCallback  bsp_driver_sd.o
    0x08001dd4   0x08001dd4   0x000001ac   Code   RO         2020    i.HAL_SD_WriteBlocks  stm32f1xx_hal_sd.o
    0x08001f80   0x08001f80   0x00000028   Code   RO         1237    i.HAL_SYSTICK_Config  stm32f1xx_hal_cortex.o
    0x08001fa8   0x08001fa8   0x00000062   Code   RO         2286    i.HAL_UART_Init     stm32f1xx_hal_uart.o
    0x0800200a   0x0800200a   0x00000002   PAD
    0x0800200c   0x0800200c   0x000000ac   Code   RO          515    i.HAL_UART_MspInit  usart.o
    0x080020b8   0x080020b8   0x000000b2   Code   RO         2294    i.HAL_UART_Transmit  stm32f1xx_hal_uart.o
    0x0800216a   0x0800216a   0x00000002   Code   RO          565    i.HardFault_Handler  stm32f1xx_it.o
    0x0800216c   0x0800216c   0x0000002c   Code   RO          367    i.MX_DMA_Init       dma.o
    0x08002198   0x08002198   0x0000001c   Code   RO         3082    i.MX_FATFS_Init     fatfs.o
    0x080021b4   0x080021b4   0x00000028   Code   RO          299    i.MX_FREERTOS_Init  freertos.o
    0x080021dc   0x080021dc   0x00000100   Code   RO          275    i.MX_GPIO_Init      gpio.o
    0x080022dc   0x080022dc   0x00000024   Code   RO          393    i.MX_SDIO_SD_Init   sdio.o
    0x08002300   0x08002300   0x00000038   Code   RO          516    i.MX_USART1_UART_Init  usart.o
    0x08002338   0x08002338   0x00000038   Code   RO          517    i.MX_USART2_UART_Init  usart.o
    0x08002370   0x08002370   0x00000002   Code   RO          566    i.MemManage_Handler  stm32f1xx_it.o
    0x08002372   0x08002372   0x00000002   Code   RO          567    i.NMI_Handler       stm32f1xx_it.o
    0x08002374   0x08002374   0x00000024   Code   RO         1726    i.SDIO_ConfigData   stm32f1xx_ll_sdmmc.o
    0x08002398   0x08002398   0x00000008   Code   RO         1730    i.SDIO_GetPowerState  stm32f1xx_ll_sdmmc.o
    0x080023a0   0x080023a0   0x00000006   Code   RO         1731    i.SDIO_GetResponse  stm32f1xx_ll_sdmmc.o
    0x080023a6   0x080023a6   0x00000002   PAD
    0x080023a8   0x080023a8   0x0000000c   Code   RO          568    i.SDIO_IRQHandler   stm32f1xx_it.o
    0x080023b4   0x080023b4   0x00000024   Code   RO         1732    i.SDIO_Init         stm32f1xx_ll_sdmmc.o
    0x080023d8   0x080023d8   0x00000010   Code   RO         1734    i.SDIO_PowerState_ON  stm32f1xx_ll_sdmmc.o
    0x080023e8   0x080023e8   0x00000006   Code   RO         1735    i.SDIO_ReadFIFO     stm32f1xx_ll_sdmmc.o
    0x080023ee   0x080023ee   0x00000020   Code   RO         1736    i.SDIO_SendCommand  stm32f1xx_ll_sdmmc.o
    0x0800240e   0x0800240e   0x0000000a   Code   RO         1738    i.SDIO_WriteFIFO    stm32f1xx_ll_sdmmc.o
    0x08002418   0x08002418   0x00000032   Code   RO         1739    i.SDMMC_CmdAppCommand  stm32f1xx_ll_sdmmc.o
    0x0800244a   0x0800244a   0x00000002   PAD
    0x0800244c   0x0800244c   0x00000034   Code   RO         1740    i.SDMMC_CmdAppOperCommand  stm32f1xx_ll_sdmmc.o
    0x08002480   0x08002480   0x00000032   Code   RO         1741    i.SDMMC_CmdBlockLength  stm32f1xx_ll_sdmmc.o
    0x080024b2   0x080024b2   0x00000032   Code   RO         1742    i.SDMMC_CmdBusWidth  stm32f1xx_ll_sdmmc.o
    0x080024e4   0x080024e4   0x00000050   Code   RO         1746    i.SDMMC_CmdGoIdleState  stm32f1xx_ll_sdmmc.o
    0x08002534   0x08002534   0x00000074   Code   RO         1748    i.SDMMC_CmdOperCond  stm32f1xx_ll_sdmmc.o
    0x080025a8   0x080025a8   0x00000032   Code   RO         1749    i.SDMMC_CmdReadMultiBlock  stm32f1xx_ll_sdmmc.o
    0x080025da   0x080025da   0x00000032   Code   RO         1750    i.SDMMC_CmdReadSingleBlock  stm32f1xx_ll_sdmmc.o
    0x0800260c   0x0800260c   0x00000032   Code   RO         1753    i.SDMMC_CmdSelDesel  stm32f1xx_ll_sdmmc.o
    0x0800263e   0x0800263e   0x0000002c   Code   RO         1754    i.SDMMC_CmdSendCID  stm32f1xx_ll_sdmmc.o
    0x0800266a   0x0800266a   0x0000002c   Code   RO         1755    i.SDMMC_CmdSendCSD  stm32f1xx_ll_sdmmc.o
    0x08002696   0x08002696   0x00000030   Code   RO         1757    i.SDMMC_CmdSendSCR  stm32f1xx_ll_sdmmc.o
    0x080026c6   0x080026c6   0x00000032   Code   RO         1758    i.SDMMC_CmdSendStatus  stm32f1xx_ll_sdmmc.o
    0x080026f8   0x080026f8   0x00000030   Code   RO         1759    i.SDMMC_CmdSetRelAdd  stm32f1xx_ll_sdmmc.o
    0x08002728   0x08002728   0x00000034   Code   RO         1761    i.SDMMC_CmdStopTransfer  stm32f1xx_ll_sdmmc.o
    0x0800275c   0x0800275c   0x00000032   Code   RO         1763    i.SDMMC_CmdWriteMultiBlock  stm32f1xx_ll_sdmmc.o
    0x0800278e   0x0800278e   0x00000032   Code   RO         1764    i.SDMMC_CmdWriteSingleBlock  stm32f1xx_ll_sdmmc.o
    0x080027c0   0x080027c0   0x00000120   Code   RO         1765    i.SDMMC_GetCmdResp1  stm32f1xx_ll_sdmmc.o
    0x080028e0   0x080028e0   0x00000050   Code   RO         1766    i.SDMMC_GetCmdResp2  stm32f1xx_ll_sdmmc.o
    0x08002930   0x08002930   0x00000044   Code   RO         1767    i.SDMMC_GetCmdResp3  stm32f1xx_ll_sdmmc.o
    0x08002974   0x08002974   0x00000088   Code   RO         1768    i.SDMMC_GetCmdResp6  stm32f1xx_ll_sdmmc.o
    0x080029fc   0x080029fc   0x00000044   Code   RO         2025    i.SD_DMARxAbort     stm32f1xx_hal_sd.o
    0x08002a40   0x08002a40   0x00000044   Code   RO         2027    i.SD_DMATxAbort     stm32f1xx_hal_sd.o
    0x08002a84   0x08002a84   0x000000da   Code   RO         2028    i.SD_FindSCR        stm32f1xx_hal_sd.o
    0x08002b5e   0x08002b5e   0x000000ee   Code   RO         2029    i.SD_InitCard       stm32f1xx_hal_sd.o
    0x08002c4c   0x08002c4c   0x000000b4   Code   RO         2030    i.SD_PowerON        stm32f1xx_hal_sd.o
    0x08002d00   0x08002d00   0x000003d4   Code   RO          300    i.SD_Test           freertos.o
    0x080030d4   0x080030d4   0x00000020   Code   RO         3024    i.SD_initialize     sd_diskio.o
    0x080030f4   0x080030f4   0x00000050   Code   RO         3025    i.SD_ioctl          sd_diskio.o
    0x08003144   0x08003144   0x0000003c   Code   RO         3026    i.SD_read           sd_diskio.o
    0x08003180   0x08003180   0x00000020   Code   RO         3027    i.SD_status         sd_diskio.o
    0x080031a0   0x080031a0   0x0000003c   Code   RO         3028    i.SD_write          sd_diskio.o
    0x080031dc   0x080031dc   0x0000012c   Code   RO          301    i.StartDefaultTask  freertos.o
    0x08003308   0x08003308   0x00000018   Code   RO          569    i.SysTick_Handler   stm32f1xx_it.o
    0x08003320   0x08003320   0x0000005e   Code   RO          182    i.SystemClock_Config  main.o
    0x0800337e   0x0800337e   0x00000002   Code   RO         4846    i.SystemInit        system_stm32f1xx.o
    0x08003380   0x08003380   0x000000b8   Code   RO         2312    i.UART_SetConfig    stm32f1xx_hal_uart.o
    0x08003438   0x08003438   0x00000064   Code   RO         2315    i.UART_WaitOnFlagUntilTimeout  stm32f1xx_hal_uart.o
    0x0800349c   0x0800349c   0x00000002   Code   RO          570    i.UsageFault_Handler  stm32f1xx_it.o
    0x0800349e   0x0800349e   0x00000002   PAD
    0x080034a0   0x080034a0   0x00000020   Code   RO         5135    i.__0printf         mc_w.l(printfa.o)
    0x080034c0   0x080034c0   0x00000034   Code   RO         5140    i.__0vsnprintf      mc_w.l(printfa.o)
    0x080034f4   0x080034f4   0x00000020   Code   RO         1239    i.__NVIC_SetPriority  stm32f1xx_hal_cortex.o
    0x08003514   0x08003514   0x0000000e   Code   RO         5205    i.__scatterload_copy  mc_w.l(handlers.o)
    0x08003522   0x08003522   0x00000002   Code   RO         5206    i.__scatterload_null  mc_w.l(handlers.o)
    0x08003524   0x08003524   0x0000000e   Code   RO         5207    i.__scatterload_zeroinit  mc_w.l(handlers.o)
    0x08003532   0x08003532   0x00000002   PAD
    0x08003534   0x08003534   0x00000184   Code   RO         5142    i._fp_digits        mc_w.l(printfa.o)
    0x080036b8   0x080036b8   0x000006b4   Code   RO         5143    i._printf_core      mc_w.l(printfa.o)
    0x08003d6c   0x08003d6c   0x00000024   Code   RO         5144    i._printf_post_padding  mc_w.l(printfa.o)
    0x08003d90   0x08003d90   0x0000002e   Code   RO         5145    i._printf_pre_padding  mc_w.l(printfa.o)
    0x08003dbe   0x08003dbe   0x00000016   Code   RO         5146    i._snputc           mc_w.l(printfa.o)
    0x08003dd4   0x08003dd4   0x00000078   Code   RO         2669    i.check_fs          ff.o
    0x08003e4c   0x08003e4c   0x00000010   Code   RO         2670    i.chk_chr           ff.o
    0x08003e5c   0x08003e5c   0x0000006c   Code   RO         2671    i.chk_lock          ff.o
    0x08003ec8   0x08003ec8   0x00000024   Code   RO         2672    i.clear_lock        ff.o
    0x08003eec   0x08003eec   0x0000002a   Code   RO         2673    i.clmt_clust        ff.o
    0x08003f16   0x08003f16   0x0000001e   Code   RO         2674    i.clust2sect        ff.o
    0x08003f34   0x08003f34   0x000000b0   Code   RO         2675    i.create_chain      ff.o
    0x08003fe4   0x08003fe4   0x00000244   Code   RO         2676    i.create_name       ff.o
    0x08004228   0x08004228   0x00000144   Code   RO         2677    i.dir_find          ff.o
    0x0800436c   0x0800436c   0x0000011e   Code   RO         2678    i.dir_next          ff.o
    0x0800448a   0x0800448a   0x00000002   PAD
    0x0800448c   0x0800448c   0x000001d0   Code   RO         2679    i.dir_register      ff.o
    0x0800465c   0x0800465c   0x00000098   Code   RO         2680    i.dir_sdi           ff.o
    0x080046f4   0x080046f4   0x00000028   Code   RO         2614    i.disk_initialize   diskio.o
    0x0800471c   0x0800471c   0x0000001c   Code   RO         2615    i.disk_ioctl        diskio.o
    0x08004738   0x08004738   0x0000001c   Code   RO         2616    i.disk_read         diskio.o
    0x08004754   0x08004754   0x00000018   Code   RO         2617    i.disk_status       diskio.o
    0x0800476c   0x0800476c   0x0000001c   Code   RO         2618    i.disk_write        diskio.o
    0x08004788   0x08004788   0x00000058   Code   RO         2681    i.f_close           ff.o
    0x080047e0   0x080047e0   0x00000284   Code   RO         2683    i.f_lseek           ff.o
    0x08004a64   0x08004a64   0x00000536   Code   RO         2684    i.f_mkfs            ff.o
    0x08004f9a   0x08004f9a   0x00000002   PAD
    0x08004f9c   0x08004f9c   0x0000005c   Code   RO         2685    i.f_mount           ff.o
    0x08004ff8   0x08004ff8   0x00000218   Code   RO         2686    i.f_open            ff.o
    0x08005210   0x08005210   0x0000018c   Code   RO         2690    i.f_read            ff.o
    0x0800539c   0x0800539c   0x000000b8   Code   RO         2691    i.f_sync            ff.o
    0x08005454   0x08005454   0x000001d6   Code   RO         2692    i.f_write           ff.o
    0x0800562a   0x0800562a   0x00000002   PAD
    0x0800562c   0x0800562c   0x0000004c   Code   RO         2992    i.ff_convert        cc936.o
    0x08005678   0x08005678   0x00000024   Code   RO         2993    i.ff_wtoupper       cc936.o
    0x0800569c   0x0800569c   0x000002d0   Code   RO         2693    i.find_volume       ff.o
    0x0800596c   0x0800596c   0x00000072   Code   RO         2694    i.follow_path       ff.o
    0x080059de   0x080059de   0x00000002   PAD
    0x080059e0   0x080059e0   0x00000018   Code   RO          664    i.fputc             coco_basics.o
    0x080059f8   0x080059f8   0x0000008c   Code   RO         2695    i.gen_numname       ff.o
    0x08005a84   0x08005a84   0x000000cc   Code   RO         2696    i.get_fat           ff.o
    0x08005b50   0x08005b50   0x00000004   Code   RO         3083    i.get_fattime       fatfs.o
    0x08005b54   0x08005b54   0x0000003c   Code   RO         2697    i.get_ldnumber      ff.o
    0x08005b90   0x08005b90   0x000000a0   Code   RO         2698    i.inc_lock          ff.o
    0x08005c30   0x08005c30   0x00000014   Code   RO         2699    i.ld_clust          ff.o
    0x08005c44   0x08005c44   0x00000038   Code   RO          183    i.main              main.o
    0x08005c7c   0x08005c7c   0x00000012   Code   RO         2700    i.mem_cpy           ff.o
    0x08005c8e   0x08005c8e   0x0000000e   Code   RO         2701    i.mem_set           ff.o
    0x08005c9c   0x08005c9c   0x00000036   Code   RO         2702    i.move_window       ff.o
    0x08005cd2   0x08005cd2   0x00000002   PAD
    0x08005cd4   0x08005cd4   0x00000034   Code   RO         4298    i.osDelay           cmsis_os2.o
    0x08005d08   0x08005d08   0x00000038   Code   RO         4312    i.osKernelInitialize  cmsis_os2.o
    0x08005d40   0x08005d40   0x00000040   Code   RO         4315    i.osKernelStart     cmsis_os2.o
    0x08005d80   0x08005d80   0x0000006c   Code   RO         4326    i.osMutexAcquire    cmsis_os2.o
    0x08005dec   0x08005dec   0x00000080   Code   RO         4329    i.osMutexNew        cmsis_os2.o
    0x08005e6c   0x08005e6c   0x0000005c   Code   RO         4330    i.osMutexRelease    cmsis_os2.o
    0x08005ec8   0x08005ec8   0x000000a4   Code   RO         4349    i.osThreadNew       cmsis_os2.o
    0x08005f6c   0x08005f6c   0x0000024c   Code   RO          302    i.printf_fatfs_error  freertos.o
    0x080061b8   0x080061b8   0x0000005c   Code   RO         3794    i.prvAddCurrentTaskToDelayedList  tasks.o
    0x08006214   0x08006214   0x000000d0   Code   RO         3795    i.prvAddNewTaskToReadyList  tasks.o
    0x080062e4   0x080062e4   0x00000058   Code   RO         4144    i.prvCheckForValidListAndQueue  timers.o
    0x0800633c   0x0800633c   0x00000026   Code   RO         3403    i.prvCopyDataFromQueue  queue.o
    0x08006362   0x08006362   0x0000006c   Code   RO         3404    i.prvCopyDataToQueue  queue.o
    0x080063ce   0x080063ce   0x00000034   Code   RO         3796    i.prvDeleteTCB      tasks.o
    0x08006402   0x08006402   0x00000002   PAD
    0x08006404   0x08006404   0x0000004c   Code   RO         4716    i.prvHeapInit       heap_4.o
    0x08006450   0x08006450   0x00000060   Code   RO         3797    i.prvIdleTask       tasks.o
    0x080064b0   0x080064b0   0x00000016   Code   RO         3405    i.prvInitialiseMutex  queue.o
    0x080064c6   0x080064c6   0x00000002   PAD
    0x080064c8   0x080064c8   0x00000022   Code   RO         3406    i.prvInitialiseNewQueue  queue.o
    0x080064ea   0x080064ea   0x0000009c   Code   RO         3798    i.prvInitialiseNewTask  tasks.o
    0x08006586   0x08006586   0x00000002   PAD
    0x08006588   0x08006588   0x0000004c   Code   RO         4717    i.prvInsertBlockIntoFreeList  heap_4.o
    0x080065d4   0x080065d4   0x00000038   Code   RO         4146    i.prvInsertTimerInActiveList  timers.o
    0x0800660c   0x0800660c   0x0000001c   Code   RO         3407    i.prvIsQueueEmpty   queue.o
    0x08006628   0x08006628   0x000000cc   Code   RO         4147    i.prvProcessReceivedCommands  timers.o
    0x080066f4   0x080066f4   0x000000b4   Code   RO         4148    i.prvProcessTimerOrBlockTask  timers.o
    0x080067a8   0x080067a8   0x00000020   Code   RO         3800    i.prvResetNextTaskUnblockTime  tasks.o
    0x080067c8   0x080067c8   0x00000028   Code   RO         4149    i.prvSampleTimeNow  timers.o
    0x080067f0   0x080067f0   0x0000006c   Code   RO         4150    i.prvSwitchTimerLists  timers.o
    0x0800685c   0x0800685c   0x00000028   Code   RO         4766    i.prvTaskExitError  port.o
    0x08006884   0x08006884   0x00000024   Code   RO         4151    i.prvTimerTask      timers.o
    0x080068a8   0x080068a8   0x0000006a   Code   RO         3408    i.prvUnlockQueue    queue.o
    0x08006912   0x08006912   0x000000f6   Code   RO         2703    i.put_fat           ff.o
    0x08006a08   0x08006a08   0x000000d8   Code   RO         4718    i.pvPortMalloc      heap_4.o
    0x08006ae0   0x08006ae0   0x00000018   Code   RO         3803    i.pvTaskIncrementMutexHeldCount  tasks.o
    0x08006af8   0x08006af8   0x00000024   Code   RO         4767    i.pxPortInitialiseStack  port.o
    0x08006b1c   0x08006b1c   0x00000010   Code   RO         2705    i.st_clust          ff.o
    0x08006b2c   0x08006b2c   0x0000001a   Code   RO         2706    i.sum_sfn           ff.o
    0x08006b46   0x08006b46   0x000000b6   Code   RO         2707    i.sync_fs           ff.o
    0x08006bfc   0x08006bfc   0x00000060   Code   RO         2708    i.sync_window       ff.o
    0x08006c5c   0x08006c5c   0x00000026   Code   RO         3363    i.uxListRemove      list.o
    0x08006c82   0x08006c82   0x00000002   PAD
    0x08006c84   0x08006c84   0x00000014   Code   RO         4361    i.vApplicationGetIdleTaskMemory  cmsis_os2.o
    0x08006c98   0x08006c98   0x00000018   Code   RO         4362    i.vApplicationGetTimerTaskMemory  cmsis_os2.o
    0x08006cb0   0x08006cb0   0x00000016   Code   RO         3364    i.vListInitialise   list.o
    0x08006cc6   0x08006cc6   0x00000006   Code   RO         3365    i.vListInitialiseItem  list.o
    0x08006ccc   0x08006ccc   0x00000030   Code   RO         3366    i.vListInsert       list.o
    0x08006cfc   0x08006cfc   0x00000018   Code   RO         3367    i.vListInsertEnd    list.o
    0x08006d14   0x08006d14   0x00000040   Code   RO         4769    i.vPortEnterCritical  port.o
    0x08006d54   0x08006d54   0x00000028   Code   RO         4770    i.vPortExitCritical  port.o
    0x08006d7c   0x08006d7c   0x0000005c   Code   RO         4719    i.vPortFree         heap_4.o
    0x08006dd8   0x08006dd8   0x00000024   Code   RO         4771    i.vPortSetupTimerInterrupt  port.o
    0x08006dfc   0x08006dfc   0x00000054   Code   RO         4772    i.vPortValidateInterruptPriority  port.o
    0x08006e50   0x08006e50   0x00000028   Code   RO         3414    i.vQueueAddToRegistry  queue.o
    0x08006e78   0x08006e78   0x00000044   Code   RO         3418    i.vQueueWaitForMessageRestricted  queue.o
    0x08006ebc   0x08006ebc   0x0000004c   Code   RO         3812    i.vTaskDelay        tasks.o
    0x08006f08   0x08006f08   0x00000010   Code   RO         3817    i.vTaskInternalSetTimeOutState  tasks.o
    0x08006f18   0x08006f18   0x0000000c   Code   RO         3818    i.vTaskMissedYield  tasks.o
    0x08006f24   0x08006f24   0x00000030   Code   RO         3820    i.vTaskPlaceOnEventList  tasks.o
    0x08006f54   0x08006f54   0x00000038   Code   RO         3821    i.vTaskPlaceOnEventListRestricted  tasks.o
    0x08006f8c   0x08006f8c   0x00000090   Code   RO         3823    i.vTaskPriorityDisinheritAfterTimeout  tasks.o
    0x0800701c   0x0800701c   0x00000088   Code   RO         3829    i.vTaskStartScheduler  tasks.o
    0x080070a4   0x080070a4   0x00000010   Code   RO         3831    i.vTaskSuspendAll   tasks.o
    0x080070b4   0x080070b4   0x00000064   Code   RO         3832    i.vTaskSwitchContext  tasks.o
    0x08007118   0x08007118   0x0000002c   Code   RO         2709    i.validate          ff.o
    0x08007144   0x08007144   0x000000a8   Code   RO         4773    i.xPortStartScheduler  port.o
    0x080071ec   0x080071ec   0x0000002c   Code   RO         4774    i.xPortSysTickHandler  port.o
    0x08007218   0x08007218   0x00000016   Code   RO         3421    i.xQueueCreateMutex  queue.o
    0x0800722e   0x0800722e   0x0000001a   Code   RO         3422    i.xQueueCreateMutexStatic  queue.o
    0x08007248   0x08007248   0x00000048   Code   RO         3423    i.xQueueGenericCreate  queue.o
    0x08007290   0x08007290   0x00000066   Code   RO         3424    i.xQueueGenericCreateStatic  queue.o
    0x080072f6   0x080072f6   0x00000002   PAD
    0x080072f8   0x080072f8   0x00000088   Code   RO         3425    i.xQueueGenericReset  queue.o
    0x08007380   0x08007380   0x00000160   Code   RO         3426    i.xQueueGenericSend  queue.o
    0x080074e0   0x080074e0   0x000000bc   Code   RO         3427    i.xQueueGenericSendFromISR  queue.o
    0x0800759c   0x0800759c   0x0000003e   Code   RO         3431    i.xQueueGiveMutexRecursive  queue.o
    0x080075da   0x080075da   0x00000002   PAD
    0x080075dc   0x080075dc   0x00000138   Code   RO         3436    i.xQueueReceive     queue.o
    0x08007714   0x08007714   0x00000178   Code   RO         3438    i.xQueueSemaphoreTake  queue.o
    0x0800788c   0x0800788c   0x00000040   Code   RO         3439    i.xQueueTakeMutexRecursive  queue.o
    0x080078cc   0x080078cc   0x00000074   Code   RO         3833    i.xTaskCheckForTimeOut  tasks.o
    0x08007940   0x08007940   0x0000005a   Code   RO         3834    i.xTaskCreate       tasks.o
    0x0800799a   0x0800799a   0x00000056   Code   RO         3835    i.xTaskCreateStatic  tasks.o
    0x080079f0   0x080079f0   0x0000000c   Code   RO         3838    i.xTaskGetCurrentTaskHandle  tasks.o
    0x080079fc   0x080079fc   0x0000001c   Code   RO         3839    i.xTaskGetSchedulerState  tasks.o
    0x08007a18   0x08007a18   0x0000000c   Code   RO         3840    i.xTaskGetTickCount  tasks.o
    0x08007a24   0x08007a24   0x000000c8   Code   RO         3842    i.xTaskIncrementTick  tasks.o
    0x08007aec   0x08007aec   0x00000080   Code   RO         3845    i.xTaskPriorityDisinherit  tasks.o
    0x08007b6c   0x08007b6c   0x00000078   Code   RO         3846    i.xTaskPriorityInherit  tasks.o
    0x08007be4   0x08007be4   0x00000070   Code   RO         3847    i.xTaskRemoveFromEventList  tasks.o
    0x08007c54   0x08007c54   0x000000c4   Code   RO         3848    i.xTaskResumeAll    tasks.o
    0x08007d18   0x08007d18   0x00000060   Code   RO         4158    i.xTimerCreateTimerTask  timers.o
    0x08007d78   0x08007d78   0x00000068   Code   RO         4159    i.xTimerGenericCommand  timers.o
    0x08007de0   0x08007de0   0x00000034   Data   RO          304    .constdata          freertos.o
    0x08007e14   0x08007e14   0x0000003a   Data   RO         2711    .constdata          ff.o
    0x08007e4e   0x08007e4e   0x0002acc8   Data   RO         2994    .constdata          cc936.o
    0x08032b16   0x08032b16   0x00000002   PAD
    0x08032b18   0x08032b18   0x00000014   Data   RO         3029    .constdata          sd_diskio.o
    0x08032b2c   0x08032b2c   0x00000010   Data   RO         4847    .constdata          system_stm32f1xx.o
    0x08032b3c   0x08032b3c   0x00000008   Data   RO         4848    .constdata          system_stm32f1xx.o
    0x08032b44   0x08032b44   0x0000001b   Data   RO          305    .conststring        freertos.o
    0x08032b5f   0x08032b5f   0x00000001   PAD
    0x08032b60   0x08032b60   0x00000020   Data   RO         5203    Region$$Table       anon$$obj.o


    Execution Region RW_IRAM1 (Exec base: 0x20000000, Load base: 0x08032b80, Size: 0x00004f78, Max: 0x00010000, ABSOLUTE)

    Exec Addr    Load Addr    Size         Type   Attr      Idx    E Section Name        Object

    0x20000000   0x08032b80   0x00000038   Data   RW          306    .data               freertos.o
    0x20000038   0x08032bb8   0x0000000c   Data   RW          776    .data               stm32f1xx_hal.o
    0x20000044   0x08032bc4   0x00000008   Data   RW         2712    .data               ff.o
    0x2000004c   0x08032bcc   0x00000001   Data   RW         3030    .data               sd_diskio.o
    0x2000004d   0x08032bcd   0x00000005   Data   RW         3086    .data               fatfs.o
    0x20000052   0x08032bd2   0x00000002   PAD
    0x20000054   0x08032bd4   0x0000003c   Data   RW         3851    .data               tasks.o
    0x20000090   0x08032c10   0x00000014   Data   RW         4167    .data               timers.o
    0x200000a4   0x08032c24   0x00000004   Data   RW         4364    .data               cmsis_os2.o
    0x200000a8   0x08032c28   0x00000018   Data   RW         4724    .data               heap_4.o
    0x200000c0   0x08032c40   0x0000000c   Data   RW         4775    .data               port.o
    0x200000cc   0x08032c4c   0x00000004   Data   RW         4849    .data               system_stm32f1xx.o
    0x200000d0   0x08032c50   0x00000004   Data   RW         5179    .data               mc_w.l(stdout.o)
    0x200000d4        -       0x0000085c   Zero   RW          303    .bss                freertos.o
    0x20000930        -       0x000000c8   Zero   RW          394    .bss                sdio.o
    0x200009f8        -       0x00000088   Zero   RW          518    .bss                usart.o
    0x20000a80        -       0x00000018   Zero   RW         2710    .bss                ff.o
    0x20000a98        -       0x0000000c   Zero   RW         2916    .bss                ff_gen_drv.o
    0x20000aa4        -       0x00000040   Zero   RW         3440    .bss                queue.o
    0x20000ae4        -       0x000004c4   Zero   RW         3850    .bss                tasks.o
    0x20000fa8        -       0x00000118   Zero   RW         4166    .bss                timers.o
    0x200010c0        -       0x000006b8   Zero   RW         4363    .bss                cmsis_os2.o
    0x20001778        -       0x00002800   Zero   RW         4723    .bss                heap_4.o
    0x20003f78        -       0x00001000   Zero   RW         4880    STACK               startup_stm32f103xe.o


==============================================================================

Image component sizes


      Code (inc. data)   RO Data    RW Data    ZI Data      Debug   Object Name

       192         26          0          0          0       6507   bsp_driver_sd.o
       112         16     175304          0          0       2151   cc936.o
       708         44          0          4       1720      16385   cmsis_os2.o
        84         14          0          0          0       2869   coco_basics.o
       148         22          0          0          0       3481   diskio.o
        44          4          0          0          0        726   dma.o
         0          0          0          0          0      18612   event_groups.o
        32         10          0          5          0       1416   fatfs.o
      8192        146         58          8         24      37921   ff.o
       128          8          0          0         12       2767   ff_gen_drv.o
      1908       1180         79         56       2140       6609   freertos.o
         0          0          0          0          0     486648   globalvariable.o
       256         22          0          0          0        999   gpio.o
       460         24          0         24      10240       4567   heap_4.o
       138          0          0          0          0       3294   list.o
       154          4          0          0          0      10476   main.o
       662         70          0         12          0      10625   port.o
      2156         24          0          0         64      22968   queue.o
       264         34         20          1          0       4636   sd_diskio.o
       240         34          0          0        200     422447   sdio.o
        36          8        304          0       4096        756   startup_stm32f103xe.o
       164         28          0         12          0       6381   stm32f1xx_hal.o
       198         14          0          0          0      28839   stm32f1xx_hal_cortex.o
      1012         52          0          0          0       2787   stm32f1xx_hal_dma.o
       524         42          0          0          0       3471   stm32f1xx_hal_gpio.o
        72         10          0          0          0        838   stm32f1xx_hal_msp.o
      1272        100          0          0          0       5092   stm32f1xx_hal_rcc.o
      3116         42          0          0          0      15035   stm32f1xx_hal_sd.o
       560          6          0          0          0       3856   stm32f1xx_hal_uart.o
        60         12          0          0          0       3826   stm32f1xx_it.o
      1656         46          0          0          0      21603   stm32f1xx_ll_sdmmc.o
         0          0          0          0          0       8484   stream_buffer.o
         0          0          0          0          0       1972   syscall.o
         2          0         24          4          0       1071   system_stm32f1xx.o
      2364        200          0         60       1220      25773   tasks.o
       912         82          0         20        280      25743   timers.o
       284         32          0          0        136       2267   usart.o

    ----------------------------------------------------------------------
     28156       2356     175824        208      20132    1223898   Object Totals
         0          0         32          0          0          0   (incl. Generated)
        46          0          3          2          0          0   (incl. Padding)

    ----------------------------------------------------------------------

      Code (inc. data)   RO Data    RW Data    ZI Data      Debug   Library Member Name

         0          0          0          0          0          0   entry.o
         0          0          0          0          0          0   entry10a.o
         0          0          0          0          0          0   entry11a.o
         4          0          0          0          0          0   entry12b.o
         8          4          0          0          0          0   entry2.o
         4          0          0          0          0          0   entry5.o
         0          0          0          0          0          0   entry7b.o
         0          0          0          0          0          0   entry8b.o
         8          4          0          0          0          0   entry9a.o
        30          0          0          0          0          0   handlers.o
        36          8          0          0          0         68   init.o
         0          0          0          0          0          0   iusefp.o
        30          0          0          0          0         68   llshl.o
        36          0          0          0          0         68   llsshr.o
        32          0          0          0          0         68   llushr.o
        36          0          0          0          0         68   memcpya.o
        36          0          0          0          0        108   memseta.o
      2292         96          0          0          0        612   printfa.o
         0          0          0          4          0          0   stdout.o
        44          0          0          0          0         80   uidiv.o
        98          0          0          0          0         92   uldiv.o
        48          0          0          0          0         68   cdrcmple.o
       334          0          0          0          0        148   dadd.o
       222          0          0          0          0        100   ddiv.o
       186          0          0          0          0        176   depilogue.o
        48          0          0          0          0         68   dfixul.o
       228          0          0          0          0         96   dmul.o

    ----------------------------------------------------------------------
      3764        112          0          4          0       1888   Library Totals
         4          0          0          0          0          0   (incl. Padding)

    ----------------------------------------------------------------------

      Code (inc. data)   RO Data    RW Data    ZI Data      Debug   Library Name

      2694        112          0          4          0       1232   mc_w.l
      1066          0          0          0          0        656   mf_w.l

    ----------------------------------------------------------------------
      3764        112          0          4          0       1888   Library Totals

    ----------------------------------------------------------------------

==============================================================================


      Code (inc. data)   RO Data    RW Data    ZI Data      Debug   

     31920       2468     175824        212      20132    1212470   Grand Totals
     31920       2468     175824        212      20132    1212470   ELF Image Totals
     31920       2468     175824        212          0          0   ROM Totals

==============================================================================

    Total RO  Size (Code + RO Data)               207744 ( 202.88kB)
    Total RW  Size (RW Data + ZI Data)             20344 (  19.87kB)
    Total ROM Size (Code + RO Data + RW Data)     207956 ( 203.08kB)

==============================================================================

