Component: ARM Compiler 5.06 update 7 (build 960) Tool: armlink [4d3601]

==============================================================================

Section Cross References

    startup_stm32f030xc.o(RESET) refers to startup_stm32f030xc.o(STACK) for __initial_sp
    startup_stm32f030xc.o(RESET) refers to startup_stm32f030xc.o(.text) for Reset_Handler
    startup_stm32f030xc.o(RESET) refers to stm32f0xx_it.o(i.NMI_Handler) for NMI_Handler
    startup_stm32f030xc.o(RESET) refers to stm32f0xx_it.o(i.HardFault_Handler) for HardFault_Handler
    startup_stm32f030xc.o(RESET) refers to port.o(i.SVC_Handler) for SVC_Handler
    startup_stm32f030xc.o(RESET) refers to port.o(.emb_text) for PendSV_Handler
    startup_stm32f030xc.o(RESET) refers to stm32f0xx_it.o(i.SysTick_Handler) for SysTick_Handler
    startup_stm32f030xc.o(RESET) refers to stm32f0xx_it.o(i.TIM6_IRQHandler) for TIM6_IRQHandler
    startup_stm32f030xc.o(RESET) refers to stm32f0xx_it.o(i.USART3_6_IRQHandler) for USART3_6_IRQHandler
    startup_stm32f030xc.o(.text) refers to system_stm32f0xx.o(i.SystemInit) for SystemInit
    startup_stm32f030xc.o(.text) refers to entry.o(.ARM.Collect$$$$00000000) for __main
    main.o(i.SystemClock_Config) refers to memseta.o(.text) for __aeabi_memclr4
    main.o(i.SystemClock_Config) refers to stm32f0xx_hal_rcc.o(i.HAL_RCC_OscConfig) for HAL_RCC_OscConfig
    main.o(i.SystemClock_Config) refers to stm32f0xx_hal_rcc.o(i.HAL_RCC_ClockConfig) for HAL_RCC_ClockConfig
    main.o(i.SystemClock_Config) refers to stm32f0xx_hal_rcc_ex.o(i.HAL_RCCEx_PeriphCLKConfig) for HAL_RCCEx_PeriphCLKConfig
    main.o(i.main) refers to stm32f0xx_hal.o(i.HAL_Init) for HAL_Init
    main.o(i.main) refers to main.o(i.SystemClock_Config) for SystemClock_Config
    main.o(i.main) refers to gpio.o(i.MX_GPIO_Init) for MX_GPIO_Init
    main.o(i.main) refers to usart.o(i.MX_USART1_UART_Init) for MX_USART1_UART_Init
    main.o(i.main) refers to usart.o(i.MX_USART4_UART_Init) for MX_USART4_UART_Init
    main.o(i.main) refers to spi.o(i.MX_SPI2_Init) for MX_SPI2_Init
    main.o(i.main) refers to tim.o(i.MX_TIM6_Init) for MX_TIM6_Init
    main.o(i.main) refers to spi.o(i.MX_SPI1_Init) for MX_SPI1_Init
    main.o(i.main) refers to i2c.o(i.MX_I2C1_Init) for MX_I2C1_Init
    main.o(i.main) refers to globalvariable.o(i.globalVariable) for globalVariable
    main.o(i.main) refers to cmsis_os2.o(i.osKernelInitialize) for osKernelInitialize
    main.o(i.main) refers to freertos.o(i.MX_FREERTOS_Init) for MX_FREERTOS_Init
    main.o(i.main) refers to cmsis_os2.o(i.osKernelStart) for osKernelStart
    gpio.o(i.MX_GPIO_Init) refers to memseta.o(.text) for __aeabi_memclr4
    gpio.o(i.MX_GPIO_Init) refers to stm32f0xx_hal_gpio.o(i.HAL_GPIO_WritePin) for HAL_GPIO_WritePin
    gpio.o(i.MX_GPIO_Init) refers to stm32f0xx_hal_gpio.o(i.HAL_GPIO_Init) for HAL_GPIO_Init
    freertos.o(i.ClearParameter) refers to cmsis_os2.o(i.osMutexAcquire) for osMutexAcquire
    freertos.o(i.ClearParameter) refers to cmsis_os2.o(i.osMutexRelease) for osMutexRelease
    freertos.o(i.ClearParameter) refers to cmsis_os2.o(i.osDelay) for osDelay
    freertos.o(i.ClearParameter) refers to w25q64.o(i.W25Q128_Read) for W25Q128_Read
    freertos.o(i.ClearParameter) refers to w25q64.o(i.W25Q128_Erase_Sector) for W25Q128_Erase_Sector
    freertos.o(i.ClearParameter) refers to freertos.o(.data) for .data
    freertos.o(i.ClearParameter) refers to port_fm.o(.bss) for usRegHoldingBuf
    freertos.o(i.ClearParameter) refers to globalvariable.o(.bss) for g_keyTimeTalbe
    freertos.o(i.ClearParameter) refers to globalvariable.o(.data) for g_diNumTalbe
    freertos.o(i.MX_FREERTOS_Init) refers to cmsis_os2.o(i.osMutexNew) for osMutexNew
    freertos.o(i.MX_FREERTOS_Init) refers to cmsis_os2.o(i.osMessageQueueNew) for osMessageQueueNew
    freertos.o(i.MX_FREERTOS_Init) refers to cmsis_os2.o(i.osThreadNew) for osThreadNew
    freertos.o(i.MX_FREERTOS_Init) refers to freertos.o(.constdata) for .constdata
    freertos.o(i.MX_FREERTOS_Init) refers to freertos.o(.data) for .data
    freertos.o(i.MX_FREERTOS_Init) refers to freertos.o(i.StartDefaultTask) for StartDefaultTask
    freertos.o(i.PowerOnAfterReadParameter) refers to cmsis_os2.o(i.osMutexAcquire) for osMutexAcquire
    freertos.o(i.PowerOnAfterReadParameter) refers to w25q64.o(i.W25Q128_Read) for W25Q128_Read
    freertos.o(i.PowerOnAfterReadParameter) refers to cmsis_os2.o(i.osMutexRelease) for osMutexRelease
    freertos.o(i.PowerOnAfterReadParameter) refers to usart.o(i.App_Printf) for App_Printf
    freertos.o(i.PowerOnAfterReadParameter) refers to strcpy.o(.text) for strcpy
    freertos.o(i.PowerOnAfterReadParameter) refers to w25q64.o(i.W25Q128_Erase_Sector) for W25Q128_Erase_Sector
    freertos.o(i.PowerOnAfterReadParameter) refers to w25q64.o(i.W25Q128_Write) for W25Q128_Write
    freertos.o(i.PowerOnAfterReadParameter) refers to strlen.o(.text) for strlen
[...]
    g_atk_mw8266d_send_CIPSEND_cmd           0x08007fe9   Thumb Code    72  atk_mw8266d.o(i.g_atk_mw8266d_send_CIPSEND_cmd)
    g_showCmdH                               0x08008039   Thumb Code   784  netbridgemodbustask.o(i.g_showCmdH)
    getGAR                                   0x080085c9   Thumb Code    14  w5500.o(i.getGAR)
    getIINCHIP_TxMAX                         0x080085d9   Thumb Code     8  w5500.o(i.getIINCHIP_TxMAX)
    getSIPR                                  0x080085e5   Thumb Code    16  w5500.o(i.getSIPR)
    getSUBR                                  0x080085f5   Thumb Code    16  w5500.o(i.getSUBR)
    getSn_IR                                 0x08008605   Thumb Code    16  w5500.o(i.getSn_IR)
    getSn_RX_RSR                             0x08008615   Thumb Code    66  w5500.o(i.getSn_RX_RSR)
    getSn_SR                                 0x08008661   Thumb Code    16  w5500.o(i.getSn_SR)
    getSn_TX_FSR                             0x08008671   Thumb Code    66  w5500.o(i.getSn_TX_FSR)
    globalVariable                           0x080086bd   Thumb Code     2  globalvariable.o(i.globalVariable)
    listen                                   0x080086bf   Thumb Code    48  socket.o(i.listen)
    main                                     0x080086f1   Thumb Code    64  main.o(i.main)
    osDelay                                  0x08008735   Thumb Code    46  cmsis_os2.o(i.osDelay)
    osKernelInitialize                       0x08008769   Thumb Code    48  cmsis_os2.o(i.osKernelInitialize)
    osKernelStart                            0x0800879d   Thumb Code    54  cmsis_os2.o(i.osKernelStart)
    osMessageQueueGet                        0x080087d9   Thumb Code   114  cmsis_os2.o(i.osMessageQueueGet)
    osMessageQueueNew                        0x08008855   Thumb Code   124  cmsis_os2.o(i.osMessageQueueNew)
    osMessageQueuePut                        0x080088d5   Thumb Code   118  cmsis_os2.o(i.osMessageQueuePut)
    osMutexAcquire                           0x08008955   Thumb Code    98  cmsis_os2.o(i.osMutexAcquire)
    osMutexNew                               0x080089bd   Thumb Code   136  cmsis_os2.o(i.osMutexNew)
    osMutexRelease                           0x08008a49   Thumb Code    88  cmsis_os2.o(i.osMutexRelease)
    osThreadNew                              0x08008aa5   Thumb Code   172  cmsis_os2.o(i.osThreadNew)
    prveMBError2Exception                    0x08009219   Thumb Code    24  mbutils.o(i.prveMBError2Exception)
    pvPortMalloc                             0x08009231   Thumb Code   172  heap_4.o(i.pvPortMalloc)
    pvTaskIncrementMutexHeldCount            0x080092e1   Thumb Code    20  tasks.o(i.pvTaskIncrementMutexHeldCount)
    pxPortInitialiseStack                    0x080092f9   Thumb Code    28  port.o(i.pxPortInitialiseStack)
    readMcuIdForMac                          0x08009319   Thumb Code    68  freertos.o(i.readMcuIdForMac)
    recv                                     0x080093fd   Thumb Code    46  socket.o(i.recv)
    recv_data_processing                     0x0800942d   Thumb Code    86  w5500.o(i.recv_data_processing)
    reset_w5500                              0x080094ad   Thumb Code    46  w5500_conf.o(i.reset_w5500)
    send                                     0x080094dd   Thumb Code   162  socket.o(i.send)
    send_data_processing                     0x08009595   Thumb Code    86  w5500.o(i.send_data_processing)
    sendcmdH                                 0x08009615   Thumb Code    84  netbridgemodbustask.o(i.sendcmdH)
    setGAR                                   0x08009681   Thumb Code    14  w5500.o(i.setGAR)
    setSHAR                                  0x0800968f   Thumb Code    16  w5500.o(i.setSHAR)
    setSIPR                                  0x0800969f   Thumb Code    16  w5500.o(i.setSIPR)
    setSUBR                                  0x080096af   Thumb Code    16  w5500.o(i.setSUBR)
    setSn_IR                                 0x080096bf   Thumb Code    16  w5500.o(i.setSn_IR)
    setTimerxxxxxxx                          0x080096d1   Thumb Code   198  netbridgemodbustask.o(i.setTimerxxxxxxx)
    set_w5500_ip                             0x080097c1   Thumb Code   314  w5500_conf.o(i.set_w5500_ip)
    set_w5500_mac                            0x080099f1   Thumb Code    30  w5500_conf.o(i.set_w5500_mac)
    socket                                   0x08009a1d   Thumb Code   134  socket.o(i.socket)
    socket_buf_init                          0x08009aa9   Thumb Code    94  w5500.o(i.socket_buf_init)
    strDoSubxxx                              0x08009b15   Thumb Code   238  netbridgemodbustask.o(i.strDoSubxxx)
    strIptoNum255                            0x08009c75   Thumb Code    66  atk_mw8266d.o(i.strIptoNum255)
    strtoNum255                              0x08009cbd   Thumb Code    66  netbridgemodbustask.o(i.strtoNum255)
    uxListRemove                             0x08009d05   Thumb Code    38  list.o(i.uxListRemove)
    vApplicationGetIdleTaskMemory            0x08009d2d   Thumb Code    16  cmsis_os2.o(i.vApplicationGetIdleTaskMemory)
    vApplicationGetTimerTaskMemory           0x08009d41   Thumb Code    16  cmsis_os2.o(i.vApplicationGetTimerTaskMemory)
    vListInitialise                          0x08009d55   Thumb Code    22  list.o(i.vListInitialise)
    vListInitialiseItem                      0x08009d6b   Thumb Code     6  list.o(i.vListInitialiseItem)
    vListInsert                              0x08009d71   Thumb Code    48  list.o(i.vListInsert)
    vListInsertEnd                           0x08009da1   Thumb Code    24  list.o(i.vListInsertEnd)
    vMBTCPPortDisable                        0x08009db9   Thumb Code     2  porttcp.o(i.vMBTCPPortDisable)
    vPortEnterCritical                       0x08009dbd   Thumb Code    20  port.o(i.vPortEnterCritical)
    vPortExitCritical                        0x08009dd5   Thumb Code    22  port.o(i.vPortExitCritical)
    vPortFree                                0x08009df1   Thumb Code    62  heap_4.o(i.vPortFree)
    vPortYield                               0x08009e35   Thumb Code    18  port.o(i.vPortYield)
    vQueueAddToRegistry                      0x08009e4d   Thumb Code    32  queue.o(i.vQueueAddToRegistry)
    vQueueWaitForMessageRestricted           0x08009e71   Thumb Code    68  queue.o(i.vQueueWaitForMessageRestricted)
    vTaskDelay                               0x08009eb5   Thumb Code    44  tasks.o(i.vTaskDelay)
    vTaskInternalSetTimeOutState             0x08009ee5   Thumb Code    12  tasks.o(i.vTaskInternalSetTimeOutState)
    vTaskMissedYield                         0x08009ef5   Thumb Code     8  tasks.o(i.vTaskMissedYield)
    vTaskPlaceOnEventList                    0x08009f01   Thumb Code    32  tasks.o(i.vTaskPlaceOnEventList)
    vTaskPlaceOnEventListRestricted          0x08009f25   Thumb Code    42  tasks.o(i.vTaskPlaceOnEventListRestricted)
    vTaskPriorityDisinheritAfterTimeout      0x08009f55   Thumb Code   104  tasks.o(i.vTaskPriorityDisinheritAfterTimeout)
    vTaskStartScheduler                      0x08009fc5   Thumb Code    88  tasks.o(i.vTaskStartScheduler)
    vTaskSuspendAll                          0x0800a02d   Thumb Code    10  tasks.o(i.vTaskSuspendAll)
    vTaskSwitchContext                       0x0800a03d   Thumb Code    78  tasks.o(i.vTaskSwitchContext)
    wiz_cs                                   0x0800a095   Thumb Code    30  w5500_conf.o(i.wiz_cs)
    wiz_read_buf                             0x0800a0b9   Thumb Code    80  w5500_conf.o(i.wiz_read_buf)
    wiz_write_buf                            0x0800a121   Thumb Code    80  w5500_conf.o(i.wiz_write_buf)
    xMBPortEventGet                          0x0800a189   Thumb Code    24  portevent.o(i.xMBPortEventGet)
    xMBPortEventInit                         0x0800a1a5   Thumb Code    10  portevent.o(i.xMBPortEventInit)
    xMBPortEventPost                         0x0800a1b5   Thumb Code    12  portevent.o(i.xMBPortEventPost)
    xMBTCPPortGetRequest                     0x0800a1c5   Thumb Code    18  porttcp.o(i.xMBTCPPortGetRequest)
    xMBTCPPortInit                           0x0800a1e1   Thumb Code     4  porttcp.o(i.xMBTCPPortInit)
    xMBTCPPortSendResponse                   0x0800a1e5   Thumb Code   192  porttcp.o(i.xMBTCPPortSendResponse)
    xMBUtilGetBits                           0x0800a2f9   Thumb Code    32  mbutils.o(i.xMBUtilGetBits)
    xMBUtilSetBits                           0x0800a319   Thumb Code    48  mbutils.o(i.xMBUtilSetBits)
    xPortStartScheduler                      0x0800a349   Thumb Code    62  port.o(i.xPortStartScheduler)
    xPortSysTickHandler                      0x0800a399   Thumb Code    32  port.o(i.xPortSysTickHandler)
    xQueueCreateMutex                        0x0800a3bd   Thumb Code    22  queue.o(i.xQueueCreateMutex)
    xQueueCreateMutexStatic                  0x0800a3d3   Thumb Code    26  queue.o(i.xQueueCreateMutexStatic)
    xQueueGenericCreate                      0x0800a3ed   Thumb Code    60  queue.o(i.xQueueGenericCreate)
    xQueueGenericCreateStatic                0x0800a429   Thumb Code    64  queue.o(i.xQueueGenericCreateStatic)
    xQueueGenericReset                       0x0800a469   Thumb Code   108  queue.o(i.xQueueGenericReset)
    xQueueGenericSend                        0x0800a4d5   Thumb Code   280  queue.o(i.xQueueGenericSend)
    xQueueGenericSendFromISR                 0x0800a5ed   Thumb Code   140  queue.o(i.xQueueGenericSendFromISR)
    xQueueGiveMutexRecursive                 0x0800a679   Thumb Code    50  queue.o(i.xQueueGiveMutexRecursive)
    xQueueReceive                            0x0800a6ab   Thumb Code   258  queue.o(i.xQueueReceive)
    xQueueReceiveFromISR                     0x0800a7ad   Thumb Code   120  queue.o(i.xQueueReceiveFromISR)
    xQueueSemaphoreTake                      0x0800a825   Thumb Code   320  queue.o(i.xQueueSemaphoreTake)
    xQueueTakeMutexRecursive                 0x0800a965   Thumb Code    52  queue.o(i.xQueueTakeMutexRecursive)
    xTaskCheckForTimeOut                     0x0800a999   Thumb Code    86  tasks.o(i.xTaskCheckForTimeOut)
    xTaskCreate                              0x0800a9f5   Thumb Code    82  tasks.o(i.xTaskCreate)
    xTaskCreateStatic                        0x0800aa47   Thumb Code    68  tasks.o(i.xTaskCreateStatic)
    xTaskGetCurrentTaskHandle                0x0800aa8d   Thumb Code     6  tasks.o(i.xTaskGetCurrentTaskHandle)
    xTaskGetSchedulerState                   0x0800aa99   Thumb Code    26  tasks.o(i.xTaskGetSchedulerState)
    xTaskGetTickCount                        0x0800aab9   Thumb Code     6  tasks.o(i.xTaskGetTickCount)
    xTaskIncrementTick                       0x0800aac5   Thumb Code   180  tasks.o(i.xTaskIncrementTick)
    xTaskPriorityDisinherit                  0x0800ab81   Thumb Code    96  tasks.o(i.xTaskPriorityDisinherit)
    xTaskPriorityInherit                     0x0800abe9   Thumb Code   110  tasks.o(i.xTaskPriorityInherit)
    xTaskRemoveFromEventList                 0x0800ac61   Thumb Code    88  tasks.o(i.xTaskRemoveFromEventList)
    xTaskResumeAll                           0x0800acc5   Thumb Code   162  tasks.o(i.xTaskResumeAll)
    xTimerCreateTimerTask                    0x0800ad75   Thumb Code    72  timers.o(i.xTimerCreateTimerTask)
    xTimerGenericCommand                     0x0800adcd   Thumb Code    80  timers.o(i.xTimerGenericCommand)
    wdth_showTable0                          0x0800ae20   Data          37  globalvariable.o(.constdata)
    wdth_showTable1                          0x0800ae45   Data          25  globalvariable.o(.constdata)
    wdth_showTable2                          0x0800ae5e   Data          45  globalvariable.o(.constdata)
    wdth_showTable3                          0x0800ae8b   Data          58  globalvariable.o(.constdata)
    w5500h_showTable0                        0x0800aec5   Data          38  globalvariable.o(.constdata)
    w5500h_showTable1                        0x0800aeeb   Data          38  globalvariable.o(.constdata)
    w5500h_showTable2                        0x0800af11   Data          38  globalvariable.o(.constdata)
    w5500h_showTable3                        0x0800af37   Data          38  globalvariable.o(.constdata)
    w5500h_showTable4                        0x0800af5d   Data          38  globalvariable.o(.constdata)
    w5500h_showTable5                        0x0800af83   Data          38  globalvariable.o(.constdata)
    w5500h_showTable6                        0x0800afa9   Data          38  globalvariable.o(.constdata)
    w5500h_showTable7                        0x0800afcf   Data          38  globalvariable.o(.constdata)
    w5500h_showTable8                        0x0800aff5   Data          38  globalvariable.o(.constdata)
    wifih_showTable0                         0x0800b01b   Data          39  globalvariable.o(.constdata)
    wifih_showTable1                         0x0800b042   Data          39  globalvariable.o(.constdata)
    wifih_showTable2                         0x0800b069   Data          39  globalvariable.o(.constdata)
    wifih_showTable3                         0x0800b090   Data          39  globalvariable.o(.constdata)
    wifih_showTable4                         0x0800b0b7   Data          39  globalvariable.o(.constdata)
    wifih_showTable5                         0x0800b0de   Data          39  globalvariable.o(.constdata)
    wifih_showTable6                         0x0800b105   Data          39  globalvariable.o(.constdata)
    wifih_showTable7                         0x0800b12c   Data          39  globalvariable.o(.constdata)
    wifih_showTable8                         0x0800b153   Data          39  globalvariable.o(.constdata)
    wifih_showTable9                         0x0800b17a   Data          39  globalvariable.o(.constdata)
    wifih_showTable10                        0x0800b1a1   Data          39  globalvariable.o(.constdata)
    wifih_showTable11                        0x0800b1c8   Data          39  globalvariable.o(.constdata)
    wifih_showTable12                        0x0800b1ef   Data          39  globalvariable.o(.constdata)
    wifih_showTable13                        0x0800b216   Data          39  globalvariable.o(.constdata)
    wifih_showTable14                        0x0800b23d   Data          39  globalvariable.o(.constdata)
    wifih_showTable15                        0x0800b264   Data          39  globalvariable.o(.constdata)
    wifih_showTable16                        0x0800b28b   Data          39  globalvariable.o(.constdata)
    clkh_showTable0                          0x0800b2b2   Data          40  globalvariable.o(.constdata)
    clkh_showTable1                          0x0800b2da   Data          40  globalvariable.o(.constdata)
    clkh_showTable2                          0x0800b302   Data          40  globalvariable.o(.constdata)
    clkh_showTable3                          0x0800b32a   Data          40  globalvariable.o(.constdata)
    defaultTask_attributes                   0x0800b354   Data          36  freertos.o(.constdata)
    netBridgeModbusQueue_attributes          0x0800b378   Data          24  freertos.o(.constdata)
    wifiSendQueue_attributes                 0x0800b390   Data          24  freertos.o(.constdata)
    w5500SendQueue_attributes                0x0800b3a8   Data          24  freertos.o(.constdata)
    AppPrintfMutex_attributes                0x0800b3c0   Data          16  freertos.o(.constdata)
    ReadWriteRegHoldingMutex_attributes      0x0800b3d0   Data          16  freertos.o(.constdata)
    PendingCachePointsMutex_attributes       0x0800b3e0   Data          16  freertos.o(.constdata)
    W25q64Mutex_attributes                   0x0800b3f0   Data          16  freertos.o(.constdata)
    KeyTask_N_attributes                     0x0800b400   Data          36  keytask.o(.constdata)
    DiabcTask_N_attributes                   0x0800b424   Data          36  diabctask.o(.constdata)
    KeyTimerTask_N_attributes                0x0800b448   Data          36  keytimertask.o(.constdata)
    NetBridgeModbus_N_attributes             0x0800b46c   Data          36  netbridgemodbustask.o(.constdata)
    USER_CMD_TABLE                           0x0800b490   Data        1600  netbridgemodbustask.o(.constdata)
    WifiTask_N_attributes                    0x0800bad0   Data          36  wifitask.o(.constdata)
    W5500Task_N_attributes                   0x0800baf4   Data          36  w5500task.o(.constdata)
    WifiSendTask_N_attributes                0x0800bb18   Data          36  wifisendtask.o(.constdata)
    W5500SendTask_N_attributes               0x0800bb3c   Data          36  w5500sendtask.o(.constdata)
    PowerDownDoTask_N_attributes             0x0800bb60   Data          36  powerdowndotask.o(.constdata)
    eMBPollTask_N_attributes                 0x0800bb84   Data          36  embpolltask.o(.constdata)
    CMD_TABLE_SECOND                         0x0800bba8   Data          40  atk_mw8266d.o(.constdata)
    AHBPrescTable                            0x0800bbf0   Data          16  system_stm32f0xx.o(.constdata)
    APBPrescTable                            0x0800bc00   Data           8  system_stm32f0xx.o(.constdata)
    Region$$Table$$Base                      0x0800bd34   Number         0  anon$$obj.o(Region$$Table)
    Region$$Table$$Limit                     0x0800bd54   Number         0  anon$$obj.o(Region$$Table)
    g_diNumTalbe                             0x20000000   Data           8  globalvariable.o(.data)
    g_tcpOrwifiFlag                          0x20000008   Data           1  globalvariable.o(.data)
    g_openFreeModbusFlag                     0x20000009   Data           1  globalvariable.o(.data)
    g_holdingChangeFlag                      0x2000000a   Data           1  globalvariable.o(.data)
    g_at_cipstart_n                          0x2000000b   Data           1  globalvariable.o(.data)
    g_netBridgeModbusQueueN                  0x2000000c   Data           1  globalvariable.o(.data)
    g_wifi_ap_sidd_temp                      0x2000000d   Data          20  globalvariable.o(.data)
    g_wifi_ap_password_temp                  0x20000021   Data          20  globalvariable.o(.data)
    g_wifi_ap_ip_temp                        0x20000035   Data           4  globalvariable.o(.data)
    g_wifi_ap_gw_temp                        0x20000039   Data           4  globalvariable.o(.data)
    g_wifi_ap_sn_temp                        0x2000003d   Data           4  globalvariable.o(.data)
    g_wifi_sta_sidd_temp                     0x20000041   Data          30  globalvariable.o(.data)
    g_wifi_sta_password_temp                 0x2000005f   Data          20  globalvariable.o(.data)
    g_wifi_sta_ip_temp                       0x20000073   Data           4  globalvariable.o(.data)
    g_wifi_sta_gw_temp                       0x20000077   Data           4  globalvariable.o(.data)
    g_wifi_sta_sn_temp                       0x2000007b   Data           4  globalvariable.o(.data)
    g_wifi_sta_dhcpIp_temp                   0x2000007f   Data           4  globalvariable.o(.data)
    g_wifi_sta_sever_port_temp               0x20000083   Data          20  globalvariable.o(.data)
    g_w5500_local_ip                         0x20000097   Data           4  globalvariable.o(.data)
    g_w5500_subnet                           0x2000009b   Data           4  globalvariable.o(.data)
    g_w5500_gateway                          0x2000009f   Data           4  globalvariable.o(.data)
    g_w5500_mac                              0x200000a3   Data           6  globalvariable.o(.data)
    g_w5500_dns_server                       0x200000a9   Data           4  globalvariable.o(.data)
    g_w5500_local_port                       0x200000ae   Data           2  globalvariable.o(.data)
    g_wifiSendPingPongFLag                   0x200000b0   Data           1  globalvariable.o(.data)
    g_w5500SendPingPongFLag                  0x200000b1   Data           1  globalvariable.o(.data)
    g_justTimerStruct                        0x200000b2   Data           8  globalvariable.o(.data)
    g_wantSetTimerStruct                     0x200000ba   Data           8  globalvariable.o(.data)
    g_writeRX8025TimerFlag                   0x200000c2   Data           1  globalvariable.o(.data)
    g_readingRX8025TimerFlag                 0x200000c3   Data           1  globalvariable.o(.data)
    g_w5500EnFlag                            0x200000c4   Data           1  globalvariable.o(.data)
    g_wifiEnFlag                             0x200000c5   Data           1  globalvariable.o(.data)
    g_dhcpip_staticip_flag                   0x200000c6   Data           1  globalvariable.o(.data)
    g_wifi_receive_data_num                  0x200000c7   Data           1  globalvariable.o(.data)
    defaultTaskHandle                        0x200000d0   Data           4  freertos.o(.data)
    netBridgeModbusQueueHandle               0x200000d4   Data           4  freertos.o(.data)
    wifiSendQueueHandle                      0x200000d8   Data           4  freertos.o(.data)
    w5500SendQueueHandle                     0x200000dc   Data           4  freertos.o(.data)
    AppPrintfMutexHandle                     0x200000e0   Data           4  freertos.o(.data)
    ReadWriteRegHoldingMutexHandle           0x200000e4   Data           4  freertos.o(.data)
    PendingCachePointsMutexHandle            0x200000e8   Data           4  freertos.o(.data)
    W25q64MutexHandle                        0x200000ec   Data           4  freertos.o(.data)
    i_keyTable                               0x200000f0   Data           6  keytask.o(.data)
    i_keyState                               0x200000f6   Data           6  keytask.o(.data)
    KeyTask_NHandle                          0x200000fc   Data           4  keytask.o(.data)
    DiabcTask_NHandle                        0x20000100   Data           4  diabctask.o(.data)
    KeyTimerTask_NHandle                     0x20000104   Data           4  keytimertask.o(.data)
    NetBridgeModbus_NHandle                  0x20000108   Data           4  netbridgemodbustask.o(.data)
    comRet                                   0x2000010c   Data           4  netbridgemodbustask.o(.data)
    WifiTask_NHandle                         0x20000110   Data           4  wifitask.o(.data)
    W5500Task_NHandle                        0x20000114   Data           4  w5500task.o(.data)
    WifiSendTask_NHandle                     0x20000118   Data           4  wifisendtask.o(.data)
    W5500SendTask_NHandle                    0x2000011c   Data           4  w5500sendtask.o(.data)
    PowerDownDoTask_NHandle                  0x20000120   Data           4  powerdowndotask.o(.data)
    eMBPollTask_NHandle                      0x20000124   Data           4  embpolltask.o(.data)
    CMDretFirst                              0x2000012c   Data           4  atk_mw8266d.o(.data)
    CMDret                                   0x20000130   Data           4  atk_mw8266d.o(.data)
    cmdTableStrAETX                          0x20000134   Data           8  atk_mw8266d.o(.data)
    ip_from                                  0x2000013c   Data           1  w5500_conf.o(.data)
    dhcp_ok                                  0x2000013d   Data           1  w5500_conf.o(.data)
    ntptimer                                 0x2000013e   Data           1  w5500_conf.o(.data)
    ms                                       0x20000140   Data           4  w5500_conf.o(.data)
    dhcp_time                                0x20000144   Data           4  w5500_conf.o(.data)
    txsize                                   0x20000148   Data           8  w5500.o(.data)
    rxsize                                   0x20000150   Data           8  w5500.o(.data)
    usRegInputStart                          0x2000015a   Data           2  port_fm.o(.data)
    usRegHoldingStart                        0x2000015c   Data           2  port_fm.o(.data)
    ucRegCoilsBuf                            0x2000015e   Data           2  port_fm.o(.data)
    usRegDiscreteBuf                         0x20000160   Data           2  port_fm.o(.data)
    usTCPBufLen                              0x20000162   Data           2  porttcp.o(.data)
    pxCurrentTCB                             0x2000020c   Data           4  tasks.o(.data)
    uwTickFreq                               0x2000027c   Data           1  stm32f0xx_hal.o(.data)
    uwTickPrio                               0x20000280   Data           4  stm32f0xx_hal.o(.data)
    uwTick                                   0x20000284   Data           4  stm32f0xx_hal.o(.data)
    SystemCoreClock                          0x20000288   Data           4  system_stm32f0xx.o(.data)
    __stdout                                 0x20000290   Data           4  stdout.o(.data)
    g_keyStateTalbe                          0x20000294   Data          12  globalvariable.o(.bss)
    g_keyTimeTalbe                           0x200002a0   Data          12  globalvariable.o(.bss)
    g_netBridgeModbusQueueTable              0x200002ac   Data          32  globalvariable.o(.bss)
    g_wifiSendbuff                           0x200002cc   Data         366  globalvariable.o(.bss)
    g_w5500Sendbuff                          0x2000043a   Data         366  globalvariable.o(.bss)
    read_buffU8                              0x200005a8   Data          16  freertos.o(.bss)
    read_buffU16                             0x200005b8   Data          16  freertos.o(.bss)
    hi2c1                                    0x200005c8   Data          84  i2c.o(.bss)
    hspi1                                    0x2000061c   Data         100  spi.o(.bss)
    hspi2                                    0x20000680   Data         100  spi.o(.bss)
    htim6                                    0x200006e4   Data          72  tim.o(.bss)
    huart1                                   0x2000072c   Data         136  usart.o(.bss)
    huart4                                   0x200007b4   Data         136  usart.o(.bss)
    charTable                                0x2000083c   Data          12  netbridgemodbustask.o(.bss)
    save_Buffer                              0x20000848   Data          20  powerdowndotask.o(.bss)
    AT_MW8266_strcut                         0x2000085c   Data         540  atk_mw8266d.o(.bss)
    buffWifi                                 0x20000a78   Data         110  atk_mw8266d.o(.bss)
    cmdTableStrMODEX                         0x20000ae6   Data          15  atk_mw8266d.o(.bss)
    cmdTable_CIPSTA                          0x20000af5   Data          70  atk_mw8266d.o(.bss)
    cmdTable_CIPAP                           0x20000b3b   Data          70  atk_mw8266d.o(.bss)
    cmdTable_CWSAP                           0x20000b81   Data          70  atk_mw8266d.o(.bss)
    cmdTable_CWJAP                           0x20000bc7   Data          85  atk_mw8266d.o(.bss)
    cmdTable_CIPSERVER                       0x20000c1c   Data          20  atk_mw8266d.o(.bss)
    cmdTable_CWDHCP                          0x20000c30   Data          20  atk_mw8266d.o(.bss)
    ConfigMsg                                0x20000d8b   Data          28  w5500_conf.o(.bss)
    EEPROM_MSG                               0x20000da7   Data          18  w5500_conf.o(.bss)
    SSIZE                                    0x20000dba   Data          16  w5500.o(.bss)
    RSIZE                                    0x20000dca   Data          16  w5500.o(.bss)
    DHCP_GET                                 0x20000dda   Data          22  dhcp.o(.bss)
    buff                                     0x20000df0   Data         110  tcp_dowithsub.o(.bss)
    W25Q128_BUFFER                           0x20000e5e   Data        4096  w25q64.o(.bss)
    usRegHoldingBuf                          0x20001e5e   Data          32  port_fm.o(.bss)
    usRegInputBuf                            0x20001e7e   Data          16  port_fm.o(.bss)
    aucTCPBuf                                0x20001e8e   Data         107  porttcp.o(.bss)
    xQueueRegistry                           0x20001f1c   Data          64  queue.o(.bss)
    __initial_sp                             0x20006c10   Data           0  startup_stm32f030xc.o(STACK)



==============================================================================

Memory Map of the image

  Image Entry point : 0x080000b9

  Load Region LR_IROM1 (Base: 0x08000000, Size: 0x0000bfe8, Max: 0x00040000, ABSOLUTE, COMPRESSED[0x0000be0c])

    Execution Region ER_IROM1 (Exec base: 0x08000000, Load base: 0x08000000, Size: 0x0000bd54, Max: 0x00040000, ABSOLUTE)

    Exec Addr    Load Addr    Size         Type   Attr      Idx    E Section Name        Object

    0x08000000   0x08000000   0x000000b8   Data   RO          335    RESET               startup_stm32f030xc.o
    0x080000b8   0x080000b8   0x00000000   Code   RO         7904  * .ARM.Collect$$$$00000000  mc_p.l(entry.o)
    0x080000b8   0x080000b8   0x00000004   Code   RO         8200    .ARM.Collect$$$$00000001  mc_p.l(entry2.o)
    0x080000bc   0x080000bc   0x00000004   Code   RO         8203    .ARM.Collect$$$$00000004  mc_p.l(entry5.o)
    0x080000c0   0x080000c0   0x00000000   Code   RO         8205    .ARM.Collect$$$$00000008  mc_p.l(entry7b.o)
    0x080000c0   0x080000c0   0x00000000   Code   RO         8207    .ARM.Collect$$$$0000000A  mc_p.l(entry8b.o)
    0x080000c0   0x080000c0   0x00000008   Code   RO         8208    .ARM.Collect$$$$0000000B  mc_p.l(entry9a.o)
    0x080000c8   0x080000c8   0x00000004   Code   RO         8215    .ARM.Collect$$$$0000000E  mc_p.l(entry12b.o)
    0x080000cc   0x080000cc   0x00000000   Code   RO         8210    .ARM.Collect$$$$0000000F  mc_p.l(entry10a.o)
    0x080000cc   0x080000cc   0x00000000   Code   RO         8212    .ARM.Collect$$$$00000011  mc_p.l(entry11a.o)
    0x080000cc   0x080000cc   0x00000004   Code   RO         8201    .ARM.Collect$$$$00002712  mc_p.l(entry2.o)
    0x080000d0   0x080000d0   0x00000078   Code   RO         4677    .emb_text           port.o
    0x08000148   0x08000148   0x0000001c   Code   RO          336    .text               startup_stm32f030xc.o
    0x08000164   0x08000164   0x0000002c   Code   RO         7907    .text               mc_p.l(uidiv.o)
    0x08000190   0x08000190   0x00000060   Code   RO         7909    .text               mc_p.l(uldiv.o)
    0x080001f0   0x080001f0   0x00000022   Code   RO         7911    .text               mc_p.l(llushr.o)
    0x08000212   0x08000212   0x00000024   Code   RO         7915    .text               mc_p.l(memcpya.o)
    0x08000236   0x08000236   0x00000024   Code   RO         7919    .text               mc_p.l(memseta.o)
    0x0800025a   0x0800025a   0x00000028   Code   RO         7921    .text               mc_p.l(strstr.o)
    0x08000282   0x08000282   0x0000000e   Code   RO         7925    .text               mc_p.l(strlen.o)
    0x08000290   0x08000290   0x00000012   Code   RO         7929    .text               mc_p.l(strcpy.o)
    0x080002a2   0x080002a2   0x00000002   PAD
    0x080002a4   0x080002a4   0x00000048   Code   RO         7931    .text               mc_p.l(strtok.o)
    0x080002ec   0x080002ec   0x00000020   Code   RO         8217    .text               mc_p.l(llshl.o)
    0x0800030c   0x0800030c   0x00000000   Code   RO         8219    .text               mc_p.l(iusefp.o)
    0x0800030c   0x0800030c   0x00000168   Code   RO         8220    .text               mf_p.l(dadd.o)
    0x08000474   0x08000474   0x000000d0   Code   RO         8222    .text               mf_p.l(dmul.o)
    0x08000544   0x08000544   0x000000f0   Code   RO         8224    .text               mf_p.l(ddiv.o)
    0x08000634   0x08000634   0x00000040   Code   RO         8226    .text               mf_p.l(dfixul.o)
    0x08000674   0x08000674   0x00000028   Code   RO         8228    .text               mf_p.l(cdrcmple.o)
    0x0800069c   0x0800069c   0x00000024   Code   RO         8230    .text               mc_p.l(init.o)
    0x080006c0   0x080006c0   0x00000026   Code   RO         8232    .text               mc_p.l(llsshr.o)
    0x080006e6   0x080006e6   0x000000be   Code   RO         8234    .text               mf_p.l(depilogue.o)
    0x080007a4   0x080007a4   0x00000056   Code   RO         8246    .text               mc_p.l(__dczerorl2.o)
    0x080007fa   0x080007fa   0x00000002   PAD
    0x080007fc   0x080007fc   0x00000084   Code   RO         1553    i.ATK_MW8266D_UART_IRQHandler  atk_mw8266d_uart.o
    0x08000880   0x08000880   0x000003cc   Code   RO         1452    i.AT_MW8266_strcut_init  atk_mw8266d.o
    0x08000c4c   0x08000c4c   0x00000040   Code   RO          791    i.App_Printf        usart.o
    0x08000c8c   0x08000c8c   0x000001c0   Code   RO          966    i.COCO_MX_FREERTOS_Init  coco_startostasksub.o
    0x08000e4c   0x08000e4c   0x000000d8   Code   RO          600    i.ClearParameter    freertos.o
    0x08000f24   0x08000f24   0x00000114   Code   RO         1047    i.DiabcTask         diabctask.o
    0x08001038   0x08001038   0x00000004   Code   RO          342    i.Error_Handler     main.o
    0x0800103c   0x0800103c   0x00000040   Code   RO         5599    i.HAL_DMA_Abort     stm32f0xx_hal_dma.o
    0x0800107c   0x0800107c   0x00000048   Code   RO         5600    i.HAL_DMA_Abort_IT  stm32f0xx_hal_dma.o
    0x080010c4   0x080010c4   0x000001a4   Code   RO         5538    i.HAL_GPIO_Init     stm32f0xx_hal_gpio.o
    0x08001268   0x08001268   0x0000000a   Code   RO         5540    i.HAL_GPIO_ReadPin  stm32f0xx_hal_gpio.o
    0x08001272   0x08001272   0x0000000c   Code   RO         5542    i.HAL_GPIO_WritePin  stm32f0xx_hal_gpio.o
    0x0800127e   0x0800127e   0x00000002   PAD
    0x08001280   0x08001280   0x0000000c   Code   RO         4880    i.HAL_GetTick       stm32f0xx_hal.o
    0x0800128c   0x0800128c   0x0000000c   Code   RO         4884    i.HAL_GetUIDw1      stm32f0xx_hal.o
    0x08001298   0x08001298   0x0000000c   Code   RO         4885    i.HAL_GetUIDw2      stm32f0xx_hal.o
    0x080012a4   0x080012a4   0x0000004a   Code   RO         5497    i.HAL_I2CEx_ConfigAnalogFilter  stm32f0xx_hal_i2c_ex.o
    0x080012ee   0x080012ee   0x00000048   Code   RO         5498    i.HAL_I2CEx_ConfigDigitalFilter  stm32f0xx_hal_i2c_ex.o
    0x08001336   0x08001336   0x00000002   PAD
    0x08001338   0x08001338   0x000000b4   Code   RO         5040    i.HAL_I2C_Init      stm32f0xx_hal_i2c.o
    0x080013ec   0x080013ec   0x00000120   Code   RO         5041    i.HAL_I2C_IsDeviceReady  stm32f0xx_hal_i2c.o
    0x0800150c   0x0800150c   0x00000154   Code   RO         5058    i.HAL_I2C_Mem_Read  stm32f0xx_hal_i2c.o
    0x08001660   0x08001660   0x0000014c   Code   RO         5061    i.HAL_I2C_Mem_Write  stm32f0xx_hal_i2c.o
    0x080017ac   0x080017ac   0x00000064   Code   RO          672    i.HAL_I2C_MspInit   i2c.o
    0x08001810   0x08001810   0x00000010   Code   RO         4886    i.HAL_IncTick       stm32f0xx_hal.o
    0x08001820   0x08001820   0x00000020   Code   RO         4887    i.HAL_Init          stm32f0xx_hal.o
    0x08001840   0x08001840   0x00000044   Code   RO         4888    i.HAL_InitTick      stm32f0xx_hal.o
    0x08001884   0x08001884   0x00000030   Code   RO          946    i.HAL_MspInit       stm32f0xx_hal_msp.o
    0x080018b4   0x080018b4   0x00000018   Code   RO         5695    i.HAL_NVIC_EnableIRQ  stm32f0xx_hal_cortex.o
    0x080018cc   0x080018cc   0x00000008   Code   RO         5699    i.HAL_NVIC_SetPriority  stm32f0xx_hal_cortex.o
    0x080018d4   0x080018d4   0x0000001c   Code   RO         5700    i.HAL_NVIC_SystemReset  stm32f0xx_hal_cortex.o
    0x080018f0   0x080018f0   0x000000e8   Code   RO         4841    i.HAL_RCCEx_PeriphCLKConfig  stm32f0xx_hal_rcc_ex.o
    0x080019d8   0x080019d8   0x00000108   Code   RO         4745    i.HAL_RCC_ClockConfig  stm32f0xx_hal_rcc.o
    0x08001ae0   0x08001ae0   0x00000020   Code   RO         4752    i.HAL_RCC_GetPCLK1Freq  stm32f0xx_hal_rcc.o
    0x08001b00   0x08001b00   0x0000004c   Code   RO         4753    i.HAL_RCC_GetSysClockFreq  stm32f0xx_hal_rcc.o
    0x08001b4c   0x08001b4c   0x00000388   Code   RO         4756    i.HAL_RCC_OscConfig  stm32f0xx_hal_rcc.o
    0x08001ed4   0x08001ed4   0x000000ee   Code   RO         6146    i.HAL_SPI_Init      stm32f0xx_hal_spi.o
    0x08001fc2   0x08001fc2   0x00000002   PAD
    0x08001fc4   0x08001fc4   0x0000008c   Code   RO          710    i.HAL_SPI_MspInit   spi.o
    0x08002050   0x08002050   0x000001f8   Code   RO         6155    i.HAL_SPI_TransmitReceive  stm32f0xx_hal_spi.o
    0x08002248   0x08002248   0x00000030   Code   RO         5703    i.HAL_SYSTICK_Config  stm32f0xx_hal_cortex.o
    0x08002278   0x08002278   0x00000002   Code   RO         7180    i.HAL_TIMEx_BreakCallback  stm32f0xx_hal_tim_ex.o
    0x0800227a   0x0800227a   0x00000002   Code   RO         7181    i.HAL_TIMEx_CommutCallback  stm32f0xx_hal_tim_ex.o
    0x0800227c   0x0800227c   0x00000048   Code   RO         6480    i.HAL_TIM_Base_Init  stm32f0xx_hal_tim.o
    0x080022c4   0x080022c4   0x00000034   Code   RO          754    i.HAL_TIM_Base_MspInit  tim.o
    0x080022f8   0x080022f8   0x00000002   Code   RO         6514    i.HAL_TIM_IC_CaptureCallback  stm32f0xx_hal_tim.o
    0x080022fa   0x080022fa   0x00000162   Code   RO         6528    i.HAL_TIM_IRQHandler  stm32f0xx_hal_tim.o
    0x0800245c   0x0800245c   0x00000002   Code   RO         6531    i.HAL_TIM_OC_DelayElapsedCallback  stm32f0xx_hal_tim.o
    0x0800245e   0x0800245e   0x00000002   Code   RO         6558    i.HAL_TIM_PWM_PulseFinishedCallback  stm32f0xx_hal_tim.o
    0x08002460   0x08002460   0x00000034   Code   RO         1616    i.HAL_TIM_PeriodElapsedCallback  w5500_conf.o
    0x08002494   0x08002494   0x00000002   Code   RO         6571    i.HAL_TIM_TriggerCallback  stm32f0xx_hal_tim.o
    0x08002496   0x08002496   0x00000002   Code   RO         7450    i.HAL_UARTEx_RxEventCallback  stm32f0xx_hal_uart.o
    0x08002498   0x08002498   0x00000028   Code   RO         1554    i.HAL_UART_ErrorCallback  atk_mw8266d_uart.o
    0x080024c0   0x080024c0   0x00000294   Code   RO         7469    i.HAL_UART_IRQHandler  stm32f0xx_hal_uart.o
    0x08002754   0x08002754   0x0000006a   Code   RO         7470    i.HAL_UART_Init     stm32f0xx_hal_uart.o
    0x080027be   0x080027be   0x00000002   PAD
    0x080027c0   0x080027c0   0x000000c4   Code   RO          794    i.HAL_UART_MspInit  usart.o
    0x08002884   0x08002884   0x00000108   Code   RO         7473    i.HAL_UART_Receive  stm32f0xx_hal_uart.o
    0x0800298c   0x0800298c   0x000000c0   Code   RO         7479    i.HAL_UART_Transmit  stm32f0xx_hal_uart.o
    0x08002a4c   0x08002a4c   0x00000002   Code   RO         7482    i.HAL_UART_TxCpltCallback  stm32f0xx_hal_uart.o
    0x08002a4e   0x08002a4e   0x00000002   Code   RO          888    i.HardFault_Handler  stm32f0xx_it.o
    0x08002a50   0x08002a50   0x00000022   Code   RO         5087    i.I2C_Flush_TXDR    stm32f0xx_hal_i2c.o
    0x08002a72   0x08002a72   0x00000002   PAD
    0x08002a74   0x08002a74   0x00000110   Code   RO         5095    i.I2C_IsErrorOccurred  stm32f0xx_hal_i2c.o
    0x08002b84   0x08002b84   0x00000060   Code   RO         5100    i.I2C_RequestMemoryRead  stm32f0xx_hal_i2c.o
    0x08002be4   0x08002be4   0x00000060   Code   RO         5101    i.I2C_RequestMemoryWrite  stm32f0xx_hal_i2c.o
    0x08002c44   0x08002c44   0x0000002c   Code   RO         5104    i.I2C_TransferConfig  stm32f0xx_hal_i2c.o
    0x08002c70   0x08002c70   0x00000062   Code   RO         5106    i.I2C_WaitOnFlagUntilTimeout  stm32f0xx_hal_i2c.o
    0x08002cd2   0x08002cd2   0x00000056   Code   RO         5108    i.I2C_WaitOnSTOPFlagUntilTimeout  stm32f0xx_hal_i2c.o
    0x08002d28   0x08002d28   0x0000005a   Code   RO         5109    i.I2C_WaitOnTXISFlagUntilTimeout  stm32f0xx_hal_i2c.o
    0x08002d82   0x08002d82   0x00000002   PAD
    0x08002d84   0x08002d84   0x00000018   Code   RO         2400    i.I2cIsDeviceReady  bl8025.o
    0x08002d9c   0x08002d9c   0x00000034   Code   RO         1617    i.IINCHIP_READ      w5500_conf.o
    0x08002dd0   0x08002dd0   0x00000008   Code   RO         1618    i.IINCHIP_SpiSendData  w5500_conf.o
    0x08002dd8   0x08002dd8   0x00000036   Code   RO         1619    i.IINCHIP_WRITE     w5500_conf.o
    0x08002e0e   0x08002e0e   0x00000002   PAD
    0x08002e10   0x08002e10   0x000000a8   Code   RO          993    i.Key1Test          keytask.o
    0x08002eb8   0x08002eb8   0x0000009c   Code   RO          994    i.Key2Test          keytask.o
    0x08002f54   0x08002f54   0x0000009c   Code   RO          995    i.Key3Test          keytask.o
    0x08002ff0   0x08002ff0   0x0000009c   Code   RO          996    i.Key4Test          keytask.o
    0x0800308c   0x0800308c   0x0000009c   Code   RO          997    i.Key5Test          keytask.o
    0x08003128   0x08003128   0x0000001c   Code   RO          998    i.KeyTask           keytask.o
    0x08003144   0x08003144   0x0000006c   Code   RO         1075    i.KeyTimerTask      keytimertask.o
    0x080031b0   0x080031b0   0x00000070   Code   RO          601    i.MX_FREERTOS_Init  freertos.o
    0x08003220   0x08003220   0x00000110   Code   RO          479    i.MX_GPIO_Init      gpio.o
    0x08003330   0x08003330   0x0000005c   Code   RO          673    i.MX_I2C1_Init      i2c.o
    0x0800338c   0x0800338c   0x0000004c   Code   RO          711    i.MX_SPI1_Init      spi.o
    0x080033d8   0x080033d8   0x0000004c   Code   RO          712    i.MX_SPI2_Init      spi.o
    0x08003424   0x08003424   0x00000030   Code   RO          755    i.MX_TIM6_Init      tim.o
    0x08003454   0x08003454   0x00000038   Code   RO          795    i.MX_USART1_UART_Init  usart.o
    0x0800348c   0x0800348c   0x00000038   Code   RO          796    i.MX_USART4_UART_Init  usart.o
    0x080034c4   0x080034c4   0x00000002   Code   RO          889    i.NMI_Handler       stm32f0xx_it.o
    0x080034c6   0x080034c6   0x00000002   PAD
    0x080034c8   0x080034c8   0x000000e0   Code   RO         1103    i.NetBridgeModbus   netbridgemodbustask.o
    0x080035a8   0x080035a8   0x00000090   Code   RO         1354    i.PowerDownDoTask   powerdowndotask.o
    0x08003638   0x08003638   0x000000a0   Code   RO         1355    i.PowerDownFrontSaveParameter  powerdowndotask.o
    0x080036d8   0x080036d8   0x00000bc4   Code   RO          602    i.PowerOnAfterReadParameter  freertos.o
    0x0800429c   0x0800429c   0x000000f4   Code   RO          603    i.PowerOnTestDoWith  freertos.o
    0x08004390   0x08004390   0x0000001c   Code   RO         2401    i.ReadI2cData       bl8025.o
    0x080043ac   0x080043ac   0x0000004c   Code   RO         6184    i.SPI_EndRxTxTransaction  stm32f0xx_hal_spi.o
    0x080043f8   0x080043f8   0x00000020   Code   RO         2270    i.SPI_FLASH_SendByte  w25q64.o
    0x08004418   0x08004418   0x00000020   Code   RO         1620    i.SPI_SendByte      w5500_conf.o
    0x08004438   0x08004438   0x000000d8   Code   RO         6189    i.SPI_WaitFifoStateUntilTimeout  stm32f0xx_hal_spi.o
    0x08004510   0x08004510   0x000000b8   Code   RO         6190    i.SPI_WaitFlagStateUntilTimeout  stm32f0xx_hal_spi.o
    0x080045c8   0x080045c8   0x00000002   Code   RO         4678    i.SVC_Handler       port.o
    0x080045ca   0x080045ca   0x00000002   PAD
    0x080045cc   0x080045cc   0x00000134   Code   RO          604    i.StartDefaultTask  freertos.o
    0x08004700   0x08004700   0x00000014   Code   RO          890    i.SysTick_Handler   stm32f0xx_it.o
    0x08004714   0x08004714   0x0000007c   Code   RO          343    i.SystemClock_Config  main.o
    0x08004790   0x08004790   0x00000002   Code   RO         7873    i.SystemInit        system_stm32f0xx.o
    0x08004792   0x08004792   0x00000002   PAD
    0x08004794   0x08004794   0x00000010   Code   RO          891    i.TIM6_IRQHandler   stm32f0xx_it.o
    0x080047a4   0x080047a4   0x00000088   Code   RO         6573    i.TIM_Base_SetConfig  stm32f0xx_hal_tim.o
    0x0800482c   0x0800482c   0x000001c8   Code   RO         2238    i.TcpServerDoWith   tcp_dowithsub.o
    0x080049f4   0x080049f4   0x00000100   Code   RO          605    i.TestClockClear_1000ms  freertos.o
    0x08004af4   0x08004af4   0x000000ca   Code   RO         7484    i.UART_AdvFeatureConfig  stm32f0xx_hal_uart.o
    0x08004bbe   0x08004bbe   0x00000002   PAD
    0x08004bc0   0x08004bc0   0x000000c4   Code   RO         7485    i.UART_CheckIdleState  stm32f0xx_hal_uart.o
    0x08004c84   0x08004c84   0x00000014   Code   RO         7486    i.UART_DMAAbortOnError  stm32f0xx_hal_uart.o
    0x08004c98   0x08004c98   0x00000060   Code   RO         7496    i.UART_EndRxTransfer  stm32f0xx_hal_uart.o
    0x08004cf8   0x08004cf8   0x00000158   Code   RO         7500    i.UART_SetConfig    stm32f0xx_hal_uart.o
    0x08004e50   0x08004e50   0x0000008a   Code   RO         7505    i.UART_WaitOnFlagUntilTimeout  stm32f0xx_hal_uart.o
    0x08004eda   0x08004eda   0x00000002   PAD
    0x08004edc   0x08004edc   0x00000014   Code   RO          892    i.USART3_6_IRQHandler  stm32f0xx_it.o
    0x08004ef0   0x08004ef0   0x0000004a   Code   RO         2272    i.W25Q128_Erase_Sector  w25q64.o
    0x08004f3a   0x08004f3a   0x00000056   Code   RO         2274    i.W25Q128_Read      w25q64.o
    0x08004f90   0x08004f90   0x00000042   Code   RO         2275    i.W25Q128_ReadDeviceID  w25q64.o
    0x08004fd2   0x08004fd2   0x0000004c   Code   RO         2276    i.W25Q128_ReadID    w25q64.o
    0x0800501e   0x0800501e   0x00000030   Code   RO         2277    i.W25Q128_ReadSR    w25q64.o
    0x0800504e   0x0800504e   0x00000008   Code   RO         2278    i.W25Q128_ReadWriteByte  w25q64.o
    0x08005056   0x08005056   0x00000002   PAD
    0x08005058   0x08005058   0x0000010c   Code   RO         2279    i.W25Q128_TypeTest  w25q64.o
    0x08005164   0x08005164   0x0000000c   Code   RO         2281    i.W25Q128_Wait_Busy  w25q64.o
    0x08005170   0x08005170   0x000000a4   Code   RO         2282    i.W25Q128_Write     w25q64.o
    0x08005214   0x08005214   0x00000026   Code   RO         2285    i.W25Q128_Write_Enable  w25q64.o
    0x0800523a   0x0800523a   0x0000003a   Code   RO         2286    i.W25Q128_Write_NoCheck  w25q64.o
    0x08005274   0x08005274   0x0000005c   Code   RO         2287    i.W25Q128_Write_Page  w25q64.o
    0x080052d0   0x080052d0   0x00000074   Code   RO         1326    i.W5500SendTask     w5500sendtask.o
    0x08005344   0x08005344   0x00000064   Code   RO         1256    i.W5500Task         w5500task.o
    0x080053a8   0x080053a8   0x000000b8   Code   RO         1298    i.WifiSendTask      wifisendtask.o
    0x08005460   0x08005460   0x000000ec   Code   RO         1225    i.WifiTask          wifitask.o
    0x0800554c   0x0800554c   0x0000001c   Code   RO         2402    i.WriteI2cData      bl8025.o
    0x08005568   0x08005568   0x00000020   Code   RO         8172    i.__0printf         mc_p.l(printfa.o)
    0x08005588   0x08005588   0x00000028   Code   RO         8174    i.__0sprintf        mc_p.l(printfa.o)
    0x080055b0   0x080055b0   0x00000030   Code   RO         8177    i.__0vsnprintf      mc_p.l(printfa.o)
    0x080055e0   0x080055e0   0x00000024   Code   RO         8178    i.__0vsprintf       mc_p.l(printfa.o)
    0x08005604   0x08005604   0x0000002e   Code   RO         8236    i.__ARM_clz         mf_p.l(depilogue.o)
    0x08005632   0x08005632   0x00000030   Code   RO         4831    i.__ARM_common_ll_muluu  stm32f0xx_hal_rcc.o
    0x08005662   0x08005662   0x0000001a   Code   RO         1198    i.__ARM_common_switch8  netbridgemodbustask.o
    0x0800567c   0x0800567c   0x00000044   Code   RO         5705    i.__NVIC_SetPriority  stm32f0xx_hal_cortex.o
    0x080056c0   0x080056c0   0x0000000e   Code   RO         8240    i.__scatterload_copy  mc_p.l(handlers.o)
    0x080056ce   0x080056ce   0x00000002   Code   RO         8241    i.__scatterload_null  mc_p.l(handlers.o)
    0x080056d0   0x080056d0   0x0000000e   Code   RO         8242    i.__scatterload_zeroinit  mc_p.l(handlers.o)
    0x080056de   0x080056de   0x00000002   PAD
    0x080056e0   0x080056e0   0x00000174   Code   RO         8179    i._fp_digits        mc_p.l(printfa.o)
    0x08005854   0x08005854   0x000006f0   Code   RO         8180    i._printf_core      mc_p.l(printfa.o)
    0x08005f44   0x08005f44   0x00000020   Code   RO         8181    i._printf_post_padding  mc_p.l(printfa.o)
    0x08005f64   0x08005f64   0x0000002c   Code   RO         8182    i._printf_pre_padding  mc_p.l(printfa.o)
    0x08005f90   0x08005f90   0x00000016   Code   RO         8183    i._snputc           mc_p.l(printfa.o)
    0x08005fa6   0x08005fa6   0x0000000a   Code   RO         8184    i._sputc            mc_p.l(printfa.o)
    0x08005fb0   0x08005fb0   0x0000005c   Code   RO         1453    i.atk_mw8266dDoWhitOneAtCmd  atk_mw8266d.o
    0x0800600c   0x0800600c   0x00000054   Code   RO         1454    i.atk_mw8266dSendAtCmd  atk_mw8266d.o
    0x08006060   0x08006060   0x00000078   Code   RO         1455    i.atk_mw8266dSendAtCmdIP  atk_mw8266d.o
    0x080060d8   0x080060d8   0x0000003c   Code   RO         1456    i.atk_mw8266dSendAtCmdStatus  atk_mw8266d.o
    0x08006114   0x08006114   0x00000198   Code   RO         1457    i.atk_mw8266d_monitor_second  atk_mw8266d.o
    0x080062ac   0x080062ac   0x00000030   Code   RO         1555    i.atk_mw8266d_uart_printf  atk_mw8266d_uart.o
    0x080062dc   0x080062dc   0x00000020   Code   RO         1556    i.atk_mw8266d_uart_rx_get_frame  atk_mw8266d_uart.o
    0x080062fc   0x080062fc   0x0000000c   Code   RO         1558    i.atk_mw8266d_uart_rx_restart  atk_mw8266d_uart.o
    0x08006308   0x08006308   0x00000084   Code   RO         2403    i.bsp_GetRtcTime    bl8025.o
    0x0800638c   0x0800638c   0x00000068   Code   RO         2404    i.bsp_InitRtc       bl8025.o
    0x080063f4   0x080063f4   0x0000003c   Code   RO         2405    i.bsp_ReadRtcWeekChange  bl8025.o
    0x08006430   0x08006430   0x00000076   Code   RO         2407    i.bsp_SetRtcTime    bl8025.o
    0x080064a6   0x080064a6   0x00000030   Code   RO         2408    i.bsp_WriteRtcWeekChange  bl8025.o
    0x080064d6   0x080064d6   0x00000002   PAD
    0x080064d8   0x080064d8   0x00000084   Code   RO         1104    i.charDoSubxxx      netbridgemodbustask.o
    0x0800655c   0x0800655c   0x000000ac   Code   RO         1458    i.charIpDoSubxxx    atk_mw8266d.o
    0x08006608   0x08006608   0x0000002a   Code   RO         1932    i.close             socket.o
    0x08006632   0x08006632   0x00000002   PAD
    0x08006634   0x08006634   0x000000e8   Code   RO         1105    i.cmd_clk           netbridgemodbustask.o
    0x0800671c   0x0800671c   0x00000300   Code   RO         1106    i.cmd_w5500         netbridgemodbustask.o
    0x08006a1c   0x08006a1c   0x0000010c   Code   RO         1107    i.cmd_wdt           netbridgemodbustask.o
    0x08006b28   0x08006b28   0x000000b4   Code   RO         1108    i.cmd_wdt_send_Data  netbridgemodbustask.o
    0x08006bdc   0x08006bdc   0x000008a0   Code   RO         1109    i.cmd_wifi          netbridgemodbustask.o
    0x0800747c   0x0800747c   0x00000020   Code   RO         2732    i.eMBEnable         mb.o
    0x0800749c   0x0800749c   0x00000070   Code   RO         2848    i.eMBFuncReadCoils  mbfunccoils.o
    0x0800750c   0x0800750c   0x00000070   Code   RO         2883    i.eMBFuncReadDiscreteInputs  mbfuncdisc.o
    0x0800757c   0x0800757c   0x00000056   Code   RO         2903    i.eMBFuncReadHoldingRegister  mbfuncholding.o
    0x080075d2   0x080075d2   0x0000005a   Code   RO         2941    i.eMBFuncReadInputRegister  mbfuncinput.o
    0x0800762c   0x0800762c   0x0000009c   Code   RO         2904    i.eMBFuncReadWriteMultipleHoldingRegister  mbfuncholding.o
    0x080076c8   0x080076c8   0x00000024   Code   RO         2961    i.eMBFuncReportSlaveID  mbfuncother.o
    0x080076ec   0x080076ec   0x00000052   Code   RO         2849    i.eMBFuncWriteCoil  mbfunccoils.o
    0x0800773e   0x0800773e   0x0000002e   Code   RO         2905    i.eMBFuncWriteHoldingRegister  mbfuncholding.o
    0x0800776c   0x0800776c   0x00000060   Code   RO         2850    i.eMBFuncWriteMultipleCoils  mbfunccoils.o
    0x080077cc   0x080077cc   0x0000004c   Code   RO         2906    i.eMBFuncWriteMultipleHoldingRegister  mbfuncholding.o
    0x08007818   0x08007818   0x000000bc   Code   RO         2734    i.eMBPoll           mb.o
    0x080078d4   0x080078d4   0x0000001e   Code   RO         1389    i.eMBPollTask       embpolltask.o
    0x080078f2   0x080078f2   0x00000002   PAD
    0x080078f4   0x080078f4   0x0000006c   Code   RO         2469    i.eMBRegCoilsCB     port_fm.o
    0x08007960   0x08007960   0x00000044   Code   RO         2470    i.eMBRegDiscreteCB  port_fm.o
    0x080079a4   0x080079a4   0x000000c8   Code   RO         2471    i.eMBRegHoldingCB   port_fm.o
    0x08007a6c   0x08007a6c   0x0000003c   Code   RO         2472    i.eMBRegInputCB     port_fm.o
    0x08007aa8   0x08007aa8   0x00000012   Code   RO         3116    i.eMBTCPDoInit      mbtcp.o
    0x08007aba   0x08007aba   0x00000002   PAD
    0x08007abc   0x08007abc   0x00000054   Code   RO         2736    i.eMBTCPInit        mb.o
    0x08007b10   0x08007b10   0x00000038   Code   RO         3117    i.eMBTCPReceive     mbtcp.o
    0x08007b48   0x08007b48   0x00000020   Code   RO         3118    i.eMBTCPSend        mbtcp.o
    0x08007b68   0x08007b68   0x00000002   Code   RO         3119    i.eMBTCPStart       mbtcp.o
    0x08007b6a   0x08007b6a   0x00000008   Code   RO         3120    i.eMBTCPStop        mbtcp.o
    0x08007b72   0x08007b72   0x00000002   PAD
    0x08007b74   0x08007b74   0x00000018   Code   RO          797    i.fputc             usart.o
    0x08007b8c   0x08007b8c   0x000001e0   Code   RO         1110    i.g_analysisUserCmdSub  netbridgemodbustask.o
    0x08007d6c   0x08007d6c   0x00000078   Code   RO         1459    i.g_atk_AT_MW8266_InitSub  atk_mw8266d.o
    0x08007de4   0x08007de4   0x000000bc   Code   RO         1460    i.g_atk_mw8266d_getApStaIp  atk_mw8266d.o
    0x08007ea0   0x08007ea0   0x00000148   Code   RO         1461    i.g_atk_mw8266d_monitor  atk_mw8266d.o
    0x08007fe8   0x08007fe8   0x00000050   Code   RO         1462    i.g_atk_mw8266d_send_CIPSEND_cmd  atk_mw8266d.o
    0x08008038   0x08008038   0x00000590   Code   RO         1111    i.g_showCmdH        netbridgemodbustask.o
    0x080085c8   0x080085c8   0x0000000e   Code   RO         1749    i.getGAR            w5500.o
    0x080085d6   0x080085d6   0x00000002   PAD
    0x080085d8   0x080085d8   0x0000000c   Code   RO         1751    i.getIINCHIP_TxMAX  w5500.o
    0x080085e4   0x080085e4   0x00000010   Code   RO         1754    i.getSIPR           w5500.o
    0x080085f4   0x080085f4   0x00000010   Code   RO         1755    i.getSUBR           w5500.o
    0x08008604   0x08008604   0x00000010   Code   RO         1756    i.getSn_IR          w5500.o
    0x08008614   0x08008614   0x0000004c   Code   RO         1757    i.getSn_RX_RSR      w5500.o
    0x08008660   0x08008660   0x00000010   Code   RO         1758    i.getSn_SR          w5500.o
    0x08008670   0x08008670   0x0000004c   Code   RO         1759    i.getSn_TX_FSR      w5500.o
    0x080086bc   0x080086bc   0x00000002   Code   RO            3    i.globalVariable    globalvariable.o
    0x080086be   0x080086be   0x00000030   Code   RO         1935    i.listen            socket.o
    0x080086ee   0x080086ee   0x00000002   PAD
    0x080086f0   0x080086f0   0x00000044   Code   RO          344    i.main              main.o
    0x08008734   0x08008734   0x00000034   Code   RO         4210    i.osDelay           cmsis_os2.o
    0x08008768   0x08008768   0x00000034   Code   RO         4224    i.osKernelInitialize  cmsis_os2.o
    0x0800879c   0x0800879c   0x0000003c   Code   RO         4227    i.osKernelStart     cmsis_os2.o
    0x080087d8   0x080087d8   0x0000007c   Code   RO         4230    i.osMessageQueueGet  cmsis_os2.o
    0x08008854   0x08008854   0x00000080   Code   RO         4235    i.osMessageQueueNew  cmsis_os2.o
    0x080088d4   0x080088d4   0x00000080   Code   RO         4236    i.osMessageQueuePut  cmsis_os2.o
    0x08008954   0x08008954   0x00000068   Code   RO         4238    i.osMutexAcquire    cmsis_os2.o
    0x080089bc   0x080089bc   0x0000008c   Code   RO         4241    i.osMutexNew        cmsis_os2.o
    0x08008a48   0x08008a48   0x0000005c   Code   RO         4242    i.osMutexRelease    cmsis_os2.o
    0x08008aa4   0x08008aa4   0x000000b0   Code   RO         4261    i.osThreadNew       cmsis_os2.o
    0x08008b54   0x08008b54   0x00000058   Code   RO         3708    i.prvAddCurrentTaskToDelayedList  tasks.o
    0x08008bac   0x08008bac   0x000000bc   Code   RO         3709    i.prvAddNewTaskToReadyList  tasks.o
    0x08008c68   0x08008c68   0x0000005c   Code   RO         4069    i.prvCheckForValidListAndQueue  timers.o
    0x08008cc4   0x08008cc4   0x00000026   Code   RO         3314    i.prvCopyDataFromQueue  queue.o
    0x08008cea   0x08008cea   0x00000070   Code   RO         3315    i.prvCopyDataToQueue  queue.o
    0x08008d5a   0x08008d5a   0x00000026   Code   RO         3710    i.prvDeleteTCB      tasks.o
    0x08008d80   0x08008d80   0x00000044   Code   RO         4628    i.prvHeapInit       heap_4.o
    0x08008dc4   0x08008dc4   0x0000004c   Code   RO         3711    i.prvIdleTask       tasks.o
    0x08008e10   0x08008e10   0x00000018   Code   RO         3316    i.prvInitialiseMutex  queue.o
    0x08008e28   0x08008e28   0x00000022   Code   RO         3317    i.prvInitialiseNewQueue  queue.o
    0x08008e4a   0x08008e4a   0x00000084   Code   RO         3712    i.prvInitialiseNewTask  tasks.o
    0x08008ece   0x08008ece   0x00000002   PAD
    0x08008ed0   0x08008ed0   0x0000004c   Code   RO         4629    i.prvInsertBlockIntoFreeList  heap_4.o
    0x08008f1c   0x08008f1c   0x00000038   Code   RO         4071    i.prvInsertTimerInActiveList  timers.o
    0x08008f54   0x08008f54   0x0000001c   Code   RO         3318    i.prvIsQueueEmpty   queue.o
    0x08008f70   0x08008f70   0x000000bc   Code   RO         4072    i.prvProcessReceivedCommands  timers.o
    0x0800902c   0x0800902c   0x0000009c   Code   RO         4073    i.prvProcessTimerOrBlockTask  timers.o
    0x080090c8   0x080090c8   0x00000020   Code   RO         3714    i.prvResetNextTaskUnblockTime  tasks.o
    0x080090e8   0x080090e8   0x00000028   Code   RO         4074    i.prvSampleTimeNow  timers.o
    0x08009110   0x08009110   0x00000060   Code   RO         4075    i.prvSwitchTimerLists  timers.o
    0x08009170   0x08009170   0x00000014   Code   RO         4679    i.prvTaskExitError  port.o
    0x08009184   0x08009184   0x00000024   Code   RO         4076    i.prvTimerTask      timers.o
    0x080091a8   0x080091a8   0x00000070   Code   RO         3319    i.prvUnlockQueue    queue.o
    0x08009218   0x08009218   0x00000018   Code   RO         2990    i.prveMBError2Exception  mbutils.o
    0x08009230   0x08009230   0x000000b0   Code   RO         4630    i.pvPortMalloc      heap_4.o
    0x080092e0   0x080092e0   0x00000018   Code   RO         3718    i.pvTaskIncrementMutexHeldCount  tasks.o
    0x080092f8   0x080092f8   0x00000020   Code   RO         4680    i.pxPortInitialiseStack  port.o
    0x08009318   0x08009318   0x000000e4   Code   RO          606    i.readMcuIdForMac   freertos.o
    0x080093fc   0x080093fc   0x0000002e   Code   RO         1936    i.recv              socket.o
    0x0800942a   0x0800942a   0x00000002   PAD
    0x0800942c   0x0800942c   0x00000080   Code   RO         1761    i.recv_data_processing  w5500.o
    0x080094ac   0x080094ac   0x0000002e   Code   RO         1626    i.reset_w5500       w5500_conf.o
    0x080094da   0x080094da   0x00000002   PAD
    0x080094dc   0x080094dc   0x000000b8   Code   RO         1938    i.send              socket.o
    0x08009594   0x08009594   0x00000080   Code   RO         1762    i.send_data_processing  w5500.o
    0x08009614   0x08009614   0x0000006c   Code   RO         1112    i.sendcmdH          netbridgemodbustask.o
    0x08009680   0x08009680   0x0000000e   Code   RO         1763    i.setGAR            w5500.o
    0x0800968e   0x0800968e   0x00000010   Code   RO         1767    i.setSHAR           w5500.o
    0x0800969e   0x0800969e   0x00000010   Code   RO         1768    i.setSIPR           w5500.o
    0x080096ae   0x080096ae   0x00000010   Code   RO         1769    i.setSUBR           w5500.o
    0x080096be   0x080096be   0x00000010   Code   RO         1770    i.setSn_IR          w5500.o
    0x080096ce   0x080096ce   0x00000002   PAD
    0x080096d0   0x080096d0   0x000000f0   Code   RO         1113    i.setTimerxxxxxxx   netbridgemodbustask.o
    0x080097c0   0x080097c0   0x00000230   Code   RO         1627    i.set_w5500_ip      w5500_conf.o
    0x080099f0   0x080099f0   0x0000002c   Code   RO         1628    i.set_w5500_mac     w5500_conf.o
    0x08009a1c   0x08009a1c   0x0000008c   Code   RO         1940    i.socket            socket.o
    0x08009aa8   0x08009aa8   0x0000006c   Code   RO         1773    i.socket_buf_init   w5500.o
    0x08009b14   0x08009b14   0x00000160   Code   RO         1114    i.strDoSubxxx       netbridgemodbustask.o
    0x08009c74   0x08009c74   0x00000048   Code   RO         1463    i.strIptoNum255     atk_mw8266d.o
    0x08009cbc   0x08009cbc   0x00000048   Code   RO         1115    i.strtoNum255       netbridgemodbustask.o
    0x08009d04   0x08009d04   0x00000026   Code   RO         3277    i.uxListRemove      list.o
    0x08009d2a   0x08009d2a   0x00000002   PAD
    0x08009d2c   0x08009d2c   0x00000014   Code   RO         4273    i.vApplicationGetIdleTaskMemory  cmsis_os2.o
    0x08009d40   0x08009d40   0x00000014   Code   RO         4274    i.vApplicationGetTimerTaskMemory  cmsis_os2.o
    0x08009d54   0x08009d54   0x00000016   Code   RO         3278    i.vListInitialise   list.o
    0x08009d6a   0x08009d6a   0x00000006   Code   RO         3279    i.vListInitialiseItem  list.o
    0x08009d70   0x08009d70   0x00000030   Code   RO         3280    i.vListInsert       list.o
    0x08009da0   0x08009da0   0x00000018   Code   RO         3281    i.vListInsertEnd    list.o
    0x08009db8   0x08009db8   0x00000002   Code   RO         2538    i.vMBTCPPortDisable  porttcp.o
    0x08009dba   0x08009dba   0x00000002   PAD
    0x08009dbc   0x08009dbc   0x00000018   Code   RO         4682    i.vPortEnterCritical  port.o
    0x08009dd4   0x08009dd4   0x0000001c   Code   RO         4683    i.vPortExitCritical  port.o
    0x08009df0   0x08009df0   0x00000044   Code   RO         4631    i.vPortFree         heap_4.o
    0x08009e34   0x08009e34   0x00000018   Code   RO         4684    i.vPortYield        port.o
    0x08009e4c   0x08009e4c   0x00000024   Code   RO         3325    i.vQueueAddToRegistry  queue.o
    0x08009e70   0x08009e70   0x00000044   Code   RO         3329    i.vQueueWaitForMessageRestricted  queue.o
    0x08009eb4   0x08009eb4   0x00000030   Code   RO         3727    i.vTaskDelay        tasks.o
    0x08009ee4   0x08009ee4   0x00000010   Code   RO         3732    i.vTaskInternalSetTimeOutState  tasks.o
    0x08009ef4   0x08009ef4   0x0000000c   Code   RO         3733    i.vTaskMissedYield  tasks.o
    0x08009f00   0x08009f00   0x00000024   Code   RO         3735    i.vTaskPlaceOnEventList  tasks.o
    0x08009f24   0x08009f24   0x00000030   Code   RO         3736    i.vTaskPlaceOnEventListRestricted  tasks.o
    0x08009f54   0x08009f54   0x00000070   Code   RO         3738    i.vTaskPriorityDisinheritAfterTimeout  tasks.o
    0x08009fc4   0x08009fc4   0x00000068   Code   RO         3744    i.vTaskStartScheduler  tasks.o
    0x0800a02c   0x0800a02c   0x00000010   Code   RO         3746    i.vTaskSuspendAll   tasks.o
    0x0800a03c   0x0800a03c   0x00000058   Code   RO         3747    i.vTaskSwitchContext  tasks.o
    0x0800a094   0x0800a094   0x00000024   Code   RO         1629    i.wiz_cs            w5500_conf.o
    0x0800a0b8   0x0800a0b8   0x00000068   Code   RO         1630    i.wiz_read_buf      w5500_conf.o
    0x0800a120   0x0800a120   0x00000068   Code   RO         1631    i.wiz_write_buf     w5500_conf.o
    0x0800a188   0x0800a188   0x0000001c   Code   RO         2696    i.xMBPortEventGet   portevent.o
    0x0800a1a4   0x0800a1a4   0x00000010   Code   RO         2697    i.xMBPortEventInit  portevent.o
    0x0800a1b4   0x0800a1b4   0x00000010   Code   RO         2698    i.xMBPortEventPost  portevent.o
    0x0800a1c4   0x0800a1c4   0x0000001c   Code   RO         2539    i.xMBTCPPortGetRequest  porttcp.o
    0x0800a1e0   0x0800a1e0   0x00000004   Code   RO         2540    i.xMBTCPPortInit    porttcp.o
    0x0800a1e4   0x0800a1e4   0x00000114   Code   RO         2541    i.xMBTCPPortSendResponse  porttcp.o
    0x0800a2f8   0x0800a2f8   0x00000020   Code   RO         2991    i.xMBUtilGetBits    mbutils.o
    0x0800a318   0x0800a318   0x00000030   Code   RO         2992    i.xMBUtilSetBits    mbutils.o
    0x0800a348   0x0800a348   0x00000050   Code   RO         4685    i.xPortStartScheduler  port.o
    0x0800a398   0x0800a398   0x00000024   Code   RO         4686    i.xPortSysTickHandler  port.o
    0x0800a3bc   0x0800a3bc   0x00000016   Code   RO         3332    i.xQueueCreateMutex  queue.o
    0x0800a3d2   0x0800a3d2   0x0000001a   Code   RO         3333    i.xQueueCreateMutexStatic  queue.o
    0x0800a3ec   0x0800a3ec   0x0000003c   Code   RO         3334    i.xQueueGenericCreate  queue.o
    0x0800a428   0x0800a428   0x00000040   Code   RO         3335    i.xQueueGenericCreateStatic  queue.o
    0x0800a468   0x0800a468   0x0000006c   Code   RO         3336    i.xQueueGenericReset  queue.o
    0x0800a4d4   0x0800a4d4   0x00000118   Code   RO         3337    i.xQueueGenericSend  queue.o
    0x0800a5ec   0x0800a5ec   0x0000008c   Code   RO         3338    i.xQueueGenericSendFromISR  queue.o
    0x0800a678   0x0800a678   0x00000032   Code   RO         3342    i.xQueueGiveMutexRecursive  queue.o
    0x0800a6aa   0x0800a6aa   0x00000102   Code   RO         3347    i.xQueueReceive     queue.o
    0x0800a7ac   0x0800a7ac   0x00000078   Code   RO         3348    i.xQueueReceiveFromISR  queue.o
    0x0800a824   0x0800a824   0x00000140   Code   RO         3349    i.xQueueSemaphoreTake  queue.o
    0x0800a964   0x0800a964   0x00000034   Code   RO         3350    i.xQueueTakeMutexRecursive  queue.o
    0x0800a998   0x0800a998   0x0000005c   Code   RO         3748    i.xTaskCheckForTimeOut  tasks.o
    0x0800a9f4   0x0800a9f4   0x00000052   Code   RO         3749    i.xTaskCreate       tasks.o
    0x0800aa46   0x0800aa46   0x00000044   Code   RO         3750    i.xTaskCreateStatic  tasks.o
    0x0800aa8a   0x0800aa8a   0x00000002   PAD
    0x0800aa8c   0x0800aa8c   0x0000000c   Code   RO         3753    i.xTaskGetCurrentTaskHandle  tasks.o
    0x0800aa98   0x0800aa98   0x00000020   Code   RO         3755    i.xTaskGetSchedulerState  tasks.o
    0x0800aab8   0x0800aab8   0x0000000c   Code   RO         3756    i.xTaskGetTickCount  tasks.o
    0x0800aac4   0x0800aac4   0x000000bc   Code   RO         3758    i.xTaskIncrementTick  tasks.o
    0x0800ab80   0x0800ab80   0x00000068   Code   RO         3761    i.xTaskPriorityDisinherit  tasks.o
    0x0800abe8   0x0800abe8   0x00000078   Code   RO         3762    i.xTaskPriorityInherit  tasks.o
    0x0800ac60   0x0800ac60   0x00000064   Code   RO         3763    i.xTaskRemoveFromEventList  tasks.o
    0x0800acc4   0x0800acc4   0x000000b0   Code   RO         3764    i.xTaskResumeAll    tasks.o
    0x0800ad74   0x0800ad74   0x00000058   Code   RO         4083    i.xTimerCreateTimerTask  timers.o
    0x0800adcc   0x0800adcc   0x00000054   Code   RO         4084    i.xTimerGenericCommand  timers.o
    0x0800ae20   0x0800ae20   0x00000025   Data   RO            9    .constdata          globalvariable.o
    0x0800ae45   0x0800ae45   0x00000019   Data   RO           10    .constdata          globalvariable.o
    0x0800ae5e   0x0800ae5e   0x0000002d   Data   RO           11    .constdata          globalvariable.o
    0x0800ae8b   0x0800ae8b   0x0000003a   Data   RO           12    .constdata          globalvariable.o
    0x0800aec5   0x0800aec5   0x00000026   Data   RO           13    .constdata          globalvariable.o
    0x0800aeeb   0x0800aeeb   0x00000026   Data   RO           14    .constdata          globalvariable.o
    0x0800af11   0x0800af11   0x00000026   Data   RO           15    .constdata          globalvariable.o
    0x0800af37   0x0800af37   0x00000026   Data   RO           16    .constdata          globalvariable.o
    0x0800af5d   0x0800af5d   0x00000026   Data   RO           17    .constdata          globalvariable.o
    0x0800af83   0x0800af83   0x00000026   Data   RO           18    .constdata          globalvariable.o
    0x0800afa9   0x0800afa9   0x00000026   Data   RO           19    .constdata          globalvariable.o
    0x0800afcf   0x0800afcf   0x00000026   Data   RO           20    .constdata          globalvariable.o
    0x0800aff5   0x0800aff5   0x00000026   Data   RO           21    .constdata          globalvariable.o
    0x0800b01b   0x0800b01b   0x00000027   Data   RO           22    .constdata          globalvariable.o
    0x0800b042   0x0800b042   0x00000027   Data   RO           23    .constdata          globalvariable.o
    0x0800b069   0x0800b069   0x00000027   Data   RO           24    .constdata          globalvariable.o
    0x0800b090   0x0800b090   0x00000027   Data   RO           25    .constdata          globalvariable.o
    0x0800b0b7   0x0800b0b7   0x00000027   Data   RO           26    .constdata          globalvariable.o
    0x0800b0de   0x0800b0de   0x00000027   Data   RO           27    .constdata          globalvariable.o
    0x0800b105   0x0800b105   0x00000027   Data   RO           28    .constdata          globalvariable.o
    0x0800b12c   0x0800b12c   0x00000027   Data   RO           29    .constdata          globalvariable.o
    0x0800b153   0x0800b153   0x00000027   Data   RO           30    .constdata          globalvariable.o
    0x0800b17a   0x0800b17a   0x00000027   Data   RO           31    .constdata          globalvariable.o
    0x0800b1a1   0x0800b1a1   0x00000027   Data   RO           32    .constdata          globalvariable.o
    0x0800b1c8   0x0800b1c8   0x00000027   Data   RO           33    .constdata          globalvariable.o
    0x0800b1ef   0x0800b1ef   0x00000027   Data   RO           34    .constdata          globalvariable.o
    0x0800b216   0x0800b216   0x00000027   Data   RO           35    .constdata          globalvariable.o
    0x0800b23d   0x0800b23d   0x00000027   Data   RO           36    .constdata          globalvariable.o
    0x0800b264   0x0800b264   0x00000027   Data   RO           37    .constdata          globalvariable.o
    0x0800b28b   0x0800b28b   0x00000027   Data   RO           38    .constdata          globalvariable.o
    0x0800b2b2   0x0800b2b2   0x00000028   Data   RO           39    .constdata          globalvariable.o
    0x0800b2da   0x0800b2da   0x00000028   Data   RO           40    .constdata          globalvariable.o
    0x0800b302   0x0800b302   0x00000028   Data   RO           41    .constdata          globalvariable.o
    0x0800b32a   0x0800b32a   0x00000028   Data   RO           42    .constdata          globalvariable.o
    0x0800b352   0x0800b352   0x00000002   PAD
    0x0800b354   0x0800b354   0x000000ac   Data   RO          608    .constdata          freertos.o
    0x0800b400   0x0800b400   0x00000024   Data   RO          999    .constdata          keytask.o
    0x0800b424   0x0800b424   0x00000024   Data   RO         1048    .constdata          diabctask.o
    0x0800b448   0x0800b448   0x00000024   Data   RO         1076    .constdata          keytimertask.o
    0x0800b46c   0x0800b46c   0x00000024   Data   RO         1117    .constdata          netbridgemodbustask.o
    0x0800b490   0x0800b490   0x00000640   Data   RO         1118    .constdata          netbridgemodbustask.o
    0x0800bad0   0x0800bad0   0x00000024   Data   RO         1226    .constdata          wifitask.o
    0x0800baf4   0x0800baf4   0x00000024   Data   RO         1257    .constdata          w5500task.o
    0x0800bb18   0x0800bb18   0x00000024   Data   RO         1299    .constdata          wifisendtask.o
    0x0800bb3c   0x0800bb3c   0x00000024   Data   RO         1327    .constdata          w5500sendtask.o
    0x0800bb60   0x0800bb60   0x00000024   Data   RO         1357    .constdata          powerdowndotask.o
    0x0800bb84   0x0800bb84   0x00000024   Data   RO         1390    .constdata          embpolltask.o
    0x0800bba8   0x0800bba8   0x00000028   Data   RO         1466    .constdata          atk_mw8266d.o
    0x0800bbd0   0x0800bbd0   0x00000020   Data   RO         4757    .constdata          stm32f0xx_hal_rcc.o
    0x0800bbf0   0x0800bbf0   0x00000010   Data   RO         7874    .constdata          system_stm32f0xx.o
    0x0800bc00   0x0800bc00   0x00000008   Data   RO         7875    .constdata          system_stm32f0xx.o
    0x0800bc08   0x0800bc08   0x00000094   Data   RO          609    .conststring        freertos.o
    0x0800bc9c   0x0800bc9c   0x0000000a   Data   RO         1000    .conststring        keytask.o
    0x0800bca6   0x0800bca6   0x00000002   PAD
    0x0800bca8   0x0800bca8   0x0000000c   Data   RO         1049    .conststring        diabctask.o
    0x0800bcb4   0x0800bcb4   0x0000000f   Data   RO         1077    .conststring        keytimertask.o
    0x0800bcc3   0x0800bcc3   0x00000001   PAD
    0x0800bcc4   0x0800bcc4   0x00000012   Data   RO         1119    .conststring        netbridgemodbustask.o
    0x0800bcd6   0x0800bcd6   0x00000002   PAD
    0x0800bcd8   0x0800bcd8   0x0000000b   Data   RO         1227    .conststring        wifitask.o
    0x0800bce3   0x0800bce3   0x00000001   PAD
    0x0800bce4   0x0800bce4   0x0000000c   Data   RO         1258    .conststring        w5500task.o
    0x0800bcf0   0x0800bcf0   0x0000000f   Data   RO         1300    .conststring        wifisendtask.o
    0x0800bcff   0x0800bcff   0x00000001   PAD
    0x0800bd00   0x0800bd00   0x00000010   Data   RO         1328    .conststring        w5500sendtask.o
    0x0800bd10   0x0800bd10   0x00000012   Data   RO         1358    .conststring        powerdowndotask.o
    0x0800bd22   0x0800bd22   0x00000002   PAD
    0x0800bd24   0x0800bd24   0x0000000e   Data   RO         1391    .conststring        embpolltask.o
    0x0800bd32   0x0800bd32   0x00000002   PAD
    0x0800bd34   0x0800bd34   0x00000020   Data   RO         8238    Region$$Table       anon$$obj.o


    Execution Region RW_IRAM1 (Exec base: 0x20000000, Load base: 0x0800bd54, Size: 0x00006c10, Max: 0x00008000, ABSOLUTE, COMPRESSED[0x000000b8])

    Exec Addr    Load Addr    Size         Type   Attr      Idx    E Section Name        Object

    0x20000000   COMPRESSED   0x00000008   Data   RW           43    .data               globalvariable.o
    0x20000008   COMPRESSED   0x00000001   Data   RW           44    .data               globalvariable.o
    0x20000009   COMPRESSED   0x00000001   Data   RW           45    .data               globalvariable.o
    0x2000000a   COMPRESSED   0x00000001   Data   RW           46    .data               globalvariable.o
    0x2000000b   COMPRESSED   0x00000001   Data   RW           47    .data               globalvariable.o
    0x2000000c   COMPRESSED   0x00000001   Data   RW           48    .data               globalvariable.o
    0x2000000d   COMPRESSED   0x00000014   Data   RW           49    .data               globalvariable.o
    0x20000021   COMPRESSED   0x00000014   Data   RW           50    .data               globalvariable.o
    0x20000035   COMPRESSED   0x00000004   Data   RW           51    .data               globalvariable.o
    0x20000039   COMPRESSED   0x00000004   Data   RW           52    .data               globalvariable.o
    0x2000003d   COMPRESSED   0x00000004   Data   RW           53    .data               globalvariable.o
    0x20000041   COMPRESSED   0x0000001e   Data   RW           54    .data               globalvariable.o
    0x2000005f   COMPRESSED   0x00000014   Data   RW           55    .data               globalvariable.o
    0x20000073   COMPRESSED   0x00000004   Data   RW           56    .data               globalvariable.o
    0x20000077   COMPRESSED   0x00000004   Data   RW           57    .data               globalvariable.o
    0x2000007b   COMPRESSED   0x00000004   Data   RW           58    .data               globalvariable.o
    0x2000007f   COMPRESSED   0x00000004   Data   RW           59    .data               globalvariable.o
    0x20000083   COMPRESSED   0x00000014   Data   RW           60    .data               globalvariable.o
    0x20000097   COMPRESSED   0x00000004   Data   RW           61    .data               globalvariable.o
    0x2000009b   COMPRESSED   0x00000004   Data   RW           62    .data               globalvariable.o
    0x2000009f   COMPRESSED   0x00000004   Data   RW           63    .data               globalvariable.o
    0x200000a3   COMPRESSED   0x00000006   Data   RW           64    .data               globalvariable.o
    0x200000a9   COMPRESSED   0x00000004   Data   RW           65    .data               globalvariable.o
    0x200000ad   COMPRESSED   0x00000001   PAD
    0x200000ae   COMPRESSED   0x00000002   Data   RW           66    .data               globalvariable.o
    0x200000b0   COMPRESSED   0x00000001   Data   RW           67    .data               globalvariable.o
    0x200000b1   COMPRESSED   0x00000001   Data   RW           68    .data               globalvariable.o
    0x200000b2   COMPRESSED   0x00000008   Data   RW           69    .data               globalvariable.o
    0x200000ba   COMPRESSED   0x00000008   Data   RW           70    .data               globalvariable.o
    0x200000c2   COMPRESSED   0x00000001   Data   RW           71    .data               globalvariable.o
    0x200000c3   COMPRESSED   0x00000001   Data   RW           72    .data               globalvariable.o
    0x200000c4   COMPRESSED   0x00000001   Data   RW           73    .data               globalvariable.o
    0x200000c5   COMPRESSED   0x00000001   Data   RW           74    .data               globalvariable.o
    0x200000c6   COMPRESSED   0x00000001   Data   RW           75    .data               globalvariable.o
    0x200000c7   COMPRESSED   0x00000001   Data   RW           76    .data               globalvariable.o
    0x200000c8   COMPRESSED   0x00000028   Data   RW          614    .data               freertos.o
    0x200000f0   COMPRESSED   0x0000000c   Data   RW         1001    .data               keytask.o
    0x200000fc   COMPRESSED   0x00000004   Data   RW         1002    .data               keytask.o
    0x20000100   COMPRESSED   0x00000004   Data   RW         1050    .data               diabctask.o
    0x20000104   COMPRESSED   0x00000004   Data   RW         1078    .data               keytimertask.o
    0x20000108   COMPRESSED   0x00000004   Data   RW         1120    .data               netbridgemodbustask.o
    0x2000010c   COMPRESSED   0x00000004   Data   RW         1121    .data               netbridgemodbustask.o
    0x20000110   COMPRESSED   0x00000004   Data   RW         1228    .data               wifitask.o
    0x20000114   COMPRESSED   0x00000004   Data   RW         1259    .data               w5500task.o
    0x20000118   COMPRESSED   0x00000004   Data   RW         1301    .data               wifisendtask.o
    0x2000011c   COMPRESSED   0x00000004   Data   RW         1329    .data               w5500sendtask.o
    0x20000120   COMPRESSED   0x00000004   Data   RW         1359    .data               powerdowndotask.o
    0x20000124   COMPRESSED   0x00000004   Data   RW         1392    .data               embpolltask.o
    0x20000128   COMPRESSED   0x00000014   Data   RW         1467    .data               atk_mw8266d.o
    0x2000013c   COMPRESSED   0x0000000c   Data   RW         1634    .data               w5500_conf.o
    0x20000148   COMPRESSED   0x00000008   Data   RW         1775    .data               w5500.o
    0x20000150   COMPRESSED   0x00000008   Data   RW         1776    .data               w5500.o
    0x20000158   COMPRESSED   0x00000001   Data   RW         2240    .data               tcp_dowithsub.o
    0x20000159   COMPRESSED   0x00000001   PAD
    0x2000015a   COMPRESSED   0x00000008   Data   RW         2474    .data               port_fm.o
    0x20000162   COMPRESSED   0x00000002   Data   RW         2544    .data               porttcp.o
    0x20000164   COMPRESSED   0x00000002   Data   RW         2699    .data               portevent.o
    0x20000166   COMPRESSED   0x00000002   PAD
    0x20000168   COMPRESSED   0x000000a0   Data   RW         2737    .data               mb.o
    0x20000208   COMPRESSED   0x00000002   Data   RW         2964    .data               mbfuncother.o
    0x2000020a   COMPRESSED   0x00000002   PAD
    0x2000020c   COMPRESSED   0x0000003c   Data   RW         3767    .data               tasks.o
    0x20000248   COMPRESSED   0x00000014   Data   RW         4092    .data               timers.o
    0x2000025c   COMPRESSED   0x00000004   Data   RW         4276    .data               cmsis_os2.o
    0x20000260   COMPRESSED   0x00000018   Data   RW         4636    .data               heap_4.o
    0x20000278   COMPRESSED   0x00000004   Data   RW         4687    .data               port.o
    0x2000027c   COMPRESSED   0x0000000c   Data   RW         4894    .data               stm32f0xx_hal.o
    0x20000288   COMPRESSED   0x00000004   Data   RW         7876    .data               system_stm32f0xx.o
    0x2000028c   COMPRESSED   0x00000004   Data   RW         7932    .data               mc_p.l(strtok.o)
    0x20000290   COMPRESSED   0x00000004   Data   RW         8216    .data               mc_p.l(stdout.o)
    0x20000294        -       0x0000000c   Zero   RW            4    .bss                globalvariable.o
    0x200002a0        -       0x0000000c   Zero   RW            5    .bss                globalvariable.o
    0x200002ac        -       0x00000020   Zero   RW            6    .bss                globalvariable.o
    0x200002cc        -       0x0000016e   Zero   RW            7    .bss                globalvariable.o
    0x2000043a        -       0x0000016e   Zero   RW            8    .bss                globalvariable.o
    0x200005a8        -       0x00000020   Zero   RW          607    .bss                freertos.o
    0x200005c8        -       0x00000054   Zero   RW          674    .bss                i2c.o
    0x2000061c        -       0x000000c8   Zero   RW          713    .bss                spi.o
    0x200006e4        -       0x00000048   Zero   RW          756    .bss                tim.o
    0x2000072c        -       0x00000110   Zero   RW          798    .bss                usart.o
    0x2000083c        -       0x0000000c   Zero   RW         1116    .bss                netbridgemodbustask.o
    0x20000848        -       0x00000014   Zero   RW         1356    .bss                powerdowndotask.o
    0x2000085c        -       0x000003e8   Zero   RW         1464    .bss                atk_mw8266d.o
    0x20000c44        -       0x00000147   Zero   RW         1559    .bss                atk_mw8266d_uart.o
    0x20000d8b        -       0x0000002e   Zero   RW         1633    .bss                w5500_conf.o
    0x20000db9   COMPRESSED   0x00000001   PAD
    0x20000dba        -       0x00000020   Zero   RW         1774    .bss                w5500.o
    0x20000dda        -       0x00000016   Zero   RW         2154    .bss                dhcp.o
    0x20000df0        -       0x0000006e   Zero   RW         2239    .bss                tcp_dowithsub.o
    0x20000e5e        -       0x00001000   Zero   RW         2288    .bss                w25q64.o
    0x20001e5e        -       0x00000030   Zero   RW         2473    .bss                port_fm.o
    0x20001e8e        -       0x0000006b   Zero   RW         2542    .bss                porttcp.o
    0x20001ef9        -       0x00000020   Zero   RW         2963    .bss                mbfuncother.o
    0x20001f19   COMPRESSED   0x00000003   PAD
    0x20001f1c        -       0x00000040   Zero   RW         3351    .bss                queue.o
    0x20001f5c        -       0x000004c4   Zero   RW         3766    .bss                tasks.o
    0x20002420        -       0x00000118   Zero   RW         4091    .bss                timers.o
    0x20002538        -       0x000004d8   Zero   RW         4275    .bss                cmsis_os2.o
    0x20002a10        -       0x00003c00   Zero   RW         4635    .bss                heap_4.o
    0x20006610        -       0x00000600   Zero   RW          333    STACK               startup_stm32f030xc.o


==============================================================================

Image component sizes


      Code (inc. data)   RO Data    RW Data    ZI Data      Debug   Object Name

      2696       1026         40         20       1000      10736   atk_mw8266d.o
       264         36          0          0        327       3443   atk_mw8266d_uart.o
       542         68          0          0          0       6175   bl8025.o
      1096         66          0          4       1240      21813   cmsis_os2.o
       448        208          0          0          0        640   coco_startostasksub.o
         0          0          0          0         22       4440   dhcp.o
       276         24         48          4          0       1243   diabctask.o
        30          0         50          4          0       1057   embpolltask.o
         0          0          0          0          0      10996   event_groups.o
      4376       1554        320         40         32       8072   freertos.o
         2          0       1330        199        788     296154   globalvariable.o
       272         26          0          0          0     304107   gpio.o
       388         22          0         24      15360       4015   heap_4.o
       192         26          0          0         84       1517   i2c.o
       820        102         46         16          0       3947   keytask.o
       108         16         51          4          0       1180   keytimertask.o
       138          0          0          0          0       3202   list.o
       196          4          0          0          0       8435   main.o
       304         28          0        160          0       5803   mb.o
       290          8          0          0          0       3650   mbfunccoils.o
       112          6          0          0          0       1520   mbfuncdisc.o
       364          0          0          0          0       5035   mbfuncholding.o
        90          0          0          0          0       1519   mbfuncinput.o
        36         10          0          2         32       1331   mbfuncother.o
       116          0          0          0          0       3411   mbtcp.o
       104          0          0          0          0       2490   mbutils.o
      6714       2452       1654          8         12      16796   netbridgemodbustask.o
       366         58          0          4          0       6592   port.o
       436         48          0          8         48       5269   port_fm.o
        60         14          0          2          0       2024   portevent.o
       310         94          0          2        107       4506   porttcp.o
       304         36         54          4         20       1771   powerdowndotask.o
      1952          4          0          0         64      21731   queue.o
       460         28          0          0          0       4304   socket.o
       292         34          0          0        200       2122   spi.o
        28          8        184          0       1536        572   startup_stm32f030xc.o
       152         38          0         12          0       8219   stm32f0xx_hal.o
       176         34          0          0          0      10728   stm32f0xx_hal_cortex.o
       136          0          0          0          0       1659   stm32f0xx_hal_dma.o
       442         24          0          0          0       2643   stm32f0xx_hal_gpio.o
      1956         46          0          0          0      12814   stm32f0xx_hal_i2c.o
       146          0          0          0          0       1823   stm32f0xx_hal_i2c_ex.o
        48          4          0          0          0        770   stm32f0xx_hal_msp.o
      1324         60         32          0          0       4461   stm32f0xx_hal_rcc.o
       232         14          0          0          0       1308   stm32f0xx_hal_rcc_ex.o
      1218          8          0          0          0       6301   stm32f0xx_hal_spi.o
       570         24          0          0          0       5477   stm32f0xx_hal_tim.o
         4          0          0          0          0       1493   stm32f0xx_hal_tim_ex.o
      2222         64          0          0          0      16133   stm32f0xx_hal_uart.o
        60         10          0          0          0       7556   stm32f0xx_it.o
         0          0          0          0          0       8936   stream_buffer.o
         2          0         24          4          0       1031   system_stm32f0xx.o
      2044        184          0         60       1220      23141   tasks.o
       456        176          0          1        110       1361   tcp_dowithsub.o
       100         16          0          0         72       1382   tim.o
       836         74          0         20        280       8819   timers.o
       396         48          0          0        272      12755   usart.o
      1022        204          0          0       4096       9112   w25q64.o
       684        122          0         16         32       9192   w5500.o
      1092        330          0         12         46       9654   w5500_conf.o
       116         10         52          4          0       1219   w5500sendtask.o
       100         50         48          4          0       1123   w5500task.o
       184         32         51          4          0       1228   wifisendtask.o
       236        102         47          4          0       1180   wifitask.o

    ----------------------------------------------------------------------
     40190       7680       4076        652      27004     953136   Object Totals
         0          0         32          0          0          0   (incl. Generated)
        54          0         13          6          4          0   (incl. Padding)

    ----------------------------------------------------------------------

      Code (inc. data)   RO Data    RW Data    ZI Data      Debug   Library Member Name

        86          0          0          0          0          0   __dczerorl2.o
         0          0          0          0          0          0   entry.o
         0          0          0          0          0          0   entry10a.o
         0          0          0          0          0          0   entry11a.o
         4          0          0          0          0          0   entry12b.o
         8          4          0          0          0          0   entry2.o
         4          0          0          0          0          0   entry5.o
         0          0          0          0          0          0   entry7b.o
         0          0          0          0          0          0   entry8b.o
         8          4          0          0          0          0   entry9a.o
        30          0          0          0          0          0   handlers.o
        36          8          0          0          0         68   init.o
         0          0          0          0          0          0   iusefp.o
        32          0          0          0          0         68   llshl.o
        38          0          0          0          0         68   llsshr.o
        34          0          0          0          0         68   llushr.o
        36          0          0          0          0         60   memcpya.o
        36          0          0          0          0        100   memseta.o
      2412        112          0          0          0        760   printfa.o
         0          0          0          4          0          0   stdout.o
        18          0          0          0          0         60   strcpy.o
        14          0          0          0          0         60   strlen.o
        40          0          0          0          0         72   strstr.o
        72          4          0          4          0         72   strtok.o
        44          0          0          0          0         72   uidiv.o
        96          0          0          0          0         84   uldiv.o
        40          2          0          0          0         68   cdrcmple.o
       360          6          0          0          0        140   dadd.o
       240          6          0          0          0         84   ddiv.o
       236          0          0          0          0        216   depilogue.o
        64         10          0          0          0         68   dfixul.o
       208          6          0          0          0         88   dmul.o

    ----------------------------------------------------------------------
      4202        162          0          8          0       2276   Library Totals
         6          0          0          0          0          0   (incl. Padding)

    ----------------------------------------------------------------------

      Code (inc. data)   RO Data    RW Data    ZI Data      Debug   Library Name

      3048        132          0          8          0       1612   mc_p.l
      1148         30          0          0          0        664   mf_p.l

    ----------------------------------------------------------------------
      4202        162          0          8          0       2276   Library Totals

    ----------------------------------------------------------------------

==============================================================================


      Code (inc. data)   RO Data    RW Data    ZI Data      Debug   

     44392       7842       4076        660      27004     940924   Grand Totals
     44392       7842       4076        184      27004     940924   ELF Image Totals (compressed)
     44392       7842       4076        184          0          0   ROM Totals

==============================================================================

    Total RO  Size (Code + RO Data)                48468 (  47.33kB)
    Total RW  Size (RW Data + ZI Data)             27664 (  27.02kB)
    Total ROM Size (Code + RO Data + RW Data)      48652 (  47.51kB)

==============================================================================

